=== episodic-gen invocation: 2026-06-05T11:59:39Z ===
task_id: T-009
FRAMEWORK_ROOT: /opt/832-Workflow-designer/.agentic-framework
PROJECT_ROOT: /opt/832-Workflow-designer
CONTEXT_DIR: /opt/832-Workflow-designer/.context
CONTEXT_AGENT: /opt/832-Workflow-designer/.agentic-framework/agents/context/context.sh
cwd: /opt/832-Workflow-designer
--- context.sh output ---
Episodic generated: /opt/832-Workflow-designer/.context/episodic/T-009.yaml

  Status: ✓ complete (Auto-generated)
  Task: Finalize T-002 relocation; verify Watchtower inception-decide file-move (F7)
  Duration: 0 days (2 min)
  Updates: 2
  Commits: 1
  Lines: +472 -21 across 14 files
  Outcomes: 3 AC checked
  Artifacts: 15 files tracked
  Decisions: recorded from task file

Source: /opt/832-Workflow-designer/.tasks/completed/T-009-finalize-t-002-relocation-verify-watchto.md
--- exit code: 0 ---
