=== episodic-gen invocation: 2026-07-10T09:54:27Z ===
task_id: T-016
FRAMEWORK_ROOT: /opt/832-Workflow-designer/.agentic-framework
PROJECT_ROOT: /opt/832-Workflow-designer
CONTEXT_DIR: /opt/832-Workflow-designer/.context
CONTEXT_AGENT: /opt/832-Workflow-designer/.agentic-framework/agents/context/context.sh
cwd: /opt/832-Workflow-designer
--- context.sh output ---
Episodic generated: /opt/832-Workflow-designer/.context/episodic/T-016.yaml

  Status: ✓ complete (Auto-generated)
  Task: Provision OneDev repo + GitHub cascade for Workflow Designer via ring20-management
  Duration: 8 days (11094 min)
  Updates: 2
  Commits: 5
  Lines: +605 -7 across 4 files
  Outcomes: 5 AC checked
  Artifacts: 4 files tracked
  Decisions: recorded from task file

Source: /opt/832-Workflow-designer/.tasks/completed/T-016-provision-onedev-repo--github-cascade-fo.md
--- exit code: 0 ---
