=== episodic-gen invocation: 2026-06-05T15:35:49Z ===
task_id: T-012
FRAMEWORK_ROOT: /opt/832-Workflow-designer/.agentic-framework
PROJECT_ROOT: /opt/832-Workflow-designer
CONTEXT_DIR: /opt/832-Workflow-designer/.context
CONTEXT_AGENT: /opt/832-Workflow-designer/.agentic-framework/agents/context/context.sh
cwd: /opt/832-Workflow-designer
--- context.sh output ---
Episodic generated: /opt/832-Workflow-designer/.context/episodic/T-012.yaml

  Status: ✓ complete (Auto-generated)
  Task: Promote seed designer artifact into canonical repo structure
  Duration: 0 days (8 min)
  Updates: 2
  Commits: 1
  Lines: +54 -30 across 9 files
  Outcomes: 5 AC checked
  Artifacts: 14 files tracked
  Decisions: recorded from task file

Source: /opt/832-Workflow-designer/.tasks/completed/T-012-promote-seed-designer-artifact-into-cano.md
--- exit code: 0 ---
