=== episodic-gen invocation: 2026-06-05T15:08:44Z ===
task_id: T-011
FRAMEWORK_ROOT: /opt/832-Workflow-designer/.agentic-framework
PROJECT_ROOT: /opt/832-Workflow-designer
CONTEXT_DIR: /opt/832-Workflow-designer/.context
CONTEXT_AGENT: /opt/832-Workflow-designer/.agentic-framework/agents/context/context.sh
cwd: /opt/832-Workflow-designer
--- context.sh output ---
Episodic generated: /opt/832-Workflow-designer/.context/episodic/T-011.yaml

  Status: ✓ complete (Auto-generated)
  Task: Register systemic vendoring-incompleteness concern (F2/F4 + cross-project corroboration)
  Duration: 0 days (3 min)
  Updates: 2
  Commits: 1
  Lines: +503 -50 across 13 files
  Outcomes: 4 AC checked
  Artifacts: 13 files tracked
  Decisions: recorded from task file

Source: /opt/832-Workflow-designer/.tasks/completed/T-011-register-systemic-vendoring-incompletene.md
--- exit code: 0 ---
