=== episodic-gen invocation: 2026-06-08T23:13:37Z ===
task_id: T-014
FRAMEWORK_ROOT: /opt/832-Workflow-designer/.agentic-framework
PROJECT_ROOT: /opt/832-Workflow-designer
CONTEXT_DIR: /opt/832-Workflow-designer/.context
CONTEXT_AGENT: /opt/832-Workflow-designer/.agentic-framework/agents/context/context.sh
cwd: /opt/832-Workflow-designer
--- context.sh output ---
Episodic generated: /opt/832-Workflow-designer/.context/episodic/T-014.yaml

  Status: ✓ complete (Auto-generated)
  Task: AEF setup verification and audit cleanup
  Duration: 0 days (21 min)
  Updates: 2
  Commits: 6
  Lines: +14115 -383 across 292 files
  Outcomes: 5 AC checked
  Challenges: 2 detected from git
  Artifacts: 292 files tracked
  Decisions: recorded from task file

Source: /opt/832-Workflow-designer/.tasks/completed/T-014-aef-setup-verification-and-audit-cleanup.md
--- exit code: 0 ---
