=== episodic-gen invocation: 2026-06-05T15:30:07Z ===
task_id: T-013
FRAMEWORK_ROOT: /opt/832-Workflow-designer/.agentic-framework
PROJECT_ROOT: /opt/832-Workflow-designer
CONTEXT_DIR: /opt/832-Workflow-designer/.context
CONTEXT_AGENT: /opt/832-Workflow-designer/.agentic-framework/agents/context/context.sh
cwd: /opt/832-Workflow-designer
--- context.sh output ---
Episodic generated: /opt/832-Workflow-designer/.context/episodic/T-013.yaml

  Status: ✓ complete (Auto-generated)
  Task: Write framework-integration pickup prompt (incorporate Workflow Designer into framework)
  Duration: 0 days (1 min)
  Updates: 2
  Commits: 1
  Lines: +518 -15 across 10 files
  Outcomes: 4 AC checked
  Artifacts: 10 files tracked
  Decisions: recorded from task file

Source: /opt/832-Workflow-designer/.tasks/completed/T-013-write-framework-integration-pickup-promp.md
--- exit code: 0 ---
