=== episodic-gen invocation: 2026-07-04T22:31:07Z ===
task_id: T-017
FRAMEWORK_ROOT: /opt/832-Workflow-designer/.agentic-framework
PROJECT_ROOT: /opt/832-Workflow-designer
CONTEXT_DIR: /opt/832-Workflow-designer/.context
CONTEXT_AGENT: /opt/832-Workflow-designer/.agentic-framework/agents/context/context.sh
cwd: /opt/832-Workflow-designer
--- context.sh output ---
Episodic generated: /opt/832-Workflow-designer/.context/episodic/T-017.yaml

  Status: ✓ complete (Auto-generated)
  Task: Schema validator for produced workflow files
  Duration: 2 days (3067 min)
  Updates: 2
  Commits: 1
  Lines: +1021 -0 across 19 files
  Outcomes: 6 AC checked
  Artifacts: 19 files tracked
  Decisions: recorded from task file

Source: /opt/832-Workflow-designer/.tasks/completed/T-017-schema-validator-for-produced-workflow-f.md
--- exit code: 0 ---
