=== episodic-gen invocation: 2026-07-02T21:25:04Z ===
task_id: T-020
FRAMEWORK_ROOT: /opt/832-Workflow-designer/.agentic-framework
PROJECT_ROOT: /opt/832-Workflow-designer
CONTEXT_DIR: /opt/832-Workflow-designer/.context
CONTEXT_AGENT: /opt/832-Workflow-designer/.agentic-framework/agents/context/context.sh
cwd: /opt/832-Workflow-designer/.agentic-framework
--- context.sh output ---
Episodic generated: /opt/832-Workflow-designer/.context/episodic/T-020.yaml

  Status: ✓ complete (Auto-generated)
  Task: Independent-product AEF injection-point boundary
  Duration: 0 days (40 min)
  Updates: 3
  Commits: 1
  Lines: +359 -4 across 3 files
  Outcomes: 4 AC checked
  Artifacts: 3 files tracked
  Decisions: recorded from task file

Source: /opt/832-Workflow-designer/.tasks/completed/T-020-independent-product-aef-injection-point-.md
--- exit code: 0 ---
