=== episodic-gen invocation: 2026-07-02T22:11:04Z ===
task_id: T-021
FRAMEWORK_ROOT: /opt/832-Workflow-designer/.agentic-framework
PROJECT_ROOT: /opt/832-Workflow-designer
CONTEXT_DIR: /opt/832-Workflow-designer/.context
CONTEXT_AGENT: /opt/832-Workflow-designer/.agentic-framework/agents/context/context.sh
cwd: /opt/832-Workflow-designer
--- context.sh output ---
Episodic generated: /opt/832-Workflow-designer/.context/episodic/T-021.yaml

  Status: ✓ complete (Auto-generated)
  Task: Dogfood: generate + validate workflow for vendored-AEF inception-lifecycle
  Duration: 0 days (44 min)
  Updates: 2
  Commits: 2
  Lines: +602 -23 across 3 files
  Outcomes: 4 AC checked
  Artifacts: 4 files tracked
  Decisions: recorded from task file

Source: /opt/832-Workflow-designer/.tasks/completed/T-021-dogfood-generate--validate-workflow-for-.md
--- exit code: 0 ---
