=== episodic-gen invocation: 2026-07-02T22:34:52Z ===
task_id: T-025
FRAMEWORK_ROOT: /opt/832-Workflow-designer/.agentic-framework
PROJECT_ROOT: /opt/832-Workflow-designer
CONTEXT_DIR: /opt/832-Workflow-designer/.context
CONTEXT_AGENT: /opt/832-Workflow-designer/.agentic-framework/agents/context/context.sh
cwd: /opt/832-Workflow-designer
--- context.sh output ---
Episodic generated: /opt/832-Workflow-designer/.context/episodic/T-025.yaml

  Status: ✓ complete (Auto-generated)
  Task: Dogfood: map + validate tier0-escalation workflow from vendored AEF
  Duration: 0 days (2 min)
  Updates: 3
  Commits: 1
  Lines: +541 -0 across 4 files
  Outcomes: 4 AC checked
  Artifacts: 4 files tracked
  Decisions: recorded from task file

Source: /opt/832-Workflow-designer/.tasks/completed/T-025-dogfood-map--validate-tier0-escalation-w.md
--- exit code: 0 ---
