=== episodic-gen invocation: 2026-07-02T22:30:38Z ===
task_id: T-024
FRAMEWORK_ROOT: /opt/832-Workflow-designer/.agentic-framework
PROJECT_ROOT: /opt/832-Workflow-designer
CONTEXT_DIR: /opt/832-Workflow-designer/.context
CONTEXT_AGENT: /opt/832-Workflow-designer/.agentic-framework/agents/context/context.sh
cwd: /opt/832-Workflow-designer
--- context.sh output ---
Episodic generated: /opt/832-Workflow-designer/.context/episodic/T-024.yaml

  Status: ✓ complete (Auto-generated)
  Task: Synthesize cross-slice v3 design inputs from dogfood friction (T-021..T-023)
  Duration: 0 days (2 min)
  Updates: 3
  Commits: 1
  Lines: +352 -0 across 3 files
  Outcomes: 4 AC checked
  Artifacts: 3 files tracked
  Decisions: recorded from task file

Source: /opt/832-Workflow-designer/.tasks/completed/T-024-synthesize-cross-slice-v3-design-inputs-.md
--- exit code: 0 ---
