=== episodic-gen invocation: 2026-07-02T22:58:00Z ===
task_id: T-028
FRAMEWORK_ROOT: /opt/832-Workflow-designer/.agentic-framework
PROJECT_ROOT: /opt/832-Workflow-designer
CONTEXT_DIR: /opt/832-Workflow-designer/.context
CONTEXT_AGENT: /opt/832-Workflow-designer/.agentic-framework/agents/context/context.sh
cwd: /opt/832-Workflow-designer
--- context.sh output ---
Episodic generated: /opt/832-Workflow-designer/.context/episodic/T-028.yaml

  Status: ✓ complete (Auto-generated)
  Task: Dogfood: map + validate assumption-validation workflow from vendored AEF
  Duration: 0 days (1 min)
  Updates: 3
  Commits: 1
  Lines: +471 -0 across 3 files
  Outcomes: 4 AC checked
  Artifacts: 3 files tracked
  Decisions: recorded from task file

Source: /opt/832-Workflow-designer/.tasks/completed/T-028-dogfood-map--validate-assumption-validat.md
--- exit code: 0 ---
