=== episodic-gen invocation: 2026-07-03T07:45:32Z ===
task_id: T-038
FRAMEWORK_ROOT: /opt/832-Workflow-designer/.agentic-framework
PROJECT_ROOT: /opt/832-Workflow-designer
CONTEXT_DIR: /opt/832-Workflow-designer/.context
CONTEXT_AGENT: /opt/832-Workflow-designer/.agentic-framework/agents/context/context.sh
cwd: /opt/832-Workflow-designer/.agentic-framework
--- context.sh output ---
Episodic generated: /opt/832-Workflow-designer/.context/episodic/T-038.yaml

  Status: ✓ complete (Auto-generated)
  Task: Minimal operator surface to review and correct the mapped-process corpus
  Duration: 0 days (8 min)
  Updates: 3
  Commits: 1
  Lines: +349 -0 across 3 files
  Outcomes: 4 AC checked
  Artifacts: 3 files tracked
  Decisions: recorded from task file

Source: /opt/832-Workflow-designer/.tasks/completed/T-038-minimal-operator-surface-to-review-and-c.md
--- exit code: 0 ---
