=== episodic-gen invocation: 2026-07-02T23:17:56Z ===
task_id: T-031
FRAMEWORK_ROOT: /opt/832-Workflow-designer/.agentic-framework
PROJECT_ROOT: /opt/832-Workflow-designer
CONTEXT_DIR: /opt/832-Workflow-designer/.context
CONTEXT_AGENT: /opt/832-Workflow-designer/.agentic-framework/agents/context/context.sh
cwd: /opt/832-Workflow-designer
--- context.sh output ---
Episodic generated: /opt/832-Workflow-designer/.context/episodic/T-031.yaml

  Status: ✓ complete (Auto-generated)
  Task: Map + validate audit-process dogfood workflow (first parallel fan-out shape)
  Duration: 0 days (3 min)
  Updates: 2
  Commits: 1
  Lines: +611 -0 across 4 files
  Outcomes: 5 AC checked
  Artifacts: 4 files tracked
  Decisions: recorded from task file

Source: /opt/832-Workflow-designer/.tasks/completed/T-031-map--validate-audit-process-dogfood-work.md
--- exit code: 0 ---
