=== episodic-gen invocation: 2026-07-03T06:41:27Z ===
task_id: T-037
FRAMEWORK_ROOT: /opt/832-Workflow-designer/.agentic-framework
PROJECT_ROOT: /opt/832-Workflow-designer
CONTEXT_DIR: /opt/832-Workflow-designer/.context
CONTEXT_AGENT: /opt/832-Workflow-designer/.agentic-framework/agents/context/context.sh
cwd: /opt/832-Workflow-designer
--- context.sh output ---
Episodic generated: /opt/832-Workflow-designer/.context/episodic/T-037.yaml

  Status: ✓ complete (Auto-generated)
  Task: Design M1 spec F3 determinism and F1 decision-edge fields
  Duration: 0 days (5 min)
  Updates: 3
  Commits: 1
  Lines: +491 -0 across 2 files
  Outcomes: 6 AC checked
  Artifacts: 2 files tracked
  Decisions: recorded from task file

Source: /opt/832-Workflow-designer/.tasks/completed/T-037-design-m1-spec-f3-determinism-and-f1-dec.md
--- exit code: 0 ---
