=== episodic-gen invocation: 2026-07-02T23:02:49Z ===
task_id: T-030
FRAMEWORK_ROOT: /opt/832-Workflow-designer/.agentic-framework
PROJECT_ROOT: /opt/832-Workflow-designer
CONTEXT_DIR: /opt/832-Workflow-designer/.context
CONTEXT_AGENT: /opt/832-Workflow-designer/.agentic-framework/agents/context/context.sh
cwd: /opt/832-Workflow-designer
--- context.sh output ---
Episodic generated: /opt/832-Workflow-designer/.context/episodic/T-030.yaml

  Status: ✓ complete (Auto-generated)
  Task: Consolidate synthesis: add F13, declare friction-dry (campaign capstone)
  Duration: 0 days (0 min)
  Updates: 3
  Commits: 1
  Lines: +219 -7 across 3 files
  Outcomes: 2 AC checked
  Artifacts: 3 files tracked
  Decisions: recorded from task file

Source: /opt/832-Workflow-designer/.tasks/completed/T-030-consolidate-synthesis-add-f13-declare-fr.md
--- exit code: 0 ---
