=== episodic-gen invocation: 2026-07-03T06:05:34Z ===
task_id: T-036
FRAMEWORK_ROOT: /opt/832-Workflow-designer/.agentic-framework
PROJECT_ROOT: /opt/832-Workflow-designer
CONTEXT_DIR: /opt/832-Workflow-designer/.context
CONTEXT_AGENT: /opt/832-Workflow-designer/.agentic-framework/agents/context/context.sh
cwd: /opt/832-Workflow-designer
--- context.sh output ---
Episodic generated: /opt/832-Workflow-designer/.context/episodic/T-036.yaml

  Status: ✓ complete (Auto-generated)
  Task: Validator: port parallelGateway + reachability checks to BPMN-XML form (format parity)
  Duration: 0 days (3 min)
  Updates: 2
  Commits: 1
  Lines: +435 -0 across 7 files
  Outcomes: 5 AC checked
  Artifacts: 7 files tracked
  Decisions: recorded from task file

Source: /opt/832-Workflow-designer/.tasks/completed/T-036-validator-port-parallelgateway--reachabi.md
--- exit code: 0 ---
