=== episodic-gen invocation: 2026-07-03T07:52:21Z ===
task_id: T-039
FRAMEWORK_ROOT: /opt/832-Workflow-designer/.agentic-framework
PROJECT_ROOT: /opt/832-Workflow-designer
CONTEXT_DIR: /opt/832-Workflow-designer/.context
CONTEXT_AGENT: /opt/832-Workflow-designer/.agentic-framework/agents/context/context.sh
cwd: /opt/832-Workflow-designer
--- context.sh output ---
Episodic generated: /opt/832-Workflow-designer/.context/episodic/T-039.yaml

  Status: ✓ complete (Auto-generated)
  Task: Map inception review-ready flow to a workflow definition
  Duration: 0 days (4 min)
  Updates: 2
  Commits: 1
  Lines: +502 -0 across 3 files
  Outcomes: 5 AC checked
  Artifacts: 3 files tracked
  Decisions: recorded from task file

Source: /opt/832-Workflow-designer/.tasks/completed/T-039-map-inception-review-ready-flow-to-a-wor.md
--- exit code: 0 ---
