=== episodic-gen invocation: 2026-07-02T23:24:59Z ===
task_id: T-033
FRAMEWORK_ROOT: /opt/832-Workflow-designer/.agentic-framework
PROJECT_ROOT: /opt/832-Workflow-designer
CONTEXT_DIR: /opt/832-Workflow-designer/.context
CONTEXT_AGENT: /opt/832-Workflow-designer/.agentic-framework/agents/context/context.sh
cwd: /opt/832-Workflow-designer
--- context.sh output ---
Episodic generated: /opt/832-Workflow-designer/.context/episodic/T-033.yaml

  Status: ✓ complete (Auto-generated)
  Task: Map + validate revisit-due-scan dogfood workflow (timer-start + multi-instance families)
  Duration: 0 days (2 min)
  Updates: 2
  Commits: 1
  Lines: +500 -0 across 5 files
  Outcomes: 5 AC checked
  Artifacts: 5 files tracked
  Decisions: recorded from task file

Source: /opt/832-Workflow-designer/.tasks/completed/T-033-map--validate-revisit-due-scan-dogfood-w.md
--- exit code: 0 ---
