=== episodic-gen invocation: 2026-07-02T23:21:53Z ===
task_id: T-032
FRAMEWORK_ROOT: /opt/832-Workflow-designer/.agentic-framework
PROJECT_ROOT: /opt/832-Workflow-designer
CONTEXT_DIR: /opt/832-Workflow-designer/.context
CONTEXT_AGENT: /opt/832-Workflow-designer/.agentic-framework/agents/context/context.sh
cwd: /opt/832-Workflow-designer
--- context.sh output ---
Episodic generated: /opt/832-Workflow-designer/.context/episodic/T-032.yaml

  Status: ✓ complete (Auto-generated)
  Task: Map + validate upgrade-process dogfood workflow (first compensation/rollback shape)
  Duration: 0 days (2 min)
  Updates: 2
  Commits: 1
  Lines: +576 -0 across 5 files
  Outcomes: 5 AC checked
  Artifacts: 5 files tracked
  Decisions: recorded from task file

Source: /opt/832-Workflow-designer/.tasks/completed/T-032-map--validate-upgrade-process-dogfood-wo.md
--- exit code: 0 ---
