=== episodic-gen invocation: 2026-07-02T23:29:24Z ===
task_id: T-034
FRAMEWORK_ROOT: /opt/832-Workflow-designer/.agentic-framework
PROJECT_ROOT: /opt/832-Workflow-designer
CONTEXT_DIR: /opt/832-Workflow-designer/.context
CONTEXT_AGENT: /opt/832-Workflow-designer/.agentic-framework/agents/context/context.sh
cwd: /opt/832-Workflow-designer
--- context.sh output ---
Episodic generated: /opt/832-Workflow-designer/.context/episodic/T-034.yaml

  Status: ✓ complete (Auto-generated)
  Task: Validator: add parallelGateway fork/join structural checks (closes T-031 gap)
  Duration: 0 days (3 min)
  Updates: 2
  Commits: 1
  Lines: +367 -0 across 7 files
  Outcomes: 5 AC checked
  Artifacts: 7 files tracked
  Decisions: recorded from task file

Source: /opt/832-Workflow-designer/.tasks/completed/T-034-validator-add-parallelgateway-forkjoin-s.md
--- exit code: 0 ---
