=== episodic-gen invocation: 2026-07-02T23:33:26Z ===
task_id: T-035
FRAMEWORK_ROOT: /opt/832-Workflow-designer/.agentic-framework
PROJECT_ROOT: /opt/832-Workflow-designer
CONTEXT_DIR: /opt/832-Workflow-designer/.context
CONTEXT_AGENT: /opt/832-Workflow-designer/.agentic-framework/agents/context/context.sh
cwd: /opt/832-Workflow-designer
--- context.sh output ---
Episodic generated: /opt/832-Workflow-designer/.context/episodic/T-035.yaml

  Status: ✓ complete (Auto-generated)
  Task: Validator: add reachability + dead-end structural checks (W-UNREACHABLE / W-DEADEND)
  Duration: 0 days (1 min)
  Updates: 2
  Commits: 1
  Lines: +327 -0 across 6 files
  Outcomes: 5 AC checked
  Artifacts: 6 files tracked
  Decisions: recorded from task file

Source: /opt/832-Workflow-designer/.tasks/completed/T-035-validator-add-reachability--dead-end-str.md
--- exit code: 0 ---
