=== episodic-gen invocation: 2026-07-03T09:15:21Z ===
task_id: T-044
FRAMEWORK_ROOT: /opt/832-Workflow-designer/.agentic-framework
PROJECT_ROOT: /opt/832-Workflow-designer
CONTEXT_DIR: /opt/832-Workflow-designer/.context
CONTEXT_AGENT: /opt/832-Workflow-designer/.agentic-framework/agents/context/context.sh
cwd: /opt/832-Workflow-designer
--- context.sh output ---
Episodic generated: /opt/832-Workflow-designer/.context/episodic/T-044.yaml

  Status: ✓ complete (Auto-generated)
  Task: Headless editor-import round-trip test: parseBpmnXml preserves aef uid/position
  Duration: 0 days (5 min)
  Updates: 2
  Commits: 1
  Lines: +325 -2 across 5 files
  Outcomes: 4 AC checked
  Artifacts: 5 files tracked
  Decisions: recorded from task file

Source: /opt/832-Workflow-designer/.tasks/completed/T-044-headless-editor-import-round-trip-test-p.md
--- exit code: 0 ---
