=== episodic-gen invocation: 2026-07-03T08:56:58Z ===
task_id: T-042
FRAMEWORK_ROOT: /opt/832-Workflow-designer/.agentic-framework
PROJECT_ROOT: /opt/832-Workflow-designer
CONTEXT_DIR: /opt/832-Workflow-designer/.context
CONTEXT_AGENT: /opt/832-Workflow-designer/.agentic-framework/agents/context/context.sh
cwd: /opt/832-Workflow-designer
--- context.sh output ---
Episodic generated: /opt/832-Workflow-designer/.context/episodic/T-042.yaml

  Status: ✓ complete (Auto-generated)
  Task: Fix inception-review diagram layout congestion
  Duration: 0 days (22 min)
  Updates: 2
  Commits: 1
  Lines: +425 -30 across 5 files
  Outcomes: 5 AC checked
  Challenges: 1 detected from git
  Artifacts: 5 files tracked
  Decisions: recorded from task file

Source: /opt/832-Workflow-designer/.tasks/completed/T-042-fix-inception-review-diagram-layout-cong.md
--- exit code: 0 ---
