=== episodic-gen invocation: 2026-07-03T09:09:19Z ===
task_id: T-043
FRAMEWORK_ROOT: /opt/832-Workflow-designer/.agentic-framework
PROJECT_ROOT: /opt/832-Workflow-designer
CONTEXT_DIR: /opt/832-Workflow-designer/.context
CONTEXT_AGENT: /opt/832-Workflow-designer/.agentic-framework/agents/context/context.sh
cwd: /opt/832-Workflow-designer
--- context.sh output ---
Episodic generated: /opt/832-Workflow-designer/.context/episodic/T-043.yaml

  Status: ✓ complete (Auto-generated)
  Task: inception-review diagram exceeds canvas viewport clipping decision fan
  Duration: 0 days (11 min)
  Updates: 2
  Commits: 2
  Lines: +885 -2309 across 99 files
  Outcomes: 3 AC checked
  Challenges: 1 detected from git
  Artifacts: 99 files tracked
  Decisions: recorded from task file

Source: /opt/832-Workflow-designer/.tasks/completed/T-043-inception-review-diagram-exceeds-canvas-.md
--- exit code: 0 ---
