=== episodic-gen invocation: 2026-07-03T10:01:35Z ===
task_id: T-048
FRAMEWORK_ROOT: /opt/832-Workflow-designer/.agentic-framework
PROJECT_ROOT: /opt/832-Workflow-designer
CONTEXT_DIR: /opt/832-Workflow-designer/.context
CONTEXT_AGENT: /opt/832-Workflow-designer/.agentic-framework/agents/context/context.sh
cwd: /opt/832-Workflow-designer
--- context.sh output ---
Episodic generated: /opt/832-Workflow-designer/.context/episodic/T-048.yaml

  Status: ✓ complete (Auto-generated)
  Task: Map AEF harvest (lib/harvest.sh) as dogfood workflow #15
  Duration: 0 days (8 min)
  Updates: 2
  Commits: 1
  Lines: +1066 -0 across 4 files
  Outcomes: 6 AC checked
  Artifacts: 4 files tracked
  Decisions: recorded from task file

Source: /opt/832-Workflow-designer/.tasks/completed/T-048-map-aef-harvest-libharvestsh-as-dogfood-.md
--- exit code: 0 ---
