=== episodic-gen invocation: 2026-07-03T09:26:14Z ===
task_id: T-045
FRAMEWORK_ROOT: /opt/832-Workflow-designer/.agentic-framework
PROJECT_ROOT: /opt/832-Workflow-designer
CONTEXT_DIR: /opt/832-Workflow-designer/.context
CONTEXT_AGENT: /opt/832-Workflow-designer/.agentic-framework/agents/context/context.sh
cwd: /opt/832-Workflow-designer
--- context.sh output ---
Episodic generated: /opt/832-Workflow-designer/.context/episodic/T-045.yaml

  Status: ✓ complete (Auto-generated)
  Task: Map AEF promotion pipeline (fw promote) as dogfood workflow
  Duration: 0 days (4 min)
  Updates: 2
  Commits: 1
  Lines: +795 -0 across 4 files
  Outcomes: 6 AC checked
  Artifacts: 4 files tracked
  Decisions: recorded from task file

Source: /opt/832-Workflow-designer/.tasks/completed/T-045-map-aef-promotion-pipeline-fw-promote-as.md
--- exit code: 0 ---
