=== episodic-gen invocation: 2026-07-03T13:23:05Z ===
task_id: T-052
FRAMEWORK_ROOT: /opt/832-Workflow-designer/.agentic-framework
PROJECT_ROOT: /opt/832-Workflow-designer
CONTEXT_DIR: /opt/832-Workflow-designer/.context
CONTEXT_AGENT: /opt/832-Workflow-designer/.agentic-framework/agents/context/context.sh
cwd: /opt/832-Workflow-designer
--- context.sh output ---
Episodic generated: /opt/832-Workflow-designer/.context/episodic/T-052.yaml

  Status: ✓ complete (Auto-generated)
  Task: Add corpus geometry sweep to bridge suite (gate all maps, legacy allowlist)
  Duration: 0 days (3 min)
  Updates: 2
  Commits: 1
  Lines: +291 -0 across 3 files
  Outcomes: 5 AC checked
  Artifacts: 3 files tracked
  Decisions: recorded from task file

Source: /opt/832-Workflow-designer/.tasks/completed/T-052-add-corpus-geometry-sweep-to-bridge-suit.md
--- exit code: 0 ---
