=== episodic-gen invocation: 2026-07-03T22:39:39Z ===
task_id: T-056
FRAMEWORK_ROOT: /opt/832-Workflow-designer/.agentic-framework
PROJECT_ROOT: /opt/832-Workflow-designer
CONTEXT_DIR: /opt/832-Workflow-designer/.context
CONTEXT_AGENT: /opt/832-Workflow-designer/.agentic-framework/agents/context/context.sh
cwd: /opt/832-Workflow-designer
--- context.sh output ---
Episodic generated: /opt/832-Workflow-designer/.context/episodic/T-056.yaml

  Status: ✓ complete (Auto-generated)
  Task: Map verification-gate (P-011) completion flow
  Duration: 0 days (494 min)
  Updates: 3
  Commits: 1
  Lines: +448 -7 across 4 files
  Outcomes: 5 AC checked
  Artifacts: 4 files tracked
  Decisions: recorded from task file

Source: /opt/832-Workflow-designer/.tasks/completed/T-056-map-verification-gate-p-011-completion-f.md
--- exit code: 0 ---
