=== episodic-gen invocation: 2026-07-03T14:10:30Z ===
task_id: T-053
FRAMEWORK_ROOT: /opt/832-Workflow-designer/.agentic-framework
PROJECT_ROOT: /opt/832-Workflow-designer
CONTEXT_DIR: /opt/832-Workflow-designer/.context
CONTEXT_AGENT: /opt/832-Workflow-designer/.agentic-framework/agents/context/context.sh
cwd: /opt/832-Workflow-designer
--- context.sh output ---
Episodic generated: /opt/832-Workflow-designer/.context/episodic/T-053.yaml

  Status: ✓ complete (Auto-generated)
  Task: Editor drops decisionOutputs from bridge-generated BPMN (attr vs element-text mismatch)
  Duration: 0 days (14 min)
  Updates: 2
  Commits: 2
  Lines: +387 -2 across 5 files
  Outcomes: 5 AC checked
  Challenges: 1 detected from git
  Artifacts: 5 files tracked
  Decisions: recorded from task file

Source: /opt/832-Workflow-designer/.tasks/completed/T-053-editor-drops-decisionoutputs-from-bridge.md
--- exit code: 0 ---
