=== episodic-gen invocation: 2026-07-03T14:26:56Z ===
task_id: T-054
FRAMEWORK_ROOT: /opt/832-Workflow-designer/.agentic-framework
PROJECT_ROOT: /opt/832-Workflow-designer
CONTEXT_DIR: /opt/832-Workflow-designer/.context
CONTEXT_AGENT: /opt/832-Workflow-designer/.agentic-framework/agents/context/context.sh
cwd: /opt/832-Workflow-designer
--- context.sh output ---
Episodic generated: /opt/832-Workflow-designer/.context/episodic/T-054.yaml

  Status: ✓ complete (Auto-generated)
  Task: Dogfooding coverage audit: vendored AEF processes vs examples/aef-processes corpus
  Duration: 0 days (7 min)
  Updates: 2
  Commits: 2
  Lines: +1032 -5 across 6 files
  Outcomes: 4 AC checked
  Artifacts: 6 files tracked
  Decisions: recorded from task file

Source: /opt/832-Workflow-designer/.tasks/completed/T-054-dogfooding-coverage-audit-vendored-aef-p.md
--- exit code: 0 ---
