=== episodic-gen invocation: 2026-07-03T19:15:41Z ===
task_id: T-055
FRAMEWORK_ROOT: /opt/832-Workflow-designer/.agentic-framework
PROJECT_ROOT: /opt/832-Workflow-designer
CONTEXT_DIR: /opt/832-Workflow-designer/.context
CONTEXT_AGENT: /opt/832-Workflow-designer/.agentic-framework/agents/context/context.sh
cwd: /opt/832-Workflow-designer
--- context.sh output ---
Episodic generated: /opt/832-Workflow-designer/.context/episodic/T-055.yaml

  Status: ✓ complete (Auto-generated)
  Task: Map task-gate enforcement flow (Tier-1 / P-002 nothing-without-a-task)
  Duration: 0 days (290 min)
  Updates: 3
  Commits: 1
  Lines: +347 -7 across 3 files
  Outcomes: 5 AC checked
  Artifacts: 3 files tracked
  Decisions: recorded from task file

Source: /opt/832-Workflow-designer/.tasks/completed/T-055-map-task-gate-enforcement-flow-tier-1--p.md
--- exit code: 0 ---
