=== episodic-gen invocation: 2026-07-03T22:53:51Z ===
task_id: T-058
FRAMEWORK_ROOT: /opt/832-Workflow-designer/.agentic-framework
PROJECT_ROOT: /opt/832-Workflow-designer
CONTEXT_DIR: /opt/832-Workflow-designer/.context
CONTEXT_AGENT: /opt/832-Workflow-designer/.agentic-framework/agents/context/context.sh
cwd: /opt/832-Workflow-designer
--- context.sh output ---
Episodic generated: /opt/832-Workflow-designer/.context/episodic/T-058.yaml

  Status: ✓ complete (Auto-generated)
  Task: Map error-escalation-ladder (A/B/C/D + proactive Level-D)
  Duration: 0 days (508 min)
  Updates: 3
  Commits: 1
  Lines: +381 -7 across 4 files
  Outcomes: 5 AC checked
  Challenges: 1 detected from git
  Artifacts: 4 files tracked
  Decisions: recorded from task file

Source: /opt/832-Workflow-designer/.tasks/completed/T-058-map-error-escalation-ladder-abcd--proact.md
--- exit code: 0 ---
