=== episodic-gen invocation: 2026-07-03T13:43:30Z ===
task_id: T-051
FRAMEWORK_ROOT: /opt/832-Workflow-designer/.agentic-framework
PROJECT_ROOT: /opt/832-Workflow-designer
CONTEXT_DIR: /opt/832-Workflow-designer/.context
CONTEXT_AGENT: /opt/832-Workflow-designer/.agentic-framework/agents/context/context.sh
cwd: /opt/832-Workflow-designer
--- context.sh output ---
Episodic generated: /opt/832-Workflow-designer/.context/episodic/T-051.yaml

  Status: ✓ complete (Auto-generated)
  Task: Re-validate + fix geometry of pre-convention corpus maps against lane-band gate
  Duration: 0 days (28 min)
  Updates: 5
  Commits: 2
  Lines: +131 -57 across 10 files
  Outcomes: 5 AC checked
  Artifacts: 10 files tracked
  Decisions: recorded from task file

Source: /opt/832-Workflow-designer/.tasks/completed/T-051-re-validate--fix-geometry-of-pre-convent.md
--- exit code: 0 ---
