=== episodic-gen invocation: 2026-07-03T13:16:18Z ===
task_id: T-050
FRAMEWORK_ROOT: /opt/832-Workflow-designer/.agentic-framework
PROJECT_ROOT: /opt/832-Workflow-designer
CONTEXT_DIR: /opt/832-Workflow-designer/.context
CONTEXT_AGENT: /opt/832-Workflow-designer/.agentic-framework/agents/context/context.sh
cwd: /opt/832-Workflow-designer
--- context.sh output ---
Episodic generated: /opt/832-Workflow-designer/.context/episodic/T-050.yaml

  Status: ✓ complete (Auto-generated)
  Task: Editor fit-to-view measures label text extent via getBBox
  Duration: 0 days (5 min)
  Updates: 2
  Commits: 1
  Lines: +444 -3 across 3 files
  Outcomes: 5 AC checked
  Artifacts: 3 files tracked
  Decisions: recorded from task file

Source: /opt/832-Workflow-designer/.tasks/completed/T-050-editor-fit-to-view-measures-label-text-e.md
--- exit code: 0 ---
