=== episodic-gen invocation: 2026-07-04T00:27:55Z ===
task_id: T-063
FRAMEWORK_ROOT: /opt/832-Workflow-designer/.agentic-framework
PROJECT_ROOT: /opt/832-Workflow-designer
CONTEXT_DIR: /opt/832-Workflow-designer/.context
CONTEXT_AGENT: /opt/832-Workflow-designer/.agentic-framework/agents/context/context.sh
cwd: /opt/832-Workflow-designer
--- context.sh output ---
Episodic generated: /opt/832-Workflow-designer/.context/episodic/T-063.yaml

  Status: ✓ complete (Auto-generated)
  Task: Represent structured META_KEYS aef values (emits/aggregation/compensates/multiInstance/timer)
  Duration: 0 days (12 min)
  Updates: 3
  Commits: 2
  Lines: +523 -18 across 7 files
  Outcomes: 4 AC checked
  Artifacts: 7 files tracked
  Decisions: recorded from task file

Source: /opt/832-Workflow-designer/.tasks/completed/T-063-represent-structured-metakeys-aef-values.md
--- exit code: 0 ---
