=== episodic-gen invocation: 2026-07-04T07:57:31Z ===
task_id: T-065
FRAMEWORK_ROOT: /opt/832-Workflow-designer/.agentic-framework
PROJECT_ROOT: /opt/832-Workflow-designer
CONTEXT_DIR: /opt/832-Workflow-designer/.context
CONTEXT_AGENT: /opt/832-Workflow-designer/.agentic-framework/agents/context/context.sh
cwd: /opt/832-Workflow-designer
--- context.sh output ---
Episodic generated: /opt/832-Workflow-designer/.context/episodic/T-065.yaml

  Status: ✓ complete (Auto-generated)
  Task: Map fabric blast-radius flow (impact analysis: commit -> cards -> transitive downstream)
  Duration: 0 days (4 min)
  Updates: 2
  Commits: 1
  Lines: +448 -0 across 3 files
  Outcomes: 4 AC checked
  Artifacts: 3 files tracked
  Decisions: recorded from task file

Source: /opt/832-Workflow-designer/.tasks/completed/T-065-map-fabric-blast-radius-flow-impact-anal.md
--- exit code: 0 ---
