=== episodic-gen invocation: 2026-07-04T08:36:43Z ===
task_id: T-067
FRAMEWORK_ROOT: /opt/832-Workflow-designer/.agentic-framework
PROJECT_ROOT: /opt/832-Workflow-designer
CONTEXT_DIR: /opt/832-Workflow-designer/.context
CONTEXT_AGENT: /opt/832-Workflow-designer/.agentic-framework/agents/context/context.sh
cwd: /opt/832-Workflow-designer
--- context.sh output ---
Episodic generated: /opt/832-Workflow-designer/.context/episodic/T-067.yaml

  Status: ✓ complete (Auto-generated)
  Task: Map session-capture flow (P-007 session-end checklist, doctrine-only)
  Duration: 0 days (2 min)
  Updates: 2
  Commits: 1
  Lines: +389 -0 across 3 files
  Outcomes: 4 AC checked
  Artifacts: 3 files tracked
  Decisions: recorded from task file

Source: /opt/832-Workflow-designer/.tasks/completed/T-067-map-session-capture-flow-p-007-session-e.md
--- exit code: 0 ---
