=== episodic-gen invocation: 2026-07-03T22:32:24Z ===
task_id: T-060
FRAMEWORK_ROOT: /opt/832-Workflow-designer/.agentic-framework
PROJECT_ROOT: /opt/832-Workflow-designer
CONTEXT_DIR: /opt/832-Workflow-designer/.context
CONTEXT_AGENT: /opt/832-Workflow-designer/.agentic-framework/agents/context/context.sh
cwd: /opt/832-Workflow-designer
--- context.sh output ---
Episodic generated: /opt/832-Workflow-designer/.context/episodic/T-060.yaml

  Status: ✓ complete (Auto-generated)
  Task: Bridge META_KEYS excludes agentType/triggeredBy/emits — dropped from BPMN
  Duration: 0 days (388 min)
  Updates: 3
  Commits: 2
  Lines: +367 -7 across 4 files
  Outcomes: 4 AC checked
  Challenges: 2 detected from git
  Artifacts: 4 files tracked
  Decisions: recorded from task file

Source: /opt/832-Workflow-designer/.tasks/completed/T-060-bridge-metakeys-excludes-agenttypetrigge.md
--- exit code: 0 ---
