=== episodic-gen invocation: 2026-07-03T23:46:26Z ===
task_id: T-061
FRAMEWORK_ROOT: /opt/832-Workflow-designer/.agentic-framework
PROJECT_ROOT: /opt/832-Workflow-designer
CONTEXT_DIR: /opt/832-Workflow-designer/.context
CONTEXT_AGENT: /opt/832-Workflow-designer/.agentic-framework/agents/context/context.sh
cwd: /opt/832-Workflow-designer
--- context.sh output ---
Episodic generated: /opt/832-Workflow-designer/.context/episodic/T-061.yaml

  Status: ✓ complete (Auto-generated)
  Task: Bridge drops unknown aef: keys — free-form passthrough namespace is a closed whitelist
  Duration: 0 days (51 min)
  Updates: 3
  Commits: 1
  Lines: +372 -4 across 4 files
  Outcomes: 5 AC checked
  Challenges: 1 detected from git
  Artifacts: 4 files tracked
  Decisions: recorded from task file

Source: /opt/832-Workflow-designer/.tasks/completed/T-061-bridge-drops-unknown-aef-keys--free-form.md
--- exit code: 0 ---
