=== episodic-gen invocation: 2026-07-04T07:48:05Z ===
task_id: T-064
FRAMEWORK_ROOT: /opt/832-Workflow-designer/.agentic-framework
PROJECT_ROOT: /opt/832-Workflow-designer
CONTEXT_DIR: /opt/832-Workflow-designer/.context
CONTEXT_AGENT: /opt/832-Workflow-designer/.agentic-framework/agents/context/context.sh
cwd: /opt/832-Workflow-designer
--- context.sh output ---
Episodic generated: /opt/832-Workflow-designer/.context/episodic/T-064.yaml

  Status: ✓ complete (Auto-generated)
  Task: Map git-commit traceability flow (P-002 gate + pre-commit checks + Tier-2 bypass)
  Duration: 0 days (6 min)
  Updates: 2
  Commits: 1
  Lines: +475 -0 across 3 files
  Outcomes: 4 AC checked
  Artifacts: 3 files tracked
  Decisions: recorded from task file

Source: /opt/832-Workflow-designer/.tasks/completed/T-064-map-git-commit-traceability-flow-p-002-g.md
--- exit code: 0 ---
