=== episodic-gen invocation: 2026-07-04T08:02:01Z ===
task_id: T-066
FRAMEWORK_ROOT: /opt/832-Workflow-designer/.agentic-framework
PROJECT_ROOT: /opt/832-Workflow-designer
CONTEXT_DIR: /opt/832-Workflow-designer/.context
CONTEXT_AGENT: /opt/832-Workflow-designer/.agentic-framework/agents/context/context.sh
cwd: /opt/832-Workflow-designer
--- context.sh output ---
Episodic generated: /opt/832-Workflow-designer/.context/episodic/T-066.yaml

  Status: ✓ complete (Auto-generated)
  Task: Map resume-status flow (post-compaction state synthesis from 4 sources)
  Duration: 0 days (3 min)
  Updates: 2
  Commits: 1
  Lines: +439 -0 across 3 files
  Outcomes: 4 AC checked
  Artifacts: 3 files tracked
  Decisions: recorded from task file

Source: /opt/832-Workflow-designer/.tasks/completed/T-066-map-resume-status-flow-post-compaction-s.md
--- exit code: 0 ---
