=== episodic-gen invocation: 2026-07-04T00:15:48Z ===
task_id: T-062
FRAMEWORK_ROOT: /opt/832-Workflow-designer/.agentic-framework
PROJECT_ROOT: /opt/832-Workflow-designer
CONTEXT_DIR: /opt/832-Workflow-designer/.context
CONTEXT_AGENT: /opt/832-Workflow-designer/.agentic-framework/agents/context/context.sh
cwd: /opt/832-Workflow-designer
--- context.sh output ---
Episodic generated: /opt/832-Workflow-designer/.context/episodic/T-062.yaml

  Status: ✓ complete (Auto-generated)
  Task: Reconcile ~70 silently-dropped aef keys across 14 corpus maps (surfaced by T-061 warn)
  Duration: 1 days (29 min)
  Updates: 3
  Commits: 2
  Lines: +359 -46 across 15 files
  Outcomes: 5 AC checked
  Artifacts: 15 files tracked
  Decisions: recorded from task file

Source: /opt/832-Workflow-designer/.tasks/completed/T-062-reconcile-70-silently-dropped-aef-keys-a.md
--- exit code: 0 ---
