=== episodic-gen invocation: 2026-07-04T13:33:32Z ===
task_id: T-068
FRAMEWORK_ROOT: /opt/832-Workflow-designer/.agentic-framework
PROJECT_ROOT: /opt/832-Workflow-designer
CONTEXT_DIR: /opt/832-Workflow-designer/.context
CONTEXT_AGENT: /opt/832-Workflow-designer/.agentic-framework/agents/context/context.sh
cwd: /opt/832-Workflow-designer/.agentic-framework
--- context.sh output ---
Episodic generated: /opt/832-Workflow-designer/.context/episodic/T-068.yaml

  Status: ✓ complete (Auto-generated)
  Task: Inception: constituents/subProcess construct for collapsed nodes (FC-11 x4, FC-15)
  Duration: 0 days (294 min)
  Updates: 5
  Commits: 3
  Lines: +244 -25 across 2 files
  Outcomes: 4 AC checked
  Artifacts: 2 files tracked
  Decisions: recorded from task file

Source: /opt/832-Workflow-designer/.tasks/completed/T-068-inception-constituentssubprocess-constru.md
--- exit code: 0 ---
