=== episodic-gen invocation: 2026-07-04T09:34:15Z ===
task_id: T-072
FRAMEWORK_ROOT: /opt/832-Workflow-designer/.agentic-framework
PROJECT_ROOT: /opt/832-Workflow-designer
CONTEXT_DIR: /opt/832-Workflow-designer/.context
CONTEXT_AGENT: /opt/832-Workflow-designer/.agentic-framework/agents/context/context.sh
cwd: /opt/832-Workflow-designer
--- context.sh output ---
Episodic generated: /opt/832-Workflow-designer/.context/episodic/T-072.yaml

  Status: ✓ complete (Auto-generated)
  Task: Routing readability v2 — edge label lift + halo (survey R-1)
  Duration: 0 days (2 min)
  Updates: 2
  Commits: 1
  Lines: +338 -12 across 6 files
  Outcomes: 4 AC checked
  Artifacts: 6 files tracked
  Decisions: recorded from task file

Source: /opt/832-Workflow-designer/.tasks/completed/T-072-routing-readability-v2--edge-label-lift-.md
--- exit code: 0 ---
