=== episodic-gen invocation: 2026-07-04T12:40:36Z ===
task_id: T-078
FRAMEWORK_ROOT: /opt/832-Workflow-designer/.agentic-framework
PROJECT_ROOT: /opt/832-Workflow-designer
CONTEXT_DIR: /opt/832-Workflow-designer/.context
CONTEXT_AGENT: /opt/832-Workflow-designer/.agentic-framework/agents/context/context.sh
cwd: /opt/832-Workflow-designer
--- context.sh output ---
Episodic generated: /opt/832-Workflow-designer/.context/episodic/T-078.yaml

  Status: ✓ complete (Auto-generated)
  Task: Dispatch pending REVIEW tasks to termlink reviewer agent
  Duration: 0 days (87 min)
  Updates: 3
  Commits: 1
  Lines: +352 -0 across 2 files
  Outcomes: 3 AC checked
  Artifacts: 2 files tracked
  Decisions: recorded from task file

Source: /opt/832-Workflow-designer/.tasks/completed/T-078-dispatch-pending-review-tasks-to-termlin.md
--- exit code: 0 ---
