=== episodic-gen invocation: 2026-07-04T23:16:44Z ===
task_id: T-091
FRAMEWORK_ROOT: /opt/832-Workflow-designer/.agentic-framework
PROJECT_ROOT: /opt/832-Workflow-designer
CONTEXT_DIR: /opt/832-Workflow-designer/.context
CONTEXT_AGENT: /opt/832-Workflow-designer/.agentic-framework/agents/context/context.sh
cwd: /opt/832-Workflow-designer
--- context.sh output ---
Episodic generated: /opt/832-Workflow-designer/.context/episodic/T-091.yaml

  Status: ✓ complete (Auto-generated)
  Task: Upstream fix bundle: env-export contamination (T-015 GO) + review.py lib path (G-004)
  Duration: 0 days (25 min)
  Updates: 3
  Commits: 1
  Lines: +178 -0 across 1 files
  Outcomes: 4 AC checked
  Challenges: 1 detected from git
  Artifacts: 1 files tracked
  Decisions: recorded from task file

Source: /opt/832-Workflow-designer/.tasks/completed/T-091-upstream-fix-bundle-env-export-contamina.md
--- exit code: 0 ---
