=== episodic-gen invocation: 2026-07-04T23:20:26Z ===
task_id: T-092
FRAMEWORK_ROOT: /opt/832-Workflow-designer/.agentic-framework
PROJECT_ROOT: /opt/832-Workflow-designer
CONTEXT_DIR: /opt/832-Workflow-designer/.context
CONTEXT_AGENT: /opt/832-Workflow-designer/.agentic-framework/agents/context/context.sh
cwd: /opt/832-Workflow-designer/.agentic-framework
--- context.sh output ---
Episodic generated: /opt/832-Workflow-designer/.context/episodic/T-092.yaml

  Status: ✓ complete (Auto-generated)
  Task: Routing + layout/alignment optimisation survey -> settings-menu proposal
  Duration: 0 days (23 min)
  Updates: 3
  Commits: 1
  Lines: +236 -0 across 2 files
  Outcomes: 4 AC checked
  Artifacts: 2 files tracked
  Decisions: recorded from task file

Source: /opt/832-Workflow-designer/.tasks/completed/T-092-routing--layoutalignment-optimisation-su.md
--- exit code: 0 ---
