=== episodic-gen invocation: 2026-07-05T21:05:56Z ===
task_id: T-112
FRAMEWORK_ROOT: /opt/832-Workflow-designer/.agentic-framework
PROJECT_ROOT: /opt/832-Workflow-designer
CONTEXT_DIR: /opt/832-Workflow-designer/.context
CONTEXT_AGENT: /opt/832-Workflow-designer/.agentic-framework/agents/context/context.sh
cwd: /opt/832-Workflow-designer/.agentic-framework
--- context.sh output ---
Episodic generated: /opt/832-Workflow-designer/.context/episodic/T-112.yaml

  Status: ✓ complete (Auto-generated)
  Task: Obstacle-avoiding orthogonal edge router for corpus node-cuts
  Duration: 0 days (27 min)
  Updates: 3
  Commits: 2
  Lines: +349 -5 across 2 files
  Outcomes: 4 AC checked
  Challenges: 1 detected from git
  Artifacts: 2 files tracked
  Decisions: recorded from task file

Source: /opt/832-Workflow-designer/.tasks/completed/T-112-obstacle-avoiding-orthogonal-edge-router.md
--- exit code: 0 ---
