=== episodic-gen invocation: 2026-07-05T20:37:38Z ===
task_id: T-111
FRAMEWORK_ROOT: /opt/832-Workflow-designer/.agentic-framework
PROJECT_ROOT: /opt/832-Workflow-designer
CONTEXT_DIR: /opt/832-Workflow-designer/.context
CONTEXT_AGENT: /opt/832-Workflow-designer/.agentic-framework/agents/context/context.sh
cwd: /opt/832-Workflow-designer
--- context.sh output ---
Episodic generated: /opt/832-Workflow-designer/.context/episodic/T-111.yaml

  Status: ✓ complete (Auto-generated)
  Task: Surface distribute-align-columns trade-off in editor tooltips
  Duration: 0 days (2 min)
  Updates: 2
  Commits: 1
  Lines: +163 -2 across 2 files
  Outcomes: 5 AC checked
  Artifacts: 2 files tracked
  Decisions: recorded from task file

Source: /opt/832-Workflow-designer/.tasks/completed/T-111-surface-distribute-align-columns-trade-o.md
--- exit code: 0 ---
