=== episodic-gen invocation: 2026-07-05T20:02:02Z ===
task_id: T-110
FRAMEWORK_ROOT: /opt/832-Workflow-designer/.agentic-framework
PROJECT_ROOT: /opt/832-Workflow-designer
CONTEXT_DIR: /opt/832-Workflow-designer/.context
CONTEXT_AGENT: /opt/832-Workflow-designer/.agentic-framework/agents/context/context.sh
cwd: /opt/832-Workflow-designer
--- context.sh output ---
Episodic generated: /opt/832-Workflow-designer/.context/episodic/T-110.yaml

  Status: ✓ complete (Auto-generated)
  Task: Corpus routing-debt sweep quantify shipped action improvement
  Duration: 0 days (8 min)
  Updates: 2
  Commits: 1
  Lines: +257 -0 across 2 files
  Outcomes: 6 AC checked
  Artifacts: 2 files tracked
  Decisions: recorded from task file

Source: /opt/832-Workflow-designer/.tasks/completed/T-110-corpus-routing-debt-sweep-quantify-shipp.md
--- exit code: 0 ---
