=== episodic-gen invocation: 2026-07-05T20:52:48Z ===
task_id: T-113
FRAMEWORK_ROOT: /opt/832-Workflow-designer/.agentic-framework
PROJECT_ROOT: /opt/832-Workflow-designer
CONTEXT_DIR: /opt/832-Workflow-designer/.context
CONTEXT_AGENT: /opt/832-Workflow-designer/.agentic-framework/agents/context/context.sh
cwd: /opt/832-Workflow-designer
--- context.sh output ---
Episodic generated: /opt/832-Workflow-designer/.context/episodic/T-113.yaml

  Status: ✓ complete (Auto-generated)
  Task: Node-cut census regression harness for the rendered corpus
  Duration: 0 days (4 min)
  Updates: 2
  Commits: 2
  Lines: +537 -12 across 4 files
  Outcomes: 5 AC checked
  Artifacts: 4 files tracked
  Decisions: recorded from task file

Source: /opt/832-Workflow-designer/.tasks/completed/T-113-node-cut-census-regression-harness-for-t.md
--- exit code: 0 ---
