=== episodic-gen invocation: 2026-07-06T05:58:51Z ===
task_id: T-120
FRAMEWORK_ROOT: /opt/832-Workflow-designer/.agentic-framework
PROJECT_ROOT: /opt/832-Workflow-designer
CONTEXT_DIR: /opt/832-Workflow-designer/.context
CONTEXT_AGENT: /opt/832-Workflow-designer/.agentic-framework/agents/context/context.sh
cwd: /opt/832-Workflow-designer
--- context.sh output ---
Episodic generated: /opt/832-Workflow-designer/.context/episodic/T-120.yaml

  Status: ✓ complete (Auto-generated)
  Task: Sibling shared-riser uncross fan-out join edges via guarded render post-pass
  Duration: 0 days (11 min)
  Updates: 3
  Commits: 2
  Lines: +19550 -10782 across 689 files
  Outcomes: 5 AC checked
  Artifacts: 689 files tracked
  Decisions: recorded from task file

Source: /opt/832-Workflow-designer/.tasks/completed/T-120-sibling-shared-riser-uncross-fan-out-joi.md
--- exit code: 0 ---
