=== episodic-gen invocation: 2026-07-06T08:19:42Z ===
task_id: T-122
FRAMEWORK_ROOT: /opt/832-Workflow-designer/.agentic-framework
PROJECT_ROOT: /opt/832-Workflow-designer
CONTEXT_DIR: /opt/832-Workflow-designer/.context
CONTEXT_AGENT: /opt/832-Workflow-designer/.agentic-framework/agents/context/context.sh
cwd: /opt/832-Workflow-designer
--- context.sh output ---
Episodic generated: /opt/832-Workflow-designer/.context/episodic/T-122.yaml

  Status: ✓ complete (Auto-generated)
  Task: Restore human layout corrections clobbered by corpus re-bake (task-lifecycle + audit other re-baked maps)
  Duration: 0 days (99 min)
  Updates: 2
  Commits: 9
  Lines: +597 -80 across 18 files
  Outcomes: 5 AC checked
  Challenges: 2 detected from git
  Artifacts: 18 files tracked
  Decisions: recorded from task file

Source: /opt/832-Workflow-designer/.tasks/completed/T-122-restore-human-layout-corrections-clobber.md
--- exit code: 0 ---
