=== episodic-gen invocation: 2026-07-06T11:37:23Z ===
task_id: T-126
FRAMEWORK_ROOT: /opt/832-Workflow-designer/.agentic-framework
PROJECT_ROOT: /opt/832-Workflow-designer
CONTEXT_DIR: /opt/832-Workflow-designer/.context
CONTEXT_AGENT: /opt/832-Workflow-designer/.agentic-framework/agents/context/context.sh
cwd: /opt/832-Workflow-designer
--- context.sh output ---
Episodic generated: /opt/832-Workflow-designer/.context/episodic/T-126.yaml

  Status: ✓ complete (Auto-generated)
  Task: RCA: Playwright navigation of a live non-headless browser destroyed operator's unsaved editor work; editor has no document autosave
  Duration: 0 days (147 min)
  Updates: 2
  Commits: 3
  Lines: +566 -37 across 7 files
  Outcomes: 7 AC checked
  Challenges: 2 detected from git
  Artifacts: 7 files tracked
  Decisions: recorded from task file

Source: /opt/832-Workflow-designer/.tasks/completed/T-126-rca-playwright-navigation-of-a-live-non-.md
--- exit code: 0 ---
