=== episodic-gen invocation: 2026-07-06T08:10:11Z ===
task_id: T-123
FRAMEWORK_ROOT: /opt/832-Workflow-designer/.agentic-framework
PROJECT_ROOT: /opt/832-Workflow-designer
CONTEXT_DIR: /opt/832-Workflow-designer/.context
CONTEXT_AGENT: /opt/832-Workflow-designer/.agentic-framework/agents/context/context.sh
cwd: /opt/832-Workflow-designer
--- context.sh output ---
Episodic generated: /opt/832-Workflow-designer/.context/episodic/T-123.yaml

  Status: ✓ complete (Auto-generated)
  Task: Edge-label on-gateway declutter: push branch labels clear of their source gateway glyph
  Duration: 0 days (6 min)
  Updates: 2
  Commits: 1
  Lines: +212 -0 across 2 files
  Outcomes: 4 AC checked
  Challenges: 1 detected from git
  Artifacts: 2 files tracked
  Decisions: recorded from task file

Source: /opt/832-Workflow-designer/.tasks/completed/T-123-edge-label-on-gateway-declutter-push-bra.md
--- exit code: 0 ---
