=== episodic-gen invocation: 2026-07-06T11:58:32Z ===
task_id: T-128
FRAMEWORK_ROOT: /opt/832-Workflow-designer/.agentic-framework
PROJECT_ROOT: /opt/832-Workflow-designer
CONTEXT_DIR: /opt/832-Workflow-designer/.context
CONTEXT_AGENT: /opt/832-Workflow-designer/.agentic-framework/agents/context/context.sh
cwd: /opt/832-Workflow-designer/.agentic-framework
--- context.sh output ---
Episodic generated: /opt/832-Workflow-designer/.context/episodic/T-128.yaml

  Status: ✓ complete (Auto-generated)
  Task: Editor persistence, versioning and recovery subsystem
  Duration: 0 days (20 min)
  Updates: 3
  Commits: 1
  Lines: +2277 -2231 across 111 files
  Outcomes: 4 AC checked
  Artifacts: 111 files tracked
  Decisions: recorded from task file

Source: /opt/832-Workflow-designer/.tasks/completed/T-128-editor-persistence-versioning-and-recove.md
--- exit code: 0 ---
