=== episodic-gen invocation: 2026-07-06T06:22:26Z ===
task_id: T-121
FRAMEWORK_ROOT: /opt/832-Workflow-designer/.agentic-framework
PROJECT_ROOT: /opt/832-Workflow-designer
CONTEXT_DIR: /opt/832-Workflow-designer/.context
CONTEXT_AGENT: /opt/832-Workflow-designer/.agentic-framework/agents/context/context.sh
cwd: /opt/832-Workflow-designer
--- context.sh output ---
Episodic generated: /opt/832-Workflow-designer/.context/episodic/T-121.yaml

  Status: ✓ complete (Auto-generated)
  Task: inception-review layout: align emit-human column and record-end centres for clean midpoint attach
  Duration: 0 days (4 min)
  Updates: 2
  Commits: 1
  Lines: +1192 -221 across 20 files
  Outcomes: 6 AC checked
  Challenges: 1 detected from git
  Artifacts: 20 files tracked
  Decisions: recorded from task file

Source: /opt/832-Workflow-designer/.tasks/completed/T-121-inception-review-layout-align-emit-human.md
--- exit code: 0 ---
