=== episodic-gen invocation: 2026-07-06T13:51:27Z ===
task_id: T-133
FRAMEWORK_ROOT: /opt/832-Workflow-designer/.agentic-framework
PROJECT_ROOT: /opt/832-Workflow-designer
CONTEXT_DIR: /opt/832-Workflow-designer/.context
CONTEXT_AGENT: /opt/832-Workflow-designer/.agentic-framework/agents/context/context.sh
cwd: /opt/832-Workflow-designer
--- context.sh output ---
Episodic generated: /opt/832-Workflow-designer/.context/episodic/T-133.yaml

  Status: ✓ complete (Auto-generated)
  Task: Enlarge edge endpoint handle hover/grab target
  Duration: 0 days (4 min)
  Updates: 2
  Commits: 1
  Lines: +347 -8 across 3 files
  Outcomes: 5 AC checked
  Artifacts: 3 files tracked
  Decisions: recorded from task file

Source: /opt/832-Workflow-designer/.tasks/completed/T-133-enlarge-edge-endpoint-handle-hovergrab-t.md
--- exit code: 0 ---
