=== episodic-gen invocation: 2026-07-07T14:05:05Z ===
task_id: T-138
FRAMEWORK_ROOT: /opt/832-Workflow-designer/.agentic-framework
PROJECT_ROOT: /opt/832-Workflow-designer
CONTEXT_DIR: /opt/832-Workflow-designer/.context
CONTEXT_AGENT: /opt/832-Workflow-designer/.agentic-framework/agents/context/context.sh
cwd: /opt/832-Workflow-designer
--- context.sh output ---
Episodic generated: /opt/832-Workflow-designer/.context/episodic/T-138.yaml

  Status: ✓ complete (Auto-generated)
  Task: Gallery save API allow-list: scratch maps must not pollute committed corpus
  Duration: 0 days (3 min)
  Updates: 2
  Commits: 1
  Lines: +364 -12 across 3 files
  Outcomes: 6 AC checked
  Artifacts: 3 files tracked
  Decisions: recorded from task file

Source: /opt/832-Workflow-designer/.tasks/completed/T-138-gallery-save-api-allow-list-scratch-maps.md
--- exit code: 0 ---
