=== episodic-gen invocation: 2026-07-08T06:07:04Z ===
task_id: T-142
FRAMEWORK_ROOT: /opt/832-Workflow-designer/.agentic-framework
PROJECT_ROOT: /opt/832-Workflow-designer
CONTEXT_DIR: /opt/832-Workflow-designer/.context
CONTEXT_AGENT: /opt/832-Workflow-designer/.agentic-framework/agents/context/context.sh
cwd: /opt/832-Workflow-designer/.agentic-framework
--- context.sh output ---
Episodic generated: /opt/832-Workflow-designer/.context/episodic/T-142.yaml

  Status: ✓ complete (Auto-generated)
  Task: In-editor Open-from-project browser for workflow files
  Duration: 1 days (698 min)
  Updates: 3
  Commits: 2
  Lines: +466 -67 across 14 files
  Outcomes: 4 AC checked
  Artifacts: 14 files tracked
  Decisions: recorded from task file

Source: /opt/832-Workflow-designer/.tasks/completed/T-142-in-editor-open-from-project-browser-for-.md
--- exit code: 0 ---
