=== episodic-gen invocation: 2026-07-07T17:22:45Z ===
task_id: T-140
FRAMEWORK_ROOT: /opt/832-Workflow-designer/.agentic-framework
PROJECT_ROOT: /opt/832-Workflow-designer
CONTEXT_DIR: /opt/832-Workflow-designer/.context
CONTEXT_AGENT: /opt/832-Workflow-designer/.agentic-framework/agents/context/context.sh
cwd: /opt/832-Workflow-designer
--- context.sh output ---
Episodic generated: /opt/832-Workflow-designer/.context/episodic/T-140.yaml

  Status: ✓ complete (Auto-generated)
  Task: Built-in seed map autosaves a spurious 'investigate' version entry at Init
  Duration: 0 days (21 min)
  Updates: 3
  Commits: 1
  Lines: +176 -0 across 1 files
  Outcomes: 5 AC checked
  Challenges: 1 detected from git
  Artifacts: 1 files tracked
  Decisions: recorded from task file

Source: /opt/832-Workflow-designer/.tasks/completed/T-140-built-in-seed-map-autosaves-a-spurious-i.md
--- exit code: 0 ---
