=== episodic-gen invocation: 2026-07-09T11:24:17Z ===
task_id: T-148
FRAMEWORK_ROOT: /opt/832-Workflow-designer/.agentic-framework
PROJECT_ROOT: /opt/832-Workflow-designer
CONTEXT_DIR: /opt/832-Workflow-designer/.context
CONTEXT_AGENT: /opt/832-Workflow-designer/.agentic-framework/agents/context/context.sh
cwd: /opt/832-Workflow-designer
--- context.sh output ---
Episodic generated: /opt/832-Workflow-designer/.context/episodic/T-148.yaml

  Status: ✓ complete (Auto-generated)
  Task: Revert shows wrong toast — reuses autosave-restore banner
  Duration: 0 days (4 min)
  Updates: 2
  Commits: 1
  Lines: +219 -15 across 4 files
  Outcomes: 4 AC checked
  Challenges: 1 detected from git
  Artifacts: 4 files tracked
  Decisions: recorded from task file

Source: /opt/832-Workflow-designer/.tasks/completed/T-148-revert-shows-wrong-toast--reuses-autosav.md
--- exit code: 0 ---
