=== episodic-gen invocation: 2026-07-09T12:17:33Z ===
task_id: T-149
FRAMEWORK_ROOT: /opt/832-Workflow-designer/.agentic-framework
PROJECT_ROOT: /opt/832-Workflow-designer
CONTEXT_DIR: /opt/832-Workflow-designer/.context
CONTEXT_AGENT: /opt/832-Workflow-designer/.agentic-framework/agents/context/context.sh
cwd: /opt/832-Workflow-designer
--- context.sh output ---
Episodic generated: /opt/832-Workflow-designer/.context/episodic/T-149.yaml

  Status: ✓ complete (Auto-generated)
  Task: Versions modal thumbnail 404 leaves blank gap — apply placeholder
  Duration: 0 days (52 min)
  Updates: 2
  Commits: 2
  Lines: +258 -24 across 3 files
  Outcomes: 4 AC checked
  Challenges: 1 detected from git
  Artifacts: 3 files tracked
  Decisions: recorded from task file

Source: /opt/832-Workflow-designer/.tasks/completed/T-149-versions-modal-thumbnail-404-leaves-blan.md
--- exit code: 0 ---
