=== episodic-gen invocation: 2026-07-09T11:15:26Z ===
task_id: T-146
FRAMEWORK_ROOT: /opt/832-Workflow-designer/.agentic-framework
PROJECT_ROOT: /opt/832-Workflow-designer
CONTEXT_DIR: /opt/832-Workflow-designer/.context
CONTEXT_AGENT: /opt/832-Workflow-designer/.agentic-framework/agents/context/context.sh
cwd: /opt/832-Workflow-designer
--- context.sh output ---
Episodic generated: /opt/832-Workflow-designer/.context/episodic/T-146.yaml

  Status: ✓ complete (Auto-generated)
  Task: Evaluate version storage-browsing-retrieval via Playwright
  Duration: 0 days (17 min)
  Updates: 2
  Commits: 2
  Lines: +217 -32 across 5 files
  Outcomes: 3 AC checked
  Artifacts: 5 files tracked
  Decisions: recorded from task file

Source: /opt/832-Workflow-designer/.tasks/completed/T-146-evaluate-version-storage-browsing-retrie.md
--- exit code: 0 ---
