=== episodic-gen invocation: 2026-07-09T11:19:23Z ===
task_id: T-147
FRAMEWORK_ROOT: /opt/832-Workflow-designer/.agentic-framework
PROJECT_ROOT: /opt/832-Workflow-designer
CONTEXT_DIR: /opt/832-Workflow-designer/.context
CONTEXT_AGENT: /opt/832-Workflow-designer/.agentic-framework/agents/context/context.sh
cwd: /opt/832-Workflow-designer
--- context.sh output ---
Episodic generated: /opt/832-Workflow-designer/.context/episodic/T-147.yaml

  Status: ✓ complete (Auto-generated)
  Task: Fix Open-project misfire when autosave-restore is pending
  Duration: 0 days (3 min)
  Updates: 2
  Commits: 1
  Lines: +179 -0 across 2 files
  Outcomes: 2 AC checked
  Artifacts: 2 files tracked
  Decisions: recorded from task file

Source: /opt/832-Workflow-designer/.tasks/completed/T-147-fix-open-project-misfire-when-autosave-r.md
--- exit code: 0 ---
