=== episodic-gen invocation: 2026-07-09T07:13:55Z ===
task_id: T-145
FRAMEWORK_ROOT: /opt/832-Workflow-designer/.agentic-framework
PROJECT_ROOT: /opt/832-Workflow-designer
CONTEXT_DIR: /opt/832-Workflow-designer/.context
CONTEXT_AGENT: /opt/832-Workflow-designer/.agentic-framework/agents/context/context.sh
cwd: /opt/832-Workflow-designer
--- context.sh output ---
Episodic generated: /opt/832-Workflow-designer/.context/episodic/T-145.yaml

  Status: ✓ complete (Auto-generated)
  Task: Adopt 11 editor-saved layouts as canonical corpus + commit version stores
  Duration: 0 days (2 min)
  Updates: 2
  Commits: 2
  Lines: +10447 -1508 across 78 files
  Outcomes: 5 AC checked
  Artifacts: 78 files tracked
  Decisions: recorded from task file

Source: /opt/832-Workflow-designer/.tasks/completed/T-145-adopt-11-editor-saved-layouts-as-canonic.md
--- exit code: 0 ---
