=== episodic-gen invocation: 2026-07-09T15:38:17Z ===
task_id: T-158
FRAMEWORK_ROOT: /opt/832-Workflow-designer/.agentic-framework
PROJECT_ROOT: /opt/832-Workflow-designer
CONTEXT_DIR: /opt/832-Workflow-designer/.context
CONTEXT_AGENT: /opt/832-Workflow-designer/.agentic-framework/agents/context/context.sh
cwd: /opt/832-Workflow-designer
--- context.sh output ---
Episodic generated: /opt/832-Workflow-designer/.context/episodic/T-158.yaml

  Status: ✓ complete (Auto-generated)
  Task: Remove the bare 'v1' contract-version badge from the toolbar
  Duration: 0 days (3 min)
  Updates: 2
  Commits: 2
  Lines: +206 -19 across 3 files
  Outcomes: 5 AC checked
  Artifacts: 3 files tracked
  Decisions: recorded from task file

Source: /opt/832-Workflow-designer/.tasks/completed/T-158-remove-the-bare-v1-contract-version-badg.md
--- exit code: 0 ---
