=== episodic-gen invocation: 2026-07-09T12:36:44Z ===
task_id: T-152
FRAMEWORK_ROOT: /opt/832-Workflow-designer/.agentic-framework
PROJECT_ROOT: /opt/832-Workflow-designer
CONTEXT_DIR: /opt/832-Workflow-designer/.context
CONTEXT_AGENT: /opt/832-Workflow-designer/.agentic-framework/agents/context/context.sh
cwd: /opt/832-Workflow-designer
--- context.sh output ---
Episodic generated: /opt/832-Workflow-designer/.context/episodic/T-152.yaml

  Status: ✓ complete (Auto-generated)
  Task: Disambiguate two colliding 'version' concepts in the editor (F5)
  Duration: 0 days (5 min)
  Updates: 2
  Commits: 1
  Lines: +202 -1 across 3 files
  Outcomes: 4 AC checked
  Artifacts: 3 files tracked
  Decisions: recorded from task file

Source: /opt/832-Workflow-designer/.tasks/completed/T-152-disambiguate-two-colliding-version-conce.md
--- exit code: 0 ---
