=== episodic-gen invocation: 2026-07-09T12:30:50Z ===
task_id: T-151
FRAMEWORK_ROOT: /opt/832-Workflow-designer/.agentic-framework
PROJECT_ROOT: /opt/832-Workflow-designer
CONTEXT_DIR: /opt/832-Workflow-designer/.context
CONTEXT_AGENT: /opt/832-Workflow-designer/.agentic-framework/agents/context/context.sh
cwd: /opt/832-Workflow-designer
--- context.sh output ---
Episodic generated: /opt/832-Workflow-designer/.context/episodic/T-151.yaml

  Status: ✓ complete (Auto-generated)
  Task: Open-project card title clipped against thumbnail edge (F6)
  Duration: 0 days (2 min)
  Updates: 2
  Commits: 1
  Lines: +197 -1 across 3 files
  Outcomes: 4 AC checked
  Artifacts: 3 files tracked
  Decisions: recorded from task file

Source: /opt/832-Workflow-designer/.tasks/completed/T-151-open-project-card-title-clipped-against-.md
--- exit code: 0 ---
