=== episodic-gen invocation: 2026-07-09T15:08:09Z ===
task_id: T-156
FRAMEWORK_ROOT: /opt/832-Workflow-designer/.agentic-framework
PROJECT_ROOT: /opt/832-Workflow-designer
CONTEXT_DIR: /opt/832-Workflow-designer/.context
CONTEXT_AGENT: /opt/832-Workflow-designer/.agentic-framework/agents/context/context.sh
cwd: /opt/832-Workflow-designer
--- context.sh output ---
Episodic generated: /opt/832-Workflow-designer/.context/episodic/T-156.yaml

  Status: ✓ complete (Auto-generated)
  Task: Open-project card hover-zoom preview (non-overlapping enlarged view)
  Duration: 0 days (6 min)
  Updates: 2
  Commits: 1
  Lines: +271 -0 across 3 files
  Outcomes: 5 AC checked
  Artifacts: 3 files tracked
  Decisions: recorded from task file

Source: /opt/832-Workflow-designer/.tasks/completed/T-156-open-project-card-hover-zoom-preview-non.md
--- exit code: 0 ---
