=== episodic-gen invocation: 2026-07-09T19:42:14Z ===
task_id: T-154
FRAMEWORK_ROOT: /opt/832-Workflow-designer/.agentic-framework
PROJECT_ROOT: /opt/832-Workflow-designer
CONTEXT_DIR: /opt/832-Workflow-designer/.context
CONTEXT_AGENT: /opt/832-Workflow-designer/.agentic-framework/agents/context/context.sh
cwd: /opt/832-Workflow-designer
--- context.sh output ---
Episodic generated: /opt/832-Workflow-designer/.context/episodic/T-154.yaml

  Status: ✓ complete (Auto-generated)
  Task: Open-project vs workflow-picker dropdown overlap (dedupe/clarify)
  Duration: 0 days (280 min)
  Updates: 3
  Commits: 1
  Lines: +50 -13 across 2 files
  Outcomes: 6 AC checked
  Artifacts: 2 files tracked
  Decisions: recorded from task file

Source: /opt/832-Workflow-designer/.tasks/completed/T-154-open-project-vs-workflow-picker-dropdown.md
--- exit code: 0 ---
