=== episodic-gen invocation: 2026-07-09T19:51:25Z ===
task_id: T-159
FRAMEWORK_ROOT: /opt/832-Workflow-designer/.agentic-framework
PROJECT_ROOT: /opt/832-Workflow-designer
CONTEXT_DIR: /opt/832-Workflow-designer/.context
CONTEXT_AGENT: /opt/832-Workflow-designer/.agentic-framework/agents/context/context.sh
cwd: /opt/832-Workflow-designer
--- context.sh output ---
Episodic generated: /opt/832-Workflow-designer/.context/episodic/T-159.yaml

  Status: ✓ complete (Auto-generated)
  Task: Rename properties 'Library' section to 'Recently opened'
  Duration: 0 days (3 min)
  Updates: 2
  Commits: 1
  Lines: +202 -2 across 2 files
  Outcomes: 4 AC checked
  Artifacts: 2 files tracked
  Decisions: recorded from task file

Source: /opt/832-Workflow-designer/.tasks/completed/T-159-rename-properties-library-section-to-rec.md
--- exit code: 0 ---
