=== episodic-gen invocation: 2026-07-09T15:52:37Z ===
task_id: T-153
FRAMEWORK_ROOT: /opt/832-Workflow-designer/.agentic-framework
PROJECT_ROOT: /opt/832-Workflow-designer
CONTEXT_DIR: /opt/832-Workflow-designer/.context
CONTEXT_AGENT: /opt/832-Workflow-designer/.agentic-framework/agents/context/context.sh
cwd: /opt/832-Workflow-designer
--- context.sh output ---
Episodic generated: /opt/832-Workflow-designer/.context/episodic/T-153.yaml

  Status: ✓ complete (Auto-generated)
  Task: Consistent tiles: generate thumbnails for rendered-corpus maps (Open-project)
  Duration: 0 days (50 min)
  Updates: 3
  Commits: 2
  Lines: +180 -22 across 28 files
  Outcomes: 6 AC checked
  Challenges: 1 detected from git
  Artifacts: 28 files tracked
  Decisions: recorded from task file

Source: /opt/832-Workflow-designer/.tasks/completed/T-153-consistent-tiles-generate-thumbnails-for.md
--- exit code: 0 ---
