=== episodic-gen invocation: 2026-07-09T15:13:53Z ===
task_id: T-157
FRAMEWORK_ROOT: /opt/832-Workflow-designer/.agentic-framework
PROJECT_ROOT: /opt/832-Workflow-designer
CONTEXT_DIR: /opt/832-Workflow-designer/.context
CONTEXT_AGENT: /opt/832-Workflow-designer/.agentic-framework/agents/context/context.sh
cwd: /opt/832-Workflow-designer
--- context.sh output ---
Episodic generated: /opt/832-Workflow-designer/.context/episodic/T-157.yaml

  Status: ✓ complete (Auto-generated)
  Task: Show current map's loaded saved-version in the toolbar
  Duration: 0 days (5 min)
  Updates: 2
  Commits: 1
  Lines: +222 -0 across 3 files
  Outcomes: 5 AC checked
  Artifacts: 3 files tracked
  Decisions: recorded from task file

Source: /opt/832-Workflow-designer/.tasks/completed/T-157-show-current-maps-loaded-saved-version-i.md
--- exit code: 0 ---
