=== episodic-gen invocation: 2026-07-09T12:27:03Z ===
task_id: T-150
FRAMEWORK_ROOT: /opt/832-Workflow-designer/.agentic-framework
PROJECT_ROOT: /opt/832-Workflow-designer
CONTEXT_DIR: /opt/832-Workflow-designer/.context
CONTEXT_AGENT: /opt/832-Workflow-designer/.agentic-framework/agents/context/context.sh
cwd: /opt/832-Workflow-designer
--- context.sh output ---
Episodic generated: /opt/832-Workflow-designer/.context/episodic/T-150.yaml

  Status: ✓ complete (Auto-generated)
  Task: Version notes are inert: wire up or remove the note field (F4)
  Duration: 0 days (7 min)
  Updates: 2
  Commits: 1
  Lines: +214 -1 across 3 files
  Outcomes: 5 AC checked
  Artifacts: 3 files tracked
  Decisions: recorded from task file

Source: /opt/832-Workflow-designer/.tasks/completed/T-150-version-notes-are-inert-wire-up-or-remov.md
--- exit code: 0 ---
