=== episodic-gen invocation: 2026-07-10T04:40:46Z ===
task_id: T-169
FRAMEWORK_ROOT: /opt/832-Workflow-designer/.agentic-framework
PROJECT_ROOT: /opt/832-Workflow-designer
CONTEXT_DIR: /opt/832-Workflow-designer/.context
CONTEXT_AGENT: /opt/832-Workflow-designer/.agentic-framework/agents/context/context.sh
cwd: /opt/832-Workflow-designer
--- context.sh output ---
Episodic generated: /opt/832-Workflow-designer/.context/episodic/T-169.yaml

  Status: ✓ complete (Auto-generated)
  Task: G-020 gate circularly blocks its own type-inception remediation
  Duration: 0 days (3 min)
  Updates: 4
  Commits: 1
  Lines: +408 -1 across 3 files
  Outcomes: 5 AC checked
  Artifacts: 3 files tracked
  Decisions: recorded from task file

Source: /opt/832-Workflow-designer/.tasks/completed/T-169-g-020-gate-circularly-blocks-its-own-typ.md
--- exit code: 0 ---
