=== episodic-gen invocation: 2026-07-09T22:33:09Z ===
task_id: T-161
FRAMEWORK_ROOT: /opt/832-Workflow-designer/.agentic-framework
PROJECT_ROOT: /opt/832-Workflow-designer
CONTEXT_DIR: /opt/832-Workflow-designer/.context
CONTEXT_AGENT: /opt/832-Workflow-designer/.agentic-framework/agents/context/context.sh
cwd: /opt/832-Workflow-designer
--- context.sh output ---
Episodic generated: /opt/832-Workflow-designer/.context/episodic/T-161.yaml

  Status: ✓ complete (Auto-generated)
  Task: Replace native save-note prompt() with styled in-app modal
  Duration: 0 days (2 min)
  Updates: 2
  Commits: 1
  Lines: +267 -4 across 2 files
  Outcomes: 5 AC checked
  Artifacts: 2 files tracked
  Decisions: recorded from task file

Source: /opt/832-Workflow-designer/.tasks/completed/T-161-replace-native-save-note-prompt-with-sty.md
--- exit code: 0 ---
