=== episodic-gen invocation: 2026-07-09T22:40:05Z ===
task_id: T-162
FRAMEWORK_ROOT: /opt/832-Workflow-designer/.agentic-framework
PROJECT_ROOT: /opt/832-Workflow-designer
CONTEXT_DIR: /opt/832-Workflow-designer/.context
CONTEXT_AGENT: /opt/832-Workflow-designer/.agentic-framework/agents/context/context.sh
cwd: /opt/832-Workflow-designer
--- context.sh output ---
Episodic generated: /opt/832-Workflow-designer/.context/episodic/T-162.yaml

  Status: ✓ complete (Auto-generated)
  Task: Open-project cards collapse and clip map-name labels (tile flex-shrink)
  Duration: 0 days (4 min)
  Updates: 2
  Commits: 1
  Lines: +209 -3 across 2 files
  Outcomes: 4 AC checked
  Challenges: 1 detected from git
  Artifacts: 2 files tracked
  Decisions: recorded from task file

Source: /opt/832-Workflow-designer/.tasks/completed/T-162-open-project-cards-collapse-and-clip-map.md
--- exit code: 0 ---
