=== episodic-gen invocation: 2026-07-09T20:22:27Z ===
task_id: T-160
FRAMEWORK_ROOT: /opt/832-Workflow-designer/.agentic-framework
PROJECT_ROOT: /opt/832-Workflow-designer
CONTEXT_DIR: /opt/832-Workflow-designer/.context
CONTEXT_AGENT: /opt/832-Workflow-designer/.agentic-framework/agents/context/context.sh
cwd: /opt/832-Workflow-designer
--- context.sh output ---
Episodic generated: /opt/832-Workflow-designer/.context/episodic/T-160.yaml

  Status: ✓ complete (Auto-generated)
  Task: Handoff nodes: double-click / panel button jumps to target workflow
  Duration: 0 days (5 min)
  Updates: 2
  Commits: 1
  Lines: +260 -0 across 2 files
  Outcomes: 5 AC checked
  Artifacts: 2 files tracked
  Decisions: recorded from task file

Source: /opt/832-Workflow-designer/.tasks/completed/T-160-handoff-nodes-double-click--panel-button.md
--- exit code: 0 ---
