=== episodic-gen invocation: 2026-07-10T19:58:19Z ===
task_id: T-177
FRAMEWORK_ROOT: /opt/832-Workflow-designer/.agentic-framework
PROJECT_ROOT: /opt/832-Workflow-designer
CONTEXT_DIR: /opt/832-Workflow-designer/.context
CONTEXT_AGENT: /opt/832-Workflow-designer/.agentic-framework/agents/context/context.sh
cwd: /opt/832-Workflow-designer
--- context.sh output ---
Episodic generated: /opt/832-Workflow-designer/.context/episodic/T-177.yaml

  Status: ✓ complete (Auto-generated)
  Task: Emit aef horizon workflow-type owner as first-class semantic attributes in designer
  Duration: 0 days (21 min)
  Updates: 2
  Commits: 1
  Lines: +185 -6 across 3 files
  Outcomes: 6 AC checked
  Artifacts: 3 files tracked
  Decisions: recorded from task file

Source: /opt/832-Workflow-designer/.tasks/completed/T-177-emit-aef-horizon-workflow-type-owner-as-.md
--- exit code: 0 ---
