=== episodic-gen invocation: 2026-07-10T04:56:25Z ===
task_id: T-171
FRAMEWORK_ROOT: /opt/832-Workflow-designer/.agentic-framework
PROJECT_ROOT: /opt/832-Workflow-designer
CONTEXT_DIR: /opt/832-Workflow-designer/.context
CONTEXT_AGENT: /opt/832-Workflow-designer/.agentic-framework/agents/context/context.sh
cwd: /opt/832-Workflow-designer
--- context.sh output ---
Episodic generated: /opt/832-Workflow-designer/.context/episodic/T-171.yaml

  Status: ✓ complete (Auto-generated)
  Task: atomic write for metrics-history.yaml to fix push-gate race
  Duration: 0 days (6 min)
  Updates: 2
  Commits: 1
  Lines: +235 -6 across 2 files
  Outcomes: 4 AC checked
  Challenges: 1 detected from git
  Artifacts: 2 files tracked
  Decisions: recorded from task file

Source: /opt/832-Workflow-designer/.tasks/completed/T-171-atomic-write-for-metrics-historyyaml-to-.md
--- exit code: 0 ---
