=== episodic-gen invocation: 2026-07-10T05:05:23Z ===
task_id: T-170
FRAMEWORK_ROOT: /opt/832-Workflow-designer/.agentic-framework
PROJECT_ROOT: /opt/832-Workflow-designer
CONTEXT_DIR: /opt/832-Workflow-designer/.context
CONTEXT_AGENT: /opt/832-Workflow-designer/.agentic-framework/agents/context/context.sh
cwd: /opt/832-Workflow-designer
--- context.sh output ---
Episodic generated: /opt/832-Workflow-designer/.context/episodic/T-170.yaml

  Status: ✓ complete (Auto-generated)
  Task: check-active-task write-pattern false-positive blocks safe bootstrap commands
  Duration: 0 days (25 min)
  Updates: 4
  Commits: 1
  Lines: +81 -10 across 2 files
  Outcomes: 4 AC checked
  Challenges: 1 detected from git
  Artifacts: 2 files tracked
  Decisions: recorded from task file

Source: /opt/832-Workflow-designer/.tasks/completed/T-170-check-active-task-write-pattern-false-po.md
--- exit code: 0 ---
