=== episodic-gen invocation: 2026-07-10T21:45:11Z ===
task_id: T-179
FRAMEWORK_ROOT: /opt/832-Workflow-designer/.agentic-framework
PROJECT_ROOT: /opt/832-Workflow-designer
CONTEXT_DIR: /opt/832-Workflow-designer/.context
CONTEXT_AGENT: /opt/832-Workflow-designer/.agentic-framework/agents/context/context.sh
cwd: /opt/832-Workflow-designer
--- context.sh output ---
Episodic generated: /opt/832-Workflow-designer/.context/episodic/T-179.yaml

  Status: ✓ complete (Auto-generated)
  Task: Playwright render-check guarding test for designer build
  Duration: 0 days (27 min)
  Updates: 3
  Commits: 2
  Lines: +7404 -5274 across 54 files
  Outcomes: 7 AC checked
  Artifacts: 54 files tracked
  Decisions: recorded from task file

Source: /opt/832-Workflow-designer/.tasks/completed/T-179-playwright-render-check-guarding-test-fo.md
--- exit code: 0 ---
