=== episodic-gen invocation: 2026-07-11T14:38:43Z ===
task_id: T-188
FRAMEWORK_ROOT: /opt/832-Workflow-designer/.agentic-framework
PROJECT_ROOT: /opt/832-Workflow-designer
CONTEXT_DIR: /opt/832-Workflow-designer/.context
CONTEXT_AGENT: /opt/832-Workflow-designer/.agentic-framework/agents/context/context.sh
cwd: /opt/832-Workflow-designer
--- context.sh output ---
Episodic generated: /opt/832-Workflow-designer/.context/episodic/T-188.yaml

  Status: ✓ complete (Auto-generated)
  Task: Bridge-editor cross-seam round-trip: prove yaml-to-bpmn emission survives editor import without silent drop (G-002 half 2)
  Duration: 0 days (5 min)
  Updates: 2
  Commits: 1
  Lines: +463 -0 across 3 files
  Outcomes: 4 AC checked
  Artifacts: 3 files tracked
  Decisions: recorded from task file

Source: /opt/832-Workflow-designer/.tasks/completed/T-188-bridge-editor-cross-seam-round-trip-prov.md
--- exit code: 0 ---
