=== episodic-gen invocation: 2026-07-11T11:49:19Z ===
task_id: T-183
FRAMEWORK_ROOT: /opt/832-Workflow-designer/.agentic-framework
PROJECT_ROOT: /opt/832-Workflow-designer
CONTEXT_DIR: /opt/832-Workflow-designer/.context
CONTEXT_AGENT: /opt/832-Workflow-designer/.agentic-framework/agents/context/context.sh
cwd: /opt/832-Workflow-designer
--- context.sh output ---
Episodic generated: /opt/832-Workflow-designer/.context/episodic/T-183.yaml

  Status: ✓ complete (Auto-generated)
  Task: Child-2: Forward bridge — 832 support (emission spec + reference fixtures for AEF translator)
  Duration: 0 days (378 min)
  Updates: 3
  Commits: 1
  Lines: +1792 -37 across 7 files
  Outcomes: 4 AC checked
  Challenges: 1 detected from git
  Artifacts: 7 files tracked
  Decisions: recorded from task file

Source: /opt/832-Workflow-designer/.tasks/completed/T-183-child-2-forward-bridge--832-support-emis.md
--- exit code: 0 ---
