=== episodic-gen invocation: 2026-07-11T05:29:27Z ===
task_id: T-182
FRAMEWORK_ROOT: /opt/832-Workflow-designer/.agentic-framework
PROJECT_ROOT: /opt/832-Workflow-designer
CONTEXT_DIR: /opt/832-Workflow-designer/.context
CONTEXT_AGENT: /opt/832-Workflow-designer/.agentic-framework/agents/context/context.sh
cwd: /opt/832-Workflow-designer
--- context.sh output ---
Episodic generated: /opt/832-Workflow-designer/.context/episodic/T-182.yaml

  Status: ✓ complete (Auto-generated)
  Task: Child-1: Publish AEF BPMN mapping standard v1 + conformance test
  Duration: 0 days (3 min)
  Updates: 2
  Commits: 1
  Lines: +472 -0 across 3 files
  Outcomes: 6 AC checked
  Artifacts: 3 files tracked
  Decisions: recorded from task file

Source: /opt/832-Workflow-designer/.tasks/completed/T-182-child-1-publish-aef-bpmn-mapping-standar.md
--- exit code: 0 ---
