=== episodic-gen invocation: 2026-07-10T21:55:59Z ===
task_id: T-181
FRAMEWORK_ROOT: /opt/832-Workflow-designer/.agentic-framework
PROJECT_ROOT: /opt/832-Workflow-designer
CONTEXT_DIR: /opt/832-Workflow-designer/.context
CONTEXT_AGENT: /opt/832-Workflow-designer/.agentic-framework/agents/context/context.sh
cwd: /opt/832-Workflow-designer
--- context.sh output ---
Episodic generated: /opt/832-Workflow-designer/.context/episodic/T-181.yaml

  Status: ✓ complete (Auto-generated)
  Task: Tag designer releases per provenance convention
  Duration: 0 days (1 min)
  Updates: 2
  Commits: 1
  Lines: +190 -0 across 1 files
  Outcomes: 4 AC checked
  Artifacts: 1 files tracked
  Decisions: recorded from task file

Source: /opt/832-Workflow-designer/.tasks/completed/T-181-tag-designer-releases-per-provenance-con.md
--- exit code: 0 ---
