=== episodic-gen invocation: 2026-07-11T14:22:24Z ===
task_id: T-187
FRAMEWORK_ROOT: /opt/832-Workflow-designer/.agentic-framework
PROJECT_ROOT: /opt/832-Workflow-designer
CONTEXT_DIR: /opt/832-Workflow-designer/.context
CONTEXT_AGENT: /opt/832-Workflow-designer/.agentic-framework/agents/context/context.sh
cwd: /opt/832-Workflow-designer
--- context.sh output ---
Episodic generated: /opt/832-Workflow-designer/.context/episodic/T-187.yaml

  Status: ✓ complete (Auto-generated)
  Task: Round-trip serialization harness: editor parse/emit idempotence (close G-002)
  Duration: 0 days (8 min)
  Updates: 2
  Commits: 1
  Lines: +491 -0 across 3 files
  Outcomes: 4 AC checked
  Challenges: 1 detected from git
  Artifacts: 3 files tracked
  Decisions: recorded from task file

Source: /opt/832-Workflow-designer/.tasks/completed/T-187-round-trip-serialization-harness-editor-.md
--- exit code: 0 ---
