=== episodic-gen invocation: 2026-07-10T21:51:02Z ===
task_id: T-180
FRAMEWORK_ROOT: /opt/832-Workflow-designer/.agentic-framework
PROJECT_ROOT: /opt/832-Workflow-designer
CONTEXT_DIR: /opt/832-Workflow-designer/.context
CONTEXT_AGENT: /opt/832-Workflow-designer/.agentic-framework/agents/context/context.sh
cwd: /opt/832-Workflow-designer
--- context.sh output ---
Episodic generated: /opt/832-Workflow-designer/.context/episodic/T-180.yaml

  Status: ✓ complete (Auto-generated)
  Task: Add designer render-check as a release-script gate
  Duration: 0 days (3 min)
  Updates: 2
  Commits: 1
  Lines: +189 -0 across 3 files
  Outcomes: 4 AC checked
  Artifacts: 3 files tracked
  Decisions: recorded from task file

Source: /opt/832-Workflow-designer/.tasks/completed/T-180-add-designer-render-check-as-a-release-s.md
--- exit code: 0 ---
