=== episodic-gen invocation: 2026-07-12T21:09:41Z ===
task_id: T-196
FRAMEWORK_ROOT: /opt/832-Workflow-designer/.agentic-framework
PROJECT_ROOT: /opt/832-Workflow-designer
CONTEXT_DIR: /opt/832-Workflow-designer/.context
CONTEXT_AGENT: /opt/832-Workflow-designer/.agentic-framework/agents/context/context.sh
cwd: /opt/832-Workflow-designer
--- context.sh output ---
Episodic generated: /opt/832-Workflow-designer/.context/episodic/T-196.yaml

  Status: ✓ complete (Auto-generated)
  Task: IW-9 owner-from-lane behavioral change (832 editor/bridge)
  Duration: 0 days (23 min)
  Updates: 3
  Commits: 1
  Lines: +447 -36 across 4 files
  Outcomes: 6 AC checked
  Challenges: 1 detected from git
  Artifacts: 4 files tracked
  Decisions: recorded from task file

Source: /opt/832-Workflow-designer/.tasks/completed/T-196-iw-9-owner-from-lane-behavioral-change-8.md
--- exit code: 0 ---
