=== episodic-gen invocation: 2026-07-12T13:19:34Z ===
task_id: T-191
FRAMEWORK_ROOT: /opt/832-Workflow-designer/.agentic-framework
PROJECT_ROOT: /opt/832-Workflow-designer
CONTEXT_DIR: /opt/832-Workflow-designer/.context
CONTEXT_AGENT: /opt/832-Workflow-designer/.agentic-framework/agents/context/context.sh
cwd: /opt/832-Workflow-designer
--- context.sh output ---
Episodic generated: /opt/832-Workflow-designer/.context/episodic/T-191.yaml

  Status: ✓ complete (Auto-generated)
  Task: Package and deliver 24-map rendered corpus to AEF as rail fixture drop (T-559 boundary)
  Duration: 0 days (7 min)
  Updates: 2
  Commits: 1
  Lines: +191 -0 across 1 files
  Outcomes: 4 AC checked
  Challenges: 1 detected from git
  Artifacts: 1 files tracked
  Decisions: recorded from task file

Source: /opt/832-Workflow-designer/.tasks/completed/T-191-package-and-deliver-24-map-rendered-corp.md
--- exit code: 0 ---
