=== episodic-gen invocation: 2026-09-01T19:36:51Z ===
task_id: T-195
FRAMEWORK_ROOT: /opt/832-Workflow-designer/.agentic-framework
PROJECT_ROOT: /opt/832-Workflow-designer
CONTEXT_DIR: /opt/832-Workflow-designer/.context
CONTEXT_AGENT: /opt/832-Workflow-designer/.agentic-framework/agents/context/context.sh
cwd: /opt/832-Workflow-designer
--- context.sh output ---
Episodic generated: /opt/832-Workflow-designer/.context/episodic/T-195.yaml

  Status: ✓ complete (Auto-generated)
  Task: Draft G-3 collapsed-inception v1.1 delta proposal + reconcile forward-compile
  Duration: 51 days (73438 min)
  Updates: 2
  Commits: 4
  Lines: +396 -47 across 12 files
  Outcomes: 5 AC checked
  Challenges: 1 detected from git
  Artifacts: 12 files tracked
  Decisions: recorded from task file

Source: /opt/832-Workflow-designer/.tasks/completed/T-195-draft-g-3-collapsed-inception-v11-delta-.md
--- exit code: 0 ---
