=== episodic-gen invocation: 2026-07-16T05:30:55Z ===
task_id: T-198
FRAMEWORK_ROOT: /opt/832-Workflow-designer/.agentic-framework
PROJECT_ROOT: /opt/832-Workflow-designer
CONTEXT_DIR: /opt/832-Workflow-designer/.context
CONTEXT_AGENT: /opt/832-Workflow-designer/.agentic-framework/agents/context/context.sh
cwd: /opt/832-Workflow-designer
--- context.sh output ---
Episodic generated: /opt/832-Workflow-designer/.context/episodic/T-198.yaml

  Status: ✓ complete (Auto-generated)
  Task: Release immutability guard: refuse to overwrite an already-released VERSION with different bytes (G-007)
  Duration: 0 days (4 min)
  Updates: 3
  Commits: 1
  Lines: +545 -0 across 4 files
  Outcomes: 8 AC checked
  Artifacts: 4 files tracked
  Decisions: recorded from task file

Source: /opt/832-Workflow-designer/.tasks/completed/T-198-release-immutability-guard-refuse-to-ove.md
--- exit code: 0 ---
