=== episodic-gen invocation: 2026-07-17T11:02:02Z ===
task_id: T-199
FRAMEWORK_ROOT: /opt/832-Workflow-designer/.agentic-framework
PROJECT_ROOT: /opt/832-Workflow-designer
CONTEXT_DIR: /opt/832-Workflow-designer/.context
CONTEXT_AGENT: /opt/832-Workflow-designer/.agentic-framework/agents/context/context.sh
cwd: /opt/832-Workflow-designer
--- context.sh output ---
Episodic generated: /opt/832-Workflow-designer/.context/episodic/T-199.yaml

  Status: ✓ complete (Auto-generated)
  Task: O-3 hole: a laneSet-less process silently accepts an inception — fix the early return + lock every absent-authority case
  Duration: 0 days (3 min)
  Updates: 3
  Commits: 1
  Lines: +341 -4 across 3 files
  Outcomes: 8 AC checked
  Artifacts: 3 files tracked
  Decisions: recorded from task file

Source: /opt/832-Workflow-designer/.tasks/completed/T-199-lock-the-o-3-name-only-lane-reading-with.md
--- exit code: 0 ---
