=== episodic-gen invocation: 2026-07-12T19:34:32Z ===
task_id: T-194
FRAMEWORK_ROOT: /opt/832-Workflow-designer/.agentic-framework
PROJECT_ROOT: /opt/832-Workflow-designer
CONTEXT_DIR: /opt/832-Workflow-designer/.context
CONTEXT_AGENT: /opt/832-Workflow-designer/.agentic-framework/agents/context/context.sh
cwd: /opt/832-Workflow-designer
--- context.sh output ---
Episodic generated: /opt/832-Workflow-designer/.context/episodic/T-194.yaml

  Status: ✓ complete (Auto-generated)
  Task: Sync forward-compile spec §5 corpus inventory with the 5th (inception) fixture
  Duration: 0 days (3 min)
  Updates: 2
  Commits: 1
  Lines: +203 -10 across 2 files
  Outcomes: 5 AC checked
  Challenges: 1 detected from git
  Artifacts: 2 files tracked
  Decisions: recorded from task file

Source: /opt/832-Workflow-designer/.tasks/completed/T-194-sync-forward-compile-spec-5-corpus-inven.md
--- exit code: 0 ---
