=== episodic-gen invocation: 2026-07-12T16:45:32Z ===
task_id: T-192
FRAMEWORK_ROOT: /opt/832-Workflow-designer/.agentic-framework
PROJECT_ROOT: /opt/832-Workflow-designer
CONTEXT_DIR: /opt/832-Workflow-designer/.context
CONTEXT_AGENT: /opt/832-Workflow-designer/.agentic-framework/agents/context/context.sh
cwd: /opt/832-Workflow-designer
--- context.sh output ---
Episodic generated: /opt/832-Workflow-designer/.context/episodic/T-192.yaml

  Status: ✓ complete (Auto-generated)
  Task: Author minimal inception-subProcess fixture (positive slice-3 test case for AEF)
  Duration: 0 days (4 min)
  Updates: 2
  Commits: 1
  Lines: +276 -0 across 2 files
  Outcomes: 4 AC checked
  Challenges: 1 detected from git
  Artifacts: 2 files tracked
  Decisions: recorded from task file

Source: /opt/832-Workflow-designer/.tasks/completed/T-192-author-minimal-inception-subprocess-fixt.md
--- exit code: 0 ---
