=== episodic-gen invocation: 2026-07-12T20:02:31Z ===
task_id: T-193
FRAMEWORK_ROOT: /opt/832-Workflow-designer/.agentic-framework
PROJECT_ROOT: /opt/832-Workflow-designer
CONTEXT_DIR: /opt/832-Workflow-designer/.context
CONTEXT_AGENT: /opt/832-Workflow-designer/.agentic-framework/agents/context/context.sh
cwd: /opt/832-Workflow-designer
--- context.sh output ---
Episodic generated: /opt/832-Workflow-designer/.context/episodic/T-193.yaml

  Status: ✓ complete (Auto-generated)
  Task: Re-deliver canonical inception fixture + corpus to AEF via rail artifact_ref (unblock T-2535)
  Duration: 0 days (134 min)
  Updates: 2
  Commits: 2
  Lines: +210 -2 across 2 files
  Outcomes: 5 AC checked
  Challenges: 2 detected from git
  Artifacts: 2 files tracked
  Decisions: recorded from task file

Source: /opt/832-Workflow-designer/.tasks/completed/T-193-re-deliver-canonical-inception-fixture--.md
--- exit code: 0 ---
