=== episodic-gen invocation: 2026-07-18T21:19:47Z ===
task_id: T-206
FRAMEWORK_ROOT: /opt/832-Workflow-designer/.agentic-framework
PROJECT_ROOT: /opt/832-Workflow-designer
CONTEXT_DIR: /opt/832-Workflow-designer/.context
CONTEXT_AGENT: /opt/832-Workflow-designer/.agentic-framework/agents/context/context.sh
cwd: /opt/832-Workflow-designer
--- context.sh output ---
Episodic generated: /opt/832-Workflow-designer/.context/episodic/T-206.yaml

  Status: ✓ complete (Auto-generated)
  Task: Joint integration test: designer .bpmn export -> AEF compile/promote -> gated fw task create
  Duration: 0 days (11 min)
  Updates: 2
  Commits: 1
  Lines: +495 -0 across 3 files
  Outcomes: 7 AC checked
  Artifacts: 3 files tracked
  Decisions: recorded from task file

Source: /opt/832-Workflow-designer/.tasks/completed/T-206-joint-integration-test-designer-bpmn-exp.md
--- exit code: 0 ---
