=== episodic-gen invocation: 2026-07-18T19:23:47Z ===
task_id: T-203
FRAMEWORK_ROOT: /opt/832-Workflow-designer/.agentic-framework
PROJECT_ROOT: /opt/832-Workflow-designer
CONTEXT_DIR: /opt/832-Workflow-designer/.context
CONTEXT_AGENT: /opt/832-Workflow-designer/.agentic-framework/agents/context/context.sh
cwd: /opt/832-Workflow-designer
--- context.sh output ---
Episodic generated: /opt/832-Workflow-designer/.context/episodic/T-203.yaml

  Status: ✓ complete (Auto-generated)
  Task: Disposition gate false-positive: IW-N cross-reference in rationale prose mis-tokenized as new question
  Duration: 0 days (6 min)
  Updates: 2
  Commits: 1
  Lines: +313 -2 across 5 files
  Outcomes: 3 AC checked
  Artifacts: 5 files tracked
  Decisions: recorded from task file

Source: /opt/832-Workflow-designer/.tasks/completed/T-203-disposition-gate-false-positive-iw-n-cro.md
--- exit code: 0 ---
