=== episodic-gen invocation: 2026-07-19T15:42:51Z ===
task_id: T-208
FRAMEWORK_ROOT: /opt/832-Workflow-designer/.agentic-framework
PROJECT_ROOT: /opt/832-Workflow-designer
CONTEXT_DIR: /opt/832-Workflow-designer/.context
CONTEXT_AGENT: /opt/832-Workflow-designer/.agentic-framework/agents/context/context.sh
cwd: /opt/832-Workflow-designer
--- context.sh output ---
Episodic generated: /opt/832-Workflow-designer/.context/episodic/T-208.yaml

  Status: ✓ complete (Auto-generated)
  Task: Author + pin + send two-lane joint promote fixture to AEF
  Duration: 0 days (407 min)
  Updates: 2
  Commits: 2
  Lines: +3789 -239 across 46 files
  Outcomes: 7 AC checked
  Challenges: 2 detected from git
  Artifacts: 46 files tracked
  Decisions: recorded from task file

Source: /opt/832-Workflow-designer/.tasks/completed/T-208-author--pin--send-two-lane-joint-promote.md
--- exit code: 0 ---
