=== episodic-gen invocation: 2026-07-19T12:57:51Z ===
task_id: T-207
FRAMEWORK_ROOT: /opt/832-Workflow-designer/.agentic-framework
PROJECT_ROOT: /opt/832-Workflow-designer
CONTEXT_DIR: /opt/832-Workflow-designer/.context
CONTEXT_AGENT: /opt/832-Workflow-designer/.agentic-framework/agents/context/context.sh
cwd: /opt/832-Workflow-designer
--- context.sh output ---
Episodic generated: /opt/832-Workflow-designer/.context/episodic/T-207.yaml

  Status: ✓ complete (Auto-generated)
  Task: Re-deliver designer 0.3.0 to AEF under fresh transfer-id
  Duration: 0 days (246 min)
  Updates: 2
  Commits: 1
  Lines: +58388 -35892 across 1568 files
  Outcomes: 4 AC checked
  Artifacts: 1568 files tracked
  Decisions: recorded from task file

Source: /opt/832-Workflow-designer/.tasks/completed/T-207-re-deliver-designer-030-to-aef-under-fre.md
--- exit code: 0 ---
