=== episodic-gen invocation: 2026-07-21T19:22:58Z ===
task_id: T-218
FRAMEWORK_ROOT: /opt/832-Workflow-designer/.agentic-framework
PROJECT_ROOT: /opt/832-Workflow-designer
CONTEXT_DIR: /opt/832-Workflow-designer/.context
CONTEXT_AGENT: /opt/832-Workflow-designer/.agentic-framework/agents/context/context.sh
cwd: /opt/832-Workflow-designer/.agentic-framework
--- context.sh output ---
Episodic generated: /opt/832-Workflow-designer/.context/episodic/T-218.yaml

  Status: ✓ complete (Auto-generated)
  Task: Off-page connector (link-event) pairing in AEF-captured processes — understand the gap
  Duration: 1 days (1359 min)
  Updates: 3
  Commits: 2
  Lines: +293 -3 across 2 files
  Outcomes: 4 AC checked
  Artifacts: 2 files tracked
  Decisions: recorded from task file

Source: /opt/832-Workflow-designer/.tasks/completed/T-218-off-page-connector-link-event-pairing-in.md
--- exit code: 0 ---
