=== episodic-gen invocation: 2026-07-19T21:44:30Z ===
task_id: T-216
FRAMEWORK_ROOT: /opt/832-Workflow-designer/.agentic-framework
PROJECT_ROOT: /opt/832-Workflow-designer
CONTEXT_DIR: /opt/832-Workflow-designer/.context
CONTEXT_AGENT: /opt/832-Workflow-designer/.agentic-framework/agents/context/context.sh
cwd: /opt/832-Workflow-designer
--- context.sh output ---
Episodic generated: /opt/832-Workflow-designer/.context/episodic/T-216.yaml

  Status: ✓ complete (Auto-generated)
  Task: Byte-pin guard for delivered corpus fixtures (session-handover + dispatch-loop)
  Duration: 0 days (2 min)
  Updates: 2
  Commits: 1
  Lines: +329 -0 across 3 files
  Outcomes: 3 AC checked
  Challenges: 1 detected from git
  Artifacts: 3 files tracked
  Decisions: recorded from task file

Source: /opt/832-Workflow-designer/.tasks/completed/T-216-byte-pin-guard-for-delivered-corpus-fixt.md
--- exit code: 0 ---
