=== episodic-gen invocation: 2026-07-19T22:08:36Z ===
task_id: T-217
FRAMEWORK_ROOT: /opt/832-Workflow-designer/.agentic-framework
PROJECT_ROOT: /opt/832-Workflow-designer
CONTEXT_DIR: /opt/832-Workflow-designer/.context
CONTEXT_AGENT: /opt/832-Workflow-designer/.agentic-framework/agents/context/context.sh
cwd: /opt/832-Workflow-designer
--- context.sh output ---
Episodic generated: /opt/832-Workflow-designer/.context/episodic/T-217.yaml

  Status: ✓ complete (Auto-generated)
  Task: W-PGW WARN vocabulary alignment: parallel-gateway note kind-split (AEF T-2569)
  Duration: 0 days (2 min)
  Updates: 2
  Commits: 1
  Lines: +232 -0 across 1 files
  Outcomes: 4 AC checked
  Artifacts: 1 files tracked
  Decisions: recorded from task file

Source: /opt/832-Workflow-designer/.tasks/completed/T-217-w-pgw-warn-vocabulary-alignment-parallel.md
--- exit code: 0 ---
