=== episodic-gen invocation: 2026-07-21T20:47:46Z ===
task_id: T-225
FRAMEWORK_ROOT: /opt/832-Workflow-designer/.agentic-framework
PROJECT_ROOT: /opt/832-Workflow-designer
CONTEXT_DIR: /opt/832-Workflow-designer/.context
CONTEXT_AGENT: /opt/832-Workflow-designer/.agentic-framework/agents/context/context.sh
cwd: /opt/832-Workflow-designer
--- context.sh output ---
Episodic generated: /opt/832-Workflow-designer/.context/episodic/T-225.yaml

  Status: ✓ auto-complete (Auto-generated)
  Task: S2 workflowRef connector serialization - pin uuid on aef:link, keep linkId orthogonal, targetWorkflow legacy alias (T-218 GO slice 2)
  Duration: 0 days (54 min)
  Updates: 2
  Commits: 2
  Lines: +291 -28 across 2 files
  Outcomes: 7 AC checked
  Challenges: 1 detected from git
  Artifacts: 2 files tracked

Source: /opt/832-Workflow-designer/.tasks/completed/T-225-s2-workflowref-connector-serialization--.md
--- exit code: 0 ---
