=== episodic-gen invocation: 2026-07-21T12:23:11Z ===
task_id: T-221
FRAMEWORK_ROOT: /opt/832-Workflow-designer/.agentic-framework
PROJECT_ROOT: /opt/832-Workflow-designer
CONTEXT_DIR: /opt/832-Workflow-designer/.context
CONTEXT_AGENT: /opt/832-Workflow-designer/.agentic-framework/agents/context/context.sh
cwd: /opt/832-Workflow-designer
--- context.sh output ---
Episodic generated: /opt/832-Workflow-designer/.context/episodic/T-221.yaml

  Status: ✓ complete (Auto-generated)
  Task: S1 uuid identity model — execution-ready implementation spec (pre-GO design for T-218 build slice S1)
  Duration: 0 days (1 min)
  Updates: 2
  Commits: 1
  Lines: +304 -0 across 2 files
  Outcomes: 5 AC checked
  Artifacts: 2 files tracked
  Decisions: recorded from task file

Source: /opt/832-Workflow-designer/.tasks/completed/T-221-s1-uuid-identity-model--execution-ready-.md
--- exit code: 0 ---
