=== episodic-gen invocation: 2026-07-21T12:40:17Z ===
task_id: T-222
FRAMEWORK_ROOT: /opt/832-Workflow-designer/.agentic-framework
PROJECT_ROOT: /opt/832-Workflow-designer
CONTEXT_DIR: /opt/832-Workflow-designer/.context
CONTEXT_AGENT: /opt/832-Workflow-designer/.agentic-framework/agents/context/context.sh
cwd: /opt/832-Workflow-designer
--- context.sh output ---
Episodic generated: /opt/832-Workflow-designer/.context/episodic/T-222.yaml

  Status: ✓ complete (Auto-generated)
  Task: Investigate: Tier-0 approvals not surfacing in Watchtower /approvals page
  Duration: 0 days (6 min)
  Updates: 2
  Commits: 1
  Lines: +212 -3 across 4 files
  Outcomes: 4 AC checked
  Challenges: 1 detected from git
  Artifacts: 4 files tracked
  Decisions: recorded from task file

Source: /opt/832-Workflow-designer/.tasks/completed/T-222-investigate-tier-0-approvals-not-surfaci.md
--- exit code: 0 ---
