=== episodic-gen invocation: 2026-07-21T21:33:19Z ===
task_id: T-226
FRAMEWORK_ROOT: /opt/832-Workflow-designer/.agentic-framework
PROJECT_ROOT: /opt/832-Workflow-designer
CONTEXT_DIR: /opt/832-Workflow-designer/.context
CONTEXT_AGENT: /opt/832-Workflow-designer/.agentic-framework/agents/context/context.sh
cwd: /opt/832-Workflow-designer
--- context.sh output ---
Episodic generated: /opt/832-Workflow-designer/.context/episodic/T-226.yaml

  Status: ✓ complete (Auto-generated)
  Task: S3 /api/list uuid + ghosts[] extension + registry twin (.context/designer/registry.yaml) with 3 ghost-drop rules (T-218 GO slice 3)
  Duration: 0 days (88 min)
  Updates: 2
  Commits: 1
  Lines: +199 -0 across 1 files
  Outcomes: 5 AC checked
  Artifacts: 1 files tracked
  Decisions: recorded from task file

Source: /opt/832-Workflow-designer/.tasks/completed/T-226-s3-apilist-uuid--ghosts-extension--regis.md
--- exit code: 0 ---
