=== episodic-gen invocation: 2026-07-21T22:30:51Z ===
task_id: T-229
FRAMEWORK_ROOT: /opt/832-Workflow-designer/.agentic-framework
PROJECT_ROOT: /opt/832-Workflow-designer
CONTEXT_DIR: /opt/832-Workflow-designer/.context
CONTEXT_AGENT: /opt/832-Workflow-designer/.agentic-framework/agents/context/context.sh
cwd: /opt/832-Workflow-designer
--- context.sh output ---
Episodic generated: /opt/832-Workflow-designer/.context/episodic/T-229.yaml

  Status: ✓ complete (Auto-generated)
  Task: S1 new-map mint gap: net-new maps save without workflowMeta uuid
  Duration: 0 days (6 min)
  Updates: 3
  Commits: 1
  Lines: +176 -0 across 2 files
  Outcomes: 6 AC checked
  Artifacts: 2 files tracked
  Decisions: recorded from task file

Source: /opt/832-Workflow-designer/.tasks/completed/T-229-s1-new-map-mint-gap-net-new-maps-save-wi.md
--- exit code: 0 ---
