=== episodic-gen invocation: 2026-09-01T19:38:15Z ===
task_id: T-228
FRAMEWORK_ROOT: /opt/832-Workflow-designer/.agentic-framework
PROJECT_ROOT: /opt/832-Workflow-designer
CONTEXT_DIR: /opt/832-Workflow-designer/.context
CONTEXT_AGENT: /opt/832-Workflow-designer/.agentic-framework/agents/context/context.sh
cwd: /opt/832-Workflow-designer
--- context.sh output ---
Episodic generated: /opt/832-Workflow-designer/.context/episodic/T-228.yaml

  Status: ✓ complete (Auto-generated)
  Task: S4a: off-page claim UX — editor 'create from pending ref' picker (name-match
  Duration: 42 days (60347 min)
  Updates: 3
  Commits: 7
  Lines: +1026 -71 across 8 files
  Outcomes: 7 AC checked
  Challenges: 1 detected from git
  Artifacts: 8 files tracked
  Decisions: recorded from task file

Source: /opt/832-Workflow-designer/.tasks/completed/T-228-s4-off-page-claim-ux--create-from-pendin.md
--- exit code: 0 ---
