=== episodic-gen invocation: 2026-07-21T08:43:04Z ===
task_id: T-220
FRAMEWORK_ROOT: /opt/832-Workflow-designer/.agentic-framework
PROJECT_ROOT: /opt/832-Workflow-designer
CONTEXT_DIR: /opt/832-Workflow-designer/.context
CONTEXT_AGENT: /opt/832-Workflow-designer/.agentic-framework/agents/context/context.sh
cwd: /opt/832-Workflow-designer
--- context.sh output ---
Episodic generated: /opt/832-Workflow-designer/.context/episodic/T-220.yaml

  Status: ✓ complete (Auto-generated)
  Task: Off-page seam editor build — decomposition & readiness plan (design-only, pending T-218 GO)
  Duration: 0 days (2 min)
  Updates: 2
  Commits: 2
  Lines: +344 -4 across 2 files
  Outcomes: 5 AC checked
  Artifacts: 2 files tracked
  Decisions: recorded from task file

Source: /opt/832-Workflow-designer/.tasks/completed/T-220-off-page-seam-editor-build--decompositio.md
--- exit code: 0 ---
