=== episodic-gen invocation: 2026-07-21T21:48:50Z ===
task_id: T-227
FRAMEWORK_ROOT: /opt/832-Workflow-designer/.agentic-framework
PROJECT_ROOT: /opt/832-Workflow-designer
CONTEXT_DIR: /opt/832-Workflow-designer/.context
CONTEXT_AGENT: /opt/832-Workflow-designer/.agentic-framework/agents/context/context.sh
cwd: /opt/832-Workflow-designer
--- context.sh output ---
Episodic generated: /opt/832-Workflow-designer/.context/episodic/T-227.yaml

  Status: ✓ complete (Auto-generated)
  Task: S3b: designer registry twin (.context/designer/registry.yaml) — /api/save rescan + /api/delete strip + 3 ghost-drop rules
  Duration: 0 days (15 min)
  Updates: 3
  Commits: 2
  Lines: +305 -70 across 2 files
  Outcomes: 7 AC checked
  Artifacts: 2 files tracked
  Decisions: recorded from task file

Source: /opt/832-Workflow-designer/.tasks/completed/T-227-s3b-designer-registry-twin-contextdesign.md
--- exit code: 0 ---
