=== episodic-gen invocation: 2026-07-22T18:15:39Z ===
task_id: T-235
FRAMEWORK_ROOT: /opt/832-Workflow-designer/.agentic-framework
PROJECT_ROOT: /opt/832-Workflow-designer
CONTEXT_DIR: /opt/832-Workflow-designer/.context
CONTEXT_AGENT: /opt/832-Workflow-designer/.agentic-framework/agents/context/context.sh
cwd: /opt/832-Workflow-designer
--- context.sh output ---
Episodic generated: /opt/832-Workflow-designer/.context/episodic/T-235.yaml

  Status: ✓ complete (Auto-generated)
  Task: Author S4 picker exemplar via claim of 3ceaf02d and deliver b64+sha to AEF T-2593 intake
  Duration: 0 days (688 min)
  Updates: 3
  Commits: 1
  Lines: +26 -6 across 1 files
  Outcomes: 6 AC checked
  Artifacts: 1 files tracked
  Decisions: recorded from task file

Source: /opt/832-Workflow-designer/.tasks/completed/T-235-author-s4-picker-exemplar-via-claim-of-3.md
--- exit code: 0 ---
