=== episodic-gen invocation: 2026-07-22T09:55:11Z ===
task_id: T-236
FRAMEWORK_ROOT: /opt/832-Workflow-designer/.agentic-framework
PROJECT_ROOT: /opt/832-Workflow-designer
CONTEXT_DIR: /opt/832-Workflow-designer/.context
CONTEXT_AGENT: /opt/832-Workflow-designer/.agentic-framework/agents/context/context.sh
cwd: /opt/832-Workflow-designer
--- context.sh output ---
Episodic generated: /opt/832-Workflow-designer/.context/episodic/T-236.yaml

  Status: ✓ complete (Auto-generated)
  Task: Write evidence-based Recommendation blocks for the NO-REC review-queue backlog (8 tasks)
  Duration: 0 days (4 min)
  Updates: 2
  Commits: 2
  Lines: +295 -29 across 10 files
  Outcomes: 4 AC checked
  Artifacts: 10 files tracked
  Decisions: recorded from task file

Source: /opt/832-Workflow-designer/.tasks/completed/T-236-write-evidence-based-recommendation-bloc.md
--- exit code: 0 ---
