=== episodic-gen invocation: 2026-07-22T20:02:30Z ===
task_id: T-239
FRAMEWORK_ROOT: /opt/832-Workflow-designer/.agentic-framework
PROJECT_ROOT: /opt/832-Workflow-designer
CONTEXT_DIR: /opt/832-Workflow-designer/.context
CONTEXT_AGENT: /opt/832-Workflow-designer/.agentic-framework/agents/context/context.sh
cwd: /opt/832-Workflow-designer
--- context.sh output ---
Episodic generated: /opt/832-Workflow-designer/.context/episodic/T-239.yaml

  Status: ✓ complete (Auto-generated)
  Task: Release 0.3.1 — dist bundle + tag + notes (T-234/T-237 fixes, T-204 vocabulary)
  Duration: 0 days (3 min)
  Updates: 2
  Commits: 1
  Lines: +9287 -6 across 5 files
  Outcomes: 6 AC checked
  Challenges: 1 detected from git
  Artifacts: 5 files tracked
  Decisions: recorded from task file

Source: /opt/832-Workflow-designer/.tasks/completed/T-239-release-031--dist-bundle--tag--notes-t-2.md
--- exit code: 0 ---
