=== episodic-gen invocation: 2026-07-22T06:27:22Z ===
task_id: T-232
FRAMEWORK_ROOT: /opt/832-Workflow-designer/.agentic-framework
PROJECT_ROOT: /opt/832-Workflow-designer
CONTEXT_DIR: /opt/832-Workflow-designer/.context
CONTEXT_AGENT: /opt/832-Workflow-designer/.agentic-framework/agents/context/context.sh
cwd: /opt/832-Workflow-designer
--- context.sh output ---
Episodic generated: /opt/832-Workflow-designer/.context/episodic/T-232.yaml

  Status: ✓ complete (Auto-generated)
  Task: S5a off-page seam parity guard pure-Python no-silent-drop on T-219 byte-fixture
  Duration: 0 days (5 min)
  Updates: 2
  Commits: 1
  Lines: +495 -0 across 4 files
  Outcomes: 5 AC checked
  Challenges: 1 detected from git
  Artifacts: 4 files tracked
  Decisions: recorded from task file

Source: /opt/832-Workflow-designer/.tasks/completed/T-232-s5a-off-page-seam-parity-guard-pure-pyth.md
--- exit code: 0 ---
