=== episodic-gen invocation: 2026-07-22T11:02:03Z ===
task_id: T-237
FRAMEWORK_ROOT: /opt/832-Workflow-designer/.agentic-framework
PROJECT_ROOT: /opt/832-Workflow-designer
CONTEXT_DIR: /opt/832-Workflow-designer/.context
CONTEXT_AGENT: /opt/832-Workflow-designer/.agentic-framework/agents/context/context.sh
cwd: /opt/832-Workflow-designer
--- context.sh output ---
Episodic generated: /opt/832-Workflow-designer/.context/episodic/T-237.yaml

  Status: ✓ complete (Auto-generated)
  Task: eventDef/linkEventCatch vocabulary collision: typed catch events misclassified as workflow handoffs (AEF rail 153, 0.3.1)
  Duration: 0 days (20 min)
  Updates: 3
  Commits: 1
  Lines: +121 -6 across 3 files
  Outcomes: 7 AC checked
  Challenges: 1 detected from git
  Artifacts: 3 files tracked
  Decisions: recorded from task file

Source: /opt/832-Workflow-designer/.tasks/completed/T-237-eventdeflinkeventcatch-vocabulary-collis.md
--- exit code: 0 ---
