=== episodic-gen invocation: 2026-07-23T07:40:56Z ===
task_id: T-243
FRAMEWORK_ROOT: /opt/832-Workflow-designer/.agentic-framework
PROJECT_ROOT: /opt/832-Workflow-designer
CONTEXT_DIR: /opt/832-Workflow-designer/.context
CONTEXT_AGENT: /opt/832-Workflow-designer/.agentic-framework/agents/context/context.sh
cwd: /opt/832-Workflow-designer
--- context.sh output ---
Episodic generated: /opt/832-Workflow-designer/.context/episodic/T-243.yaml

  Status: ✓ complete (Auto-generated)
  Task: release designer 0.3.2 hotfix: T-240 uuid auto-resolve + T-242 dual-form contract
  Duration: 0 days (5 min)
  Updates: 2
  Commits: 2
  Lines: +9384 -12 across 4 files
  Outcomes: 6 AC checked
  Challenges: 1 detected from git
  Artifacts: 4 files tracked
  Decisions: recorded from task file

Source: /opt/832-Workflow-designer/.tasks/completed/T-243-release-designer-032-hotfix-t-240-uuid-a.md
--- exit code: 0 ---
