=== episodic-gen invocation: 2026-07-29T17:46:31Z ===
task_id: T-244
FRAMEWORK_ROOT: /opt/832-Workflow-designer/.agentic-framework
PROJECT_ROOT: /opt/832-Workflow-designer
CONTEXT_DIR: /opt/832-Workflow-designer/.context
CONTEXT_AGENT: /opt/832-Workflow-designer/.agentic-framework/agents/context/context.sh
cwd: /opt/832-Workflow-designer/.agentic-framework
--- context.sh output ---
Episodic generated: /opt/832-Workflow-designer/.context/episodic/T-244.yaml

  Status: ✓ complete (Auto-generated)
  Task: Bare catch-event rendering: neutral untyped glyph instead of dead link-catch UI
  Duration: 6 days (9150 min)
  Updates: 0
  Commits: 3
  Lines: +712 -50 across 14 files
  Outcomes: 4 AC checked
  Challenges: 1 detected from git
  Artifacts: 14 files tracked
  Decisions: recorded from task file

Source: /opt/832-Workflow-designer/.tasks/completed/T-244-bare-catch-event-rendering-neutral-untyp.md
--- exit code: 0 ---
