=== episodic-gen invocation: 2026-07-25T19:33:05Z ===
task_id: T-249
FRAMEWORK_ROOT: /opt/832-Workflow-designer/.agentic-framework
PROJECT_ROOT: /opt/832-Workflow-designer
CONTEXT_DIR: /opt/832-Workflow-designer/.context
CONTEXT_AGENT: /opt/832-Workflow-designer/.agentic-framework/agents/context/context.sh
cwd: /opt/832-Workflow-designer/.agentic-framework
--- context.sh output ---
Episodic generated: /opt/832-Workflow-designer/.context/episodic/T-249.yaml

  Status: ✓ complete (Auto-generated)
  Task: Canvas navigation for oversized workflows: zoom, scrollbars, drag-to-pan
  Duration: 0 days (287 min)
  Updates: 3
  Commits: 2
  Lines: +5245 -4729 across 5 files
  Outcomes: 4 AC checked
  Artifacts: 5 files tracked
  Decisions: recorded from task file

Source: /opt/832-Workflow-designer/.tasks/completed/T-249-canvas-navigation-for-oversized-workflow.md
--- exit code: 0 ---
