=== episodic-gen invocation: 2026-07-23T11:10:38Z ===
task_id: T-247
FRAMEWORK_ROOT: /opt/832-Workflow-designer/.agentic-framework
PROJECT_ROOT: /opt/832-Workflow-designer
CONTEXT_DIR: /opt/832-Workflow-designer/.context
CONTEXT_AGENT: /opt/832-Workflow-designer/.agentic-framework/agents/context/context.sh
cwd: /opt/832-Workflow-designer/.agentic-framework
--- context.sh output ---
Episodic generated: /opt/832-Workflow-designer/.context/episodic/T-247.yaml

  Status: ✓ complete (Auto-generated)
  Task: Pull-at-tag release intake: consumers fetch designer releases by version tag (seam-contract proposal)
  Duration: 0 days (64 min)
  Updates: 3
  Commits: 3
  Lines: +267 -28 across 3 files
  Outcomes: 4 AC checked
  Artifacts: 3 files tracked
  Decisions: recorded from task file

Source: /opt/832-Workflow-designer/.tasks/completed/T-247-pull-at-tag-release-intake-consumers-fet.md
--- exit code: 0 ---
