=== episodic-gen invocation: 2026-07-23T17:07:01Z ===
task_id: T-248
FRAMEWORK_ROOT: /opt/832-Workflow-designer/.agentic-framework
PROJECT_ROOT: /opt/832-Workflow-designer
CONTEXT_DIR: /opt/832-Workflow-designer/.context
CONTEXT_AGENT: /opt/832-Workflow-designer/.agentic-framework/agents/context/context.sh
cwd: /opt/832-Workflow-designer
--- context.sh output ---
Episodic generated: /opt/832-Workflow-designer/.context/episodic/T-248.yaml

  Status: ✓ complete (Auto-generated)
  Task: Release designer 0.4.0 — T-245 view-chrome controls; first pull-at-tag delivery
  Duration: 0 days (3 min)
  Updates: 2
  Commits: 1
  Lines: +9252 -5 across 3 files
  Outcomes: 6 AC checked
  Artifacts: 3 files tracked
  Decisions: recorded from task file

Source: /opt/832-Workflow-designer/.tasks/completed/T-248-release-designer-040--t-245-view-chrome-.md
--- exit code: 0 ---
