=== episodic-gen invocation: 2026-07-26T20:26:05Z ===
task_id: T-256
FRAMEWORK_ROOT: /opt/832-Workflow-designer/.agentic-framework
PROJECT_ROOT: /opt/832-Workflow-designer
CONTEXT_DIR: /opt/832-Workflow-designer/.context
CONTEXT_AGENT: /opt/832-Workflow-designer/.agentic-framework/agents/context/context.sh
cwd: /opt/832-Workflow-designer
--- context.sh output ---
Episodic generated: /opt/832-Workflow-designer/.context/episodic/T-256.yaml

  Status: ✓ complete (Auto-generated)
  Task: Release designer 0.6.0 (T-255 pool right-edge resize) + rail announce per pull-at-tag contract
  Duration: 0 days (3 min)
  Updates: 2
  Commits: 1
  Lines: +9455 -5 across 3 files
  Outcomes: 5 AC checked
  Artifacts: 3 files tracked
  Decisions: recorded from task file

Source: /opt/832-Workflow-designer/.tasks/completed/T-256-release-designer-060-t-255-pool-right-ed.md
--- exit code: 0 ---
