=== episodic-gen invocation: 2026-07-27T18:34:34Z ===
task_id: T-259
FRAMEWORK_ROOT: /opt/832-Workflow-designer/.agentic-framework
PROJECT_ROOT: /opt/832-Workflow-designer
CONTEXT_DIR: /opt/832-Workflow-designer/.context
CONTEXT_AGENT: /opt/832-Workflow-designer/.agentic-framework/agents/context/context.sh
cwd: /opt/832-Workflow-designer
--- context.sh output ---
Episodic generated: /opt/832-Workflow-designer/.context/episodic/T-259.yaml

  Status: ✓ complete (Auto-generated)
  Task: eventDef preservation passthrough: start/throw hosts survive open-save round-trip
  Duration: 0 days (7 min)
  Updates: 3
  Commits: 1
  Lines: +499 -5 across 5 files
  Outcomes: 4 AC checked
  Artifacts: 5 files tracked
  Decisions: recorded from task file

Source: /opt/832-Workflow-designer/.tasks/completed/T-259-eventdef-preservation-passthrough-startt.md
--- exit code: 0 ---
