=== episodic-gen invocation: 2026-07-27T18:25:51Z ===
task_id: T-257
FRAMEWORK_ROOT: /opt/832-Workflow-designer/.agentic-framework
PROJECT_ROOT: /opt/832-Workflow-designer
CONTEXT_DIR: /opt/832-Workflow-designer/.context
CONTEXT_AGENT: /opt/832-Workflow-designer/.agentic-framework/agents/context/context.sh
cwd: /opt/832-Workflow-designer/.agentic-framework
--- context.sh output ---
Episodic generated: /opt/832-Workflow-designer/.context/episodic/T-257.yaml

  Status: ✓ complete (Auto-generated)
  Task: Typed start/throw eventDef round-trip: save drops aef:eventDef from startEvent and intermediateThrowEvent carriers
  Duration: 1 days (1320 min)
  Updates: 5
  Commits: 2
  Lines: +912 -29 across 5 files
  Outcomes: 4 AC checked
  Challenges: 2 detected from git
  Artifacts: 5 files tracked
  Decisions: recorded from task file

Source: /opt/832-Workflow-designer/.tasks/completed/T-257-typed-startthrow-eventdef-round-trip-sav.md
--- exit code: 0 ---
