=== episodic-gen invocation: 2026-07-27T17:54:09Z ===
task_id: T-250
FRAMEWORK_ROOT: /opt/832-Workflow-designer/.agentic-framework
PROJECT_ROOT: /opt/832-Workflow-designer
CONTEXT_DIR: /opt/832-Workflow-designer/.context
CONTEXT_AGENT: /opt/832-Workflow-designer/.agentic-framework/agents/context/context.sh
cwd: /opt/832-Workflow-designer/.agentic-framework
--- context.sh output ---
Episodic generated: /opt/832-Workflow-designer/.context/episodic/T-250.yaml

  Status: ✓ complete (Auto-generated)
  Task: Live-state annotation seam: designer-side hook for AEF served-map overlays (their T-2620)
  Duration: 2 days (2794 min)
  Updates: 3
  Commits: 2
  Lines: +191 -15 across 1 files
  Outcomes: 4 AC checked
  Artifacts: 1 files tracked
  Decisions: recorded from task file

Source: /opt/832-Workflow-designer/.tasks/completed/T-250-live-state-annotation-seam-designer-side.md
--- exit code: 0 ---
