=== episodic-gen invocation: 2026-07-26T15:23:29Z ===
task_id: T-254
FRAMEWORK_ROOT: /opt/832-Workflow-designer/.agentic-framework
PROJECT_ROOT: /opt/832-Workflow-designer
CONTEXT_DIR: /opt/832-Workflow-designer/.context
CONTEXT_AGENT: /opt/832-Workflow-designer/.agentic-framework/agents/context/context.sh
cwd: /opt/832-Workflow-designer
--- context.sh output ---
Episodic generated: /opt/832-Workflow-designer/.context/episodic/T-254.yaml

  Status: ✓ complete (Auto-generated)
  Task: Release designer 0.5.0 (T-251 canvas navigation) + rail announce per pull-at-tag contract
  Duration: 0 days (9 min)
  Updates: 3
  Commits: 2
  Lines: +10244 -37 across 15 files
  Outcomes: 5 AC checked
  Artifacts: 15 files tracked
  Decisions: recorded from task file

Source: /opt/832-Workflow-designer/.tasks/completed/T-254-release-designer-050-t-251-canvas-naviga.md
--- exit code: 0 ---
