=== episodic-gen invocation: 2026-07-27T19:21:49Z ===
task_id: T-261
FRAMEWORK_ROOT: /opt/832-Workflow-designer/.agentic-framework
PROJECT_ROOT: /opt/832-Workflow-designer
CONTEXT_DIR: /opt/832-Workflow-designer/.context
CONTEXT_AGENT: /opt/832-Workflow-designer/.agentic-framework/agents/context/context.sh
cwd: /opt/832-Workflow-designer
--- context.sh output ---
Episodic generated: /opt/832-Workflow-designer/.context/episodic/T-261.yaml

  Status: ✓ complete (Auto-generated)
  Task: Annotate intake wire-shape reconciliation: accept AEF live overlay payload (nodes/severity/text) + cut 0.7.1
  Duration: 0 days (5 min)
  Updates: 3
  Commits: 1
  Lines: +9860 -15 across 8 files
  Outcomes: 4 AC checked
  Challenges: 1 detected from git
  Artifacts: 8 files tracked
  Decisions: recorded from task file

Source: /opt/832-Workflow-designer/.tasks/completed/T-261-annotate-intake-wire-shape-reconciliatio.md
--- exit code: 0 ---
