=== episodic-gen invocation: 2026-07-27T21:23:10Z ===
task_id: T-262
FRAMEWORK_ROOT: /opt/832-Workflow-designer/.agentic-framework
PROJECT_ROOT: /opt/832-Workflow-designer
CONTEXT_DIR: /opt/832-Workflow-designer/.context
CONTEXT_AGENT: /opt/832-Workflow-designer/.agentic-framework/agents/context/context.sh
cwd: /opt/832-Workflow-designer
--- context.sh output ---
Episodic generated: /opt/832-Workflow-designer/.context/episodic/T-262.yaml

  Status: ✓ complete (Auto-generated)
  Task: Reviewer-agent sweep over the partial-complete review queue: evidence verdicts for operator
  Duration: 0 days (120 min)
  Updates: 5
  Commits: 3
  Lines: +1726 -13 across 63 files
  Outcomes: 3 AC checked
  Challenges: 1 detected from git
  Artifacts: 63 files tracked
  Decisions: recorded from task file

Source: /opt/832-Workflow-designer/.tasks/completed/T-262-reviewer-agent-sweep-over-the-partial-co.md
--- exit code: 0 ---
