=== episodic-gen invocation: 2026-07-27T22:35:54Z ===
task_id: T-266
FRAMEWORK_ROOT: /opt/832-Workflow-designer/.agentic-framework
PROJECT_ROOT: /opt/832-Workflow-designer
CONTEXT_DIR: /opt/832-Workflow-designer/.context
CONTEXT_AGENT: /opt/832-Workflow-designer/.agentic-framework/agents/context/context.sh
cwd: /opt/832-Workflow-designer
--- context.sh output ---
Episodic generated: /opt/832-Workflow-designer/.context/episodic/T-266.yaml

  Status: ✓ complete (Auto-generated)
  Task: Install AEF reviewer catalogue v1.4 escalation-patterns refresh
  Duration: 0 days (2 min)
  Updates: 1
  Commits: 1
  Lines: +166 -1 across 2 files
  Outcomes: 5 AC checked
  Challenges: 1 detected from git
  Artifacts: 2 files tracked
  Decisions: recorded from task file

Source: /opt/832-Workflow-designer/.tasks/completed/T-266-install-aef-reviewer-catalogue-v14-escal.md
--- exit code: 0 ---
