=== episodic-gen invocation: 2026-07-27T22:56:19Z ===
task_id: T-269
FRAMEWORK_ROOT: /opt/832-Workflow-designer/.agentic-framework
PROJECT_ROOT: /opt/832-Workflow-designer
CONTEXT_DIR: /opt/832-Workflow-designer/.context
CONTEXT_AGENT: /opt/832-Workflow-designer/.agentic-framework/agents/context/context.sh
cwd: /opt/832-Workflow-designer
--- context.sh output ---
Episodic generated: /opt/832-Workflow-designer/.context/episodic/T-269.yaml

  Status: ✓ complete (Auto-generated)
  Task: Register fabric card for lib/dispatch_pause.py
  Duration: 0 days (1 min)
  Updates: 1
  Commits: 1
  Lines: +202 -0 across 2 files
  Outcomes: 2 AC checked
  Artifacts: 2 files tracked
  Decisions: recorded from task file

Source: /opt/832-Workflow-designer/.tasks/completed/T-269-register-fabric-card-for-libdispatchpaus.md
--- exit code: 0 ---
