=== episodic-gen invocation: 2026-07-27T22:54:06Z ===
task_id: T-268
FRAMEWORK_ROOT: /opt/832-Workflow-designer/.agentic-framework
PROJECT_ROOT: /opt/832-Workflow-designer
CONTEXT_DIR: /opt/832-Workflow-designer/.context
CONTEXT_AGENT: /opt/832-Workflow-designer/.agentic-framework/agents/context/context.sh
cwd: /opt/832-Workflow-designer
--- context.sh output ---
Episodic generated: /opt/832-Workflow-designer/.context/episodic/T-268.yaml

  Status: ✓ complete (Auto-generated)
  Task: Backfill missing episodic summaries for 5 completed tasks
  Duration: 0 days (6 min)
  Updates: 1
  Commits: 1
  Lines: +680 -0 across 8 files
  Outcomes: 3 AC checked
  Artifacts: 8 files tracked
  Decisions: recorded from task file

Source: /opt/832-Workflow-designer/.tasks/completed/T-268-backfill-missing-episodic-summaries-for-.md
--- exit code: 0 ---
