=== episodic-gen invocation: 2026-07-27T22:41:21Z ===
task_id: T-267
FRAMEWORK_ROOT: /opt/832-Workflow-designer/.agentic-framework
PROJECT_ROOT: /opt/832-Workflow-designer
CONTEXT_DIR: /opt/832-Workflow-designer/.context
CONTEXT_AGENT: /opt/832-Workflow-designer/.agentic-framework/agents/context/context.sh
cwd: /opt/832-Workflow-designer
--- context.sh output ---
Episodic generated: /opt/832-Workflow-designer/.context/episodic/T-267.yaml

  Status: ✓ complete (Auto-generated)
  Task: CTL-030 legacy cleanup: null stored horizon in 6 completed task files
  Duration: 0 days (3 min)
  Updates: 1
  Commits: 1
  Lines: +186 -6 across 7 files
  Outcomes: 3 AC checked
  Artifacts: 7 files tracked
  Decisions: recorded from task file

Source: /opt/832-Workflow-designer/.tasks/completed/T-267-ctl-030-legacy-cleanup-null-stored-horiz.md
--- exit code: 0 ---
