=== episodic-gen invocation: 2026-07-27T19:16:22Z ===
task_id: T-260
FRAMEWORK_ROOT: /opt/832-Workflow-designer/.agentic-framework
PROJECT_ROOT: /opt/832-Workflow-designer
CONTEXT_DIR: /opt/832-Workflow-designer/.context
CONTEXT_AGENT: /opt/832-Workflow-designer/.agentic-framework/agents/context/context.sh
cwd: /opt/832-Workflow-designer
--- context.sh output ---
Episodic generated: /opt/832-Workflow-designer/.context/episodic/T-260.yaml

  Status: ✓ complete (Auto-generated)
  Task: Cut designer release 0.7.0 (T-259 eventDef preservation + T-258 annotation seam + capabilities MANIFEST) and deliver to AEF
  Duration: 0 days (5 min)
  Updates: 3
  Commits: 1
  Lines: +9761 -5 across 4 files
  Outcomes: 4 AC checked
  Artifacts: 4 files tracked
  Decisions: recorded from task file

Source: /opt/832-Workflow-designer/.tasks/completed/T-260-cut-designer-release-070-t-259-eventdef-.md
--- exit code: 0 ---
