=== episodic-gen invocation: 2026-07-27T20:45:35Z ===
task_id: T-263
FRAMEWORK_ROOT: /opt/832-Workflow-designer/.agentic-framework
PROJECT_ROOT: /opt/832-Workflow-designer
CONTEXT_DIR: /opt/832-Workflow-designer/.context
CONTEXT_AGENT: /opt/832-Workflow-designer/.agentic-framework/agents/context/context.sh
cwd: /opt/832-Workflow-designer/.agentic-framework
--- context.sh output ---
Episodic generated: /opt/832-Workflow-designer/.context/episodic/T-263.yaml

  Status: ✓ complete (Auto-generated)
  Task: Save-to-project target binding: workflowMeta id wins over dialog project-id input (AEF observation, rail 225)
  Duration: 0 days (22 min)
  Updates: 3
  Commits: 2
  Lines: +345 -11 across 3 files
  Outcomes: 4 AC checked
  Challenges: 1 detected from git
  Artifacts: 3 files tracked
  Decisions: recorded from task file

Source: /opt/832-Workflow-designer/.tasks/completed/T-263-save-to-project-target-binding-workflowm.md
--- exit code: 0 ---
