=== episodic-gen invocation: 2026-07-28T10:00:33Z ===
task_id: T-276
FRAMEWORK_ROOT: /opt/832-Workflow-designer/.agentic-framework
PROJECT_ROOT: /opt/832-Workflow-designer
CONTEXT_DIR: /opt/832-Workflow-designer/.context
CONTEXT_AGENT: /opt/832-Workflow-designer/.agentic-framework/agents/context/context.sh
cwd: /opt/832-Workflow-designer
--- context.sh output ---
Episodic generated: /opt/832-Workflow-designer/.context/episodic/T-276.yaml

  Status: ✓ complete (Auto-generated)
  Task: Execute framework re-vendor to v1.6.763 + post-vendor checklist
  Duration: 0 days (27 min)
  Updates: 3
  Commits: 2
  Lines: +49977 -558404 across 1367 files
  Outcomes: 4 AC checked
  Artifacts: 1368 files tracked
  Decisions: recorded from task file

Source: /opt/832-Workflow-designer/.tasks/completed/T-276-execute-framework-re-vendor-to-v16763--p.md
--- exit code: 0 ---
