=== episodic-gen invocation: 2026-07-28T14:59:22Z ===
task_id: T-278
FRAMEWORK_ROOT: /opt/832-Workflow-designer/.agentic-framework
PROJECT_ROOT: /opt/832-Workflow-designer
CONTEXT_DIR: /opt/832-Workflow-designer/.context
CONTEXT_AGENT: /opt/832-Workflow-designer/.agentic-framework/agents/context/context.sh
cwd: /opt/832-Workflow-designer
--- context.sh output ---
Episodic generated: /opt/832-Workflow-designer/.context/episodic/T-278.yaml

  Status: ✓ complete (Auto-generated)
  Task: Process-layer package disposition note: map SD-1..15 to superseded/delivered/open
  Duration: 0 days (7 min)
  Updates: 2
  Commits: 1
  Lines: +900 -0 across 6 files
  Outcomes: 4 AC checked
  Artifacts: 6 files tracked
  Decisions: recorded from task file

Source: /opt/832-Workflow-designer/.tasks/completed/T-278-process-layer-package-disposition-note-m.md
--- exit code: 0 ---
