=== episodic-gen invocation: 2026-07-27T23:17:47Z ===
task_id: T-272
FRAMEWORK_ROOT: /opt/832-Workflow-designer/.agentic-framework
PROJECT_ROOT: /opt/832-Workflow-designer
CONTEXT_DIR: /opt/832-Workflow-designer/.context
CONTEXT_AGENT: /opt/832-Workflow-designer/.agentic-framework/agents/context/context.sh
cwd: /opt/832-Workflow-designer
--- context.sh output ---
Episodic generated: /opt/832-Workflow-designer/.context/episodic/T-272.yaml

  Status: ✓ complete (Auto-generated)
  Task: Audit warning remediation sweep (agent-actionable classes)
  Duration: 0 days (4 min)
  Updates: 1
  Commits: 2
  Lines: +9468 -5497 across 244 files
  Outcomes: 5 AC checked
  Artifacts: 244 files tracked
  Decisions: recorded from task file

Source: /opt/832-Workflow-designer/.tasks/completed/T-272-audit-warning-remediation-sweep-agent-ac.md
--- exit code: 0 ---
