=== episodic-gen invocation: 2026-07-27T23:07:26Z ===
task_id: T-271
FRAMEWORK_ROOT: /opt/832-Workflow-designer/.agentic-framework
PROJECT_ROOT: /opt/832-Workflow-designer
CONTEXT_DIR: /opt/832-Workflow-designer/.context
CONTEXT_AGENT: /opt/832-Workflow-designer/.agentic-framework/agents/context/context.sh
cwd: /opt/832-Workflow-designer
--- context.sh output ---
Episodic generated: /opt/832-Workflow-designer/.context/episodic/T-271.yaml

  Status: ✓ complete (Auto-generated)
  Task: Concern-register evidence sweep: mark close-ready concerns with evidence
  Duration: 0 days (2 min)
  Updates: 1
  Commits: 1
  Lines: +216 -0 across 2 files
  Outcomes: 4 AC checked
  Artifacts: 2 files tracked
  Decisions: recorded from task file

Source: /opt/832-Workflow-designer/.tasks/completed/T-271-concern-register-evidence-sweep-mark-clo.md
--- exit code: 0 ---
