=== episodic-gen invocation: 2026-07-29T06:24:19Z ===
task_id: T-296
FRAMEWORK_ROOT: /opt/832-Workflow-designer/.agentic-framework
PROJECT_ROOT: /opt/832-Workflow-designer
CONTEXT_DIR: /opt/832-Workflow-designer/.context
CONTEXT_AGENT: /opt/832-Workflow-designer/.agentic-framework/agents/context/context.sh
cwd: /opt/832-Workflow-designer
--- context.sh output ---
Episodic generated: /opt/832-Workflow-designer/.context/episodic/T-296.yaml

  Status: ✓ complete (Auto-generated)
  Task: Cut designer release 0.8.0 (T-286 badge z-order + T-293 endpoint-handle layer) and announce for AEF re-pin — operator's only reachable designers serve pinned 0.7.1
  Duration: 0 days (7 min)
  Updates: 1
  Commits: 1
  Lines: +10009 -5 across 4 files
  Outcomes: 6 AC checked
  Artifacts: 4 files tracked
  Decisions: recorded from task file

Source: /opt/832-Workflow-designer/.tasks/completed/T-296-cut-designer-release-080-t-286-badge-z-o.md
--- exit code: 0 ---
