=== episodic-gen invocation: 2026-07-29T06:16:17Z ===
task_id: T-295
FRAMEWORK_ROOT: /opt/832-Workflow-designer/.agentic-framework
PROJECT_ROOT: /opt/832-Workflow-designer
CONTEXT_DIR: /opt/832-Workflow-designer/.context
CONTEXT_AGENT: /opt/832-Workflow-designer/.agentic-framework/agents/context/context.sh
cwd: /opt/832-Workflow-designer
--- context.sh output ---
Episodic generated: /opt/832-Workflow-designer/.context/episodic/T-295.yaml

  Status: ✓ complete (Auto-generated)
  Task: healing resolve.sh corrupts learnings.yaml: indented append into column-0 list + max-id grep misses column-0 ids (always mints L-001)
  Duration: 0 days (5 min)
  Updates: 1
  Commits: 1
  Lines: +236 -8 across 2 files
  Outcomes: 5 AC checked
  Challenges: 1 detected from git
  Artifacts: 2 files tracked
  Decisions: recorded from task file

Source: /opt/832-Workflow-designer/.tasks/completed/T-295-healing-resolvesh-corrupts-learningsyaml.md
--- exit code: 0 ---
