=== episodic-gen invocation: 2026-07-29T15:44:35Z ===
task_id: T-306
FRAMEWORK_ROOT: /opt/832-Workflow-designer/.agentic-framework
PROJECT_ROOT: /opt/832-Workflow-designer
CONTEXT_DIR: /opt/832-Workflow-designer/.context
CONTEXT_AGENT: /opt/832-Workflow-designer/.agentic-framework/agents/context/context.sh
cwd: /opt/832-Workflow-designer
--- context.sh output ---
Episodic generated: /opt/832-Workflow-designer/.context/episodic/T-306.yaml

  Status: ✓ complete (Auto-generated)
  Task: Execute operator-authorized batch close of the 66 review-verdict tasks
  Duration: 0 days (6 min)
  Updates: 2
  Commits: 1
  Lines: +300 -118 across 13 files
  Outcomes: 4 AC checked
  Challenges: 1 detected from git
  Artifacts: 67 files tracked
  Decisions: recorded from task file

Source: /opt/832-Workflow-designer/.tasks/completed/T-306-execute-operator-authorized-batch-close-.md
--- exit code: 0 ---
