=== episodic-gen invocation: 2026-07-29T13:25:07Z ===
task_id: T-303
FRAMEWORK_ROOT: /opt/832-Workflow-designer/.agentic-framework
PROJECT_ROOT: /opt/832-Workflow-designer
CONTEXT_DIR: /opt/832-Workflow-designer/.context
CONTEXT_AGENT: /opt/832-Workflow-designer/.agentic-framework/agents/context/context.sh
cwd: /opt/832-Workflow-designer
--- context.sh output ---
Episodic generated: /opt/832-Workflow-designer/.context/episodic/T-303.yaml

  Status: ✓ complete (Auto-generated)
  Task: Round #4 pair review: draft-knowledge-leveling v2 verdict (AEF T-2667)
  Duration: 0 days (5 min)
  Updates: 2
  Commits: 1
  Lines: +15 -3 across 1 files
  Outcomes: 3 AC checked
  Challenges: 1 detected from git
  Artifacts: 1 files tracked
  Decisions: recorded from task file

Source: /opt/832-Workflow-designer/.tasks/completed/T-303-round-4-pair-review-draft-knowledge-leve.md
--- exit code: 0 ---
