=== episodic-gen invocation: 2026-07-29T14:46:16Z ===
task_id: T-304
FRAMEWORK_ROOT: /opt/832-Workflow-designer/.agentic-framework
PROJECT_ROOT: /opt/832-Workflow-designer
CONTEXT_DIR: /opt/832-Workflow-designer/.context
CONTEXT_AGENT: /opt/832-Workflow-designer/.agentic-framework/agents/context/context.sh
cwd: /opt/832-Workflow-designer
--- context.sh output ---
Episodic generated: /opt/832-Workflow-designer/.context/episodic/T-304.yaml

  Status: ✓ complete (Auto-generated)
  Task: DEAD-leg census tool: pin the aef:meta-note-attrs-only scan contract (rail 325)
  Duration: 0 days (4 min)
  Updates: 2
  Commits: 1
  Lines: +607 -0 across 5 files
  Outcomes: 4 AC checked
  Challenges: 1 detected from git
  Artifacts: 5 files tracked
  Decisions: recorded from task file

Source: /opt/832-Workflow-designer/.tasks/completed/T-304-dead-leg-census-tool-pin-the-aefmeta-not.md
--- exit code: 0 ---
