=== episodic-gen invocation: 2026-07-29T13:19:40Z ===
task_id: T-302
FRAMEWORK_ROOT: /opt/832-Workflow-designer/.agentic-framework
PROJECT_ROOT: /opt/832-Workflow-designer
CONTEXT_DIR: /opt/832-Workflow-designer/.context
CONTEXT_AGENT: /opt/832-Workflow-designer/.agentic-framework/agents/context/context.sh
cwd: /opt/832-Workflow-designer
--- context.sh output ---
Episodic generated: /opt/832-Workflow-designer/.context/episodic/T-302.yaml

  Status: ✓ complete (Auto-generated)
  Task: REVIEWER-AC conversion sweep: automate the deterministic half of the approvals queue
  Duration: 0 days (111 min)
  Updates: 3
  Commits: 2
  Lines: +1927 -448 across 98 files
  Outcomes: 5 AC checked
  Challenges: 1 detected from git
  Artifacts: 98 files tracked
  Decisions: recorded from task file

Source: /opt/832-Workflow-designer/.tasks/completed/T-302-reviewer-ac-conversion-sweep-automate-th.md
--- exit code: 0 ---
