=== episodic-gen invocation: 2026-07-29T16:20:54Z ===
task_id: T-307
FRAMEWORK_ROOT: /opt/832-Workflow-designer/.agentic-framework
PROJECT_ROOT: /opt/832-Workflow-designer
CONTEXT_DIR: /opt/832-Workflow-designer/.context
CONTEXT_AGENT: /opt/832-Workflow-designer/.agentic-framework/agents/context/context.sh
cwd: /opt/832-Workflow-designer
--- context.sh output ---
Episodic generated: /opt/832-Workflow-designer/.context/episodic/T-307.yaml

  Status: ✓ complete (Auto-generated)
  Task: Prepare operator decision briefs for the 10 open inception tasks
  Duration: 0 days (8 min)
  Updates: 2
  Commits: 1
  Lines: +606 -205 across 4 files
  Outcomes: 5 AC checked
  Artifacts: 4 files tracked
  Decisions: recorded from task file

Source: /opt/832-Workflow-designer/.tasks/completed/T-307-prepare-operator-decision-briefs-for-the.md
--- exit code: 0 ---
