=== episodic-gen invocation: 2026-07-29T15:05:30Z ===
task_id: T-305
FRAMEWORK_ROOT: /opt/832-Workflow-designer/.agentic-framework
PROJECT_ROOT: /opt/832-Workflow-designer
CONTEXT_DIR: /opt/832-Workflow-designer/.context
CONTEXT_AGENT: /opt/832-Workflow-designer/.agentic-framework/agents/context/context.sh
cwd: /opt/832-Workflow-designer
--- context.sh output ---
Episodic generated: /opt/832-Workflow-designer/.context/episodic/T-305.yaml

  Status: ✓ complete (Auto-generated)
  Task: Pre-flight the operator close path: verify-gate sweep of the 66 close-ready tasks, fix rotted Verification lines
  Duration: 0 days (16 min)
  Updates: 2
  Commits: 1
  Lines: +240 -50 across 30 files
  Outcomes: 4 AC checked
  Challenges: 1 detected from git
  Artifacts: 30 files tracked
  Decisions: recorded from task file

Source: /opt/832-Workflow-designer/.tasks/completed/T-305-pre-flight-the-operator-close-path-verif.md
--- exit code: 0 ---
