=== episodic-gen invocation: 2026-07-31T11:24:26Z ===
task_id: T-316
FRAMEWORK_ROOT: /opt/832-Workflow-designer/.agentic-framework
PROJECT_ROOT: /opt/832-Workflow-designer
CONTEXT_DIR: /opt/832-Workflow-designer/.context
CONTEXT_AGENT: /opt/832-Workflow-designer/.agentic-framework/agents/context/context.sh
cwd: /opt/832-Workflow-designer
--- context.sh output ---
Episodic generated: /opt/832-Workflow-designer/.context/episodic/T-316.yaml

  Status: ✓ complete (Auto-generated)
  Task: Nine test files are referenced by no runner: green today, structurally silent tomorrow
  Duration: 0 days (45 min)
  Updates: 2
  Commits: 1
  Lines: +430 -67 across 3 files
  Outcomes: 9 AC checked
  Artifacts: 3 files tracked
  Decisions: recorded from task file

Source: /opt/832-Workflow-designer/.tasks/completed/T-316-nine-test-files-are-referenced-by-no-run.md
--- exit code: 0 ---
