=== episodic-gen invocation: 2026-07-30T20:30:10Z ===
task_id: T-312
FRAMEWORK_ROOT: /opt/832-Workflow-designer/.agentic-framework
PROJECT_ROOT: /opt/832-Workflow-designer
CONTEXT_DIR: /opt/832-Workflow-designer/.context
CONTEXT_AGENT: /opt/832-Workflow-designer/.agentic-framework/agents/context/context.sh
cwd: /opt/832-Workflow-designer
--- context.sh output ---
Episodic generated: /opt/832-Workflow-designer/.context/episodic/T-312.yaml

  Status: ✓ complete (Auto-generated)
  Task: Mirror AEF's lane/geometry agreement check as a validator rule
  Duration: 1 days (1343 min)
  Updates: 2
  Commits: 2
  Lines: +1292 -449 across 38 files
  Outcomes: 10 AC checked
  Artifacts: 38 files tracked
  Decisions: recorded from task file

Source: /opt/832-Workflow-designer/.tasks/completed/T-312-mirror-aefs-lanegeometry-agreement-check.md
--- exit code: 0 ---
