=== episodic-gen invocation: 2026-07-31T11:40:04Z ===
task_id: T-318
FRAMEWORK_ROOT: /opt/832-Workflow-designer/.agentic-framework
PROJECT_ROOT: /opt/832-Workflow-designer
CONTEXT_DIR: /opt/832-Workflow-designer/.context
CONTEXT_AGENT: /opt/832-Workflow-designer/.agentic-framework/agents/context/context.sh
cwd: /opt/832-Workflow-designer
--- context.sh output ---
Episodic generated: /opt/832-Workflow-designer/.context/episodic/T-318.yaml

  Status: ✓ complete (Auto-generated)
  Task: T-314 repair is unreachable to AEF: repaired fixtures exist only in untagged work, and the file-transfer channel is starving
  Duration: 0 days (2 min)
  Updates: 2
  Commits: 1
  Lines: +177 -0 across 2 files
  Outcomes: 5 AC checked
  Artifacts: 2 files tracked
  Decisions: recorded from task file

Source: /opt/832-Workflow-designer/.tasks/completed/T-318-t-314-repair-is-unreachable-to-aef-repai.md
--- exit code: 0 ---
