=== episodic-gen invocation: 2026-07-29T22:03:54Z ===
task_id: T-311
FRAMEWORK_ROOT: /opt/832-Workflow-designer/.agentic-framework
PROJECT_ROOT: /opt/832-Workflow-designer
CONTEXT_DIR: /opt/832-Workflow-designer/.context
CONTEXT_AGENT: /opt/832-Workflow-designer/.agentic-framework/agents/context/context.sh
cwd: /opt/832-Workflow-designer
--- context.sh output ---
Episodic generated: /opt/832-Workflow-designer/.context/episodic/T-311.yaml

  Status: ✓ complete (Auto-generated)
  Task: Save path destroys the leading doc comment: agent-authored rationale block lost on first UI save
  Duration: 0 days (76 min)
  Updates: 2
  Commits: 1
  Lines: +724 -16 across 10 files
  Outcomes: 10 AC checked
  Artifacts: 10 files tracked
  Decisions: recorded from task file

Source: /opt/832-Workflow-designer/.tasks/completed/T-311-save-path-destroys-the-leading-doc-comme.md
--- exit code: 0 ---
