=== episodic-gen invocation: 2026-07-31T08:44:16Z ===
task_id: T-313
FRAMEWORK_ROOT: /opt/832-Workflow-designer/.agentic-framework
PROJECT_ROOT: /opt/832-Workflow-designer
CONTEXT_DIR: /opt/832-Workflow-designer/.context
CONTEXT_AGENT: /opt/832-Workflow-designer/.agentic-framework/agents/context/context.sh
cwd: /opt/832-Workflow-designer
--- context.sh output ---
Episodic generated: /opt/832-Workflow-designer/.context/episodic/T-313.yaml

  Status: ✓ complete (Auto-generated)
  Task: Lane capacity: a lane whose members outgrow its declared height renders nodes past the band edge
  Duration: 2 days (2037 min)
  Updates: 2
  Commits: 2
  Lines: +1084 -82 across 10 files
  Outcomes: 10 AC checked
  Artifacts: 10 files tracked
  Decisions: recorded from task file

Source: /opt/832-Workflow-designer/.tasks/completed/T-313-lane-capacity-a-lane-whose-members-outgr.md
--- exit code: 0 ---
