=== episodic-gen invocation: 2026-07-31T11:36:45Z ===
task_id: T-317
FRAMEWORK_ROOT: /opt/832-Workflow-designer/.agentic-framework
PROJECT_ROOT: /opt/832-Workflow-designer
CONTEXT_DIR: /opt/832-Workflow-designer/.context
CONTEXT_AGENT: /opt/832-Workflow-designer/.agentic-framework/agents/context/context.sh
cwd: /opt/832-Workflow-designer
--- context.sh output ---
Episodic generated: /opt/832-Workflow-designer/.context/episodic/T-317.yaml

  Status: ✓ complete (Auto-generated)
  Task: Rule parity: W-GW-AMBIGUOUS is missing from the BPMN validator, so the designer's own dialect gets the weaker rule set
  Duration: 0 days (8 min)
  Updates: 2
  Commits: 1
  Lines: +565 -6 across 9 files
  Outcomes: 8 AC checked
  Challenges: 1 detected from git
  Artifacts: 9 files tracked
  Decisions: recorded from task file

Source: /opt/832-Workflow-designer/.tasks/completed/T-317-rule-parity-w-gw-ambiguous-is-missing-fr.md
--- exit code: 0 ---
