=== episodic-gen invocation: 2026-08-01T10:24:50Z ===
task_id: T-322
FRAMEWORK_ROOT: /opt/832-Workflow-designer/.agentic-framework
PROJECT_ROOT: /opt/832-Workflow-designer
CONTEXT_DIR: /opt/832-Workflow-designer/.context
CONTEXT_AGENT: /opt/832-Workflow-designer/.agentic-framework/agents/context/context.sh
cwd: /opt/832-Workflow-designer
--- context.sh output ---
Episodic generated: /opt/832-Workflow-designer/.context/episodic/T-322.yaml

  Status: ✓ complete (Auto-generated)
  Task: IW-9 authority rules exist only on the XML form: the canonical YAML form has no sovereignty check (T-320 gap)
  Duration: 1 days (1327 min)
  Updates: 2
  Commits: 1
  Lines: +710 -31 across 9 files
  Outcomes: 7 AC checked
  Artifacts: 9 files tracked
  Decisions: recorded from task file

Source: /opt/832-Workflow-designer/.tasks/completed/T-322-iw-9-authority-rules-exist-only-on-the-x.md
--- exit code: 0 ---
