=== episodic-gen invocation: 2026-08-01T23:43:05Z ===
task_id: T-329
FRAMEWORK_ROOT: /opt/832-Workflow-designer/.agentic-framework
PROJECT_ROOT: /opt/832-Workflow-designer
CONTEXT_DIR: /opt/832-Workflow-designer/.context
CONTEXT_AGENT: /opt/832-Workflow-designer/.agentic-framework/agents/context/context.sh
cwd: /opt/832-Workflow-designer
--- context.sh output ---
Episodic generated: /opt/832-Workflow-designer/.context/episodic/T-329.yaml

  Status: ✓ complete (Auto-generated)
  Task: E-AUTHORITY has no BPMN-form counterpart: an out-of-enum IW-9 lane authority passes the form the designer and AEF both use
  Duration: 0 days (51 min)
  Updates: 2
  Commits: 1
  Lines: +157 -17 across 6 files
  Outcomes: 8 AC checked
  Artifacts: 6 files tracked
  Decisions: recorded from task file

Source: /opt/832-Workflow-designer/.tasks/completed/T-329-e-authority-has-no-bpmn-form-counterpart.md
--- exit code: 0 ---
