=== episodic-gen invocation: 2026-07-31T12:23:05Z ===
task_id: T-320
FRAMEWORK_ROOT: /opt/832-Workflow-designer/.agentic-framework
PROJECT_ROOT: /opt/832-Workflow-designer
CONTEXT_DIR: /opt/832-Workflow-designer/.context
CONTEXT_AGENT: /opt/832-Workflow-designer/.agentic-framework/agents/context/context.sh
cwd: /opt/832-Workflow-designer
--- context.sh output ---
Episodic generated: /opt/832-Workflow-designer/.context/episodic/T-320.yaml

  Status: ✓ complete (Auto-generated)
  Task: Rule-form parity census: validator rules that exist on one form and not the other (T-317 generalization)
  Duration: 0 days (15 min)
  Updates: 1
  Commits: 2
  Lines: +1245 -5 across 7 files
  Outcomes: 8 AC checked
  Artifacts: 7 files tracked
  Decisions: recorded from task file

Source: /opt/832-Workflow-designer/.tasks/completed/T-320-rule-form-parity-census-validator-rules-.md
--- exit code: 0 ---
