=== episodic-gen invocation: 2026-08-01T21:29:27Z ===
task_id: T-324
FRAMEWORK_ROOT: /opt/832-Workflow-designer/.agentic-framework
PROJECT_ROOT: /opt/832-Workflow-designer
CONTEXT_DIR: /opt/832-Workflow-designer/.context
CONTEXT_AGENT: /opt/832-Workflow-designer/.agentic-framework/agents/context/context.sh
cwd: /opt/832-Workflow-designer
--- context.sh output ---
Episodic generated: /opt/832-Workflow-designer/.context/episodic/T-324.yaml

  Status: ✓ complete (Auto-generated)
  Task: offpage-seam.bpmn carries <bpmn:linkEventThrow>, an element no emitter can produce: coordinated re-pin with AEF
  Duration: 0 days (457 min)
  Updates: 3
  Commits: 2
  Lines: +316 -42 across 6 files
  Outcomes: 9 AC checked
  Artifacts: 6 files tracked
  Decisions: recorded from task file

Source: /opt/832-Workflow-designer/.tasks/completed/T-324-offpage-seambpmn-carries-bpmnlinkeventth.md
--- exit code: 0 ---
