=== episodic-gen invocation: 2026-08-01T23:02:29Z ===
task_id: T-328
FRAMEWORK_ROOT: /opt/832-Workflow-designer/.agentic-framework
PROJECT_ROOT: /opt/832-Workflow-designer
CONTEXT_DIR: /opt/832-Workflow-designer/.context
CONTEXT_AGENT: /opt/832-Workflow-designer/.agentic-framework/agents/context/context.sh
cwd: /opt/832-Workflow-designer
--- context.sh output ---
Episodic generated: /opt/832-Workflow-designer/.context/episodic/T-328.yaml

  Status: ✓ complete (Auto-generated)
  Task: Cross-form behavioural agreement: prove paired validator rules AGREE, not merely that both forms name them
  Duration: 0 days (17 min)
  Updates: 1
  Commits: 5
  Lines: +1041 -9 across 6 files
  Outcomes: 8 AC checked
  Challenges: 1 detected from git
  Artifacts: 6 files tracked
  Decisions: recorded from task file

Source: /opt/832-Workflow-designer/.tasks/completed/T-328-cross-form-behavioural-agreement-prove-p.md
--- exit code: 0 ---
