=== episodic-gen invocation: 2026-08-01T13:56:25Z ===
task_id: T-321
FRAMEWORK_ROOT: /opt/832-Workflow-designer/.agentic-framework
PROJECT_ROOT: /opt/832-Workflow-designer
CONTEXT_DIR: /opt/832-Workflow-designer/.context
CONTEXT_AGENT: /opt/832-Workflow-designer/.agentic-framework/agents/context/context.sh
cwd: /opt/832-Workflow-designer
--- context.sh output ---
Episodic generated: /opt/832-Workflow-designer/.context/episodic/T-321.yaml

  Status: ✓ complete (Auto-generated)
  Task: XML form has no node-type vocabulary gate: a typo'd element validates clean (T-320 gap)
  Duration: 1 days (1539 min)
  Updates: 2
  Commits: 1
  Lines: +650 -25 across 10 files
  Outcomes: 7 AC checked
  Artifacts: 10 files tracked
  Decisions: recorded from task file

Source: /opt/832-Workflow-designer/.tasks/completed/T-321-xml-form-has-no-node-type-vocabulary-gat.md
--- exit code: 0 ---
