=== episodic-gen invocation: 2026-08-01T23:34:03Z ===
task_id: T-330
FRAMEWORK_ROOT: /opt/832-Workflow-designer/.agentic-framework
PROJECT_ROOT: /opt/832-Workflow-designer
CONTEXT_DIR: /opt/832-Workflow-designer/.context
CONTEXT_AGENT: /opt/832-Workflow-designer/.agentic-framework/agents/context/context.sh
cwd: /opt/832-Workflow-designer
--- context.sh output ---
Episodic generated: /opt/832-Workflow-designer/.context/episodic/T-330.yaml

  Status: ✓ complete (Auto-generated)
  Task: XML form has no shape checks for lanes or nodes: three YAML required-field rules have no BPMN counterpart
  Duration: 0 days (36 min)
  Updates: 2
  Commits: 1
  Lines: +321 -30 across 6 files
  Outcomes: 9 AC checked
  Artifacts: 6 files tracked
  Decisions: recorded from task file

Source: /opt/832-Workflow-designer/.tasks/completed/T-330-xml-form-has-no-shape-checks-for-lanes-o.md
--- exit code: 0 ---
