=== episodic-gen invocation: 2026-08-02T10:45:43Z ===
task_id: T-339
FRAMEWORK_ROOT: /opt/832-Workflow-designer/.agentic-framework
PROJECT_ROOT: /opt/832-Workflow-designer
CONTEXT_DIR: /opt/832-Workflow-designer/.context
CONTEXT_AGENT: /opt/832-Workflow-designer/.agentic-framework/agents/context/context.sh
cwd: /opt/832-Workflow-designer
--- context.sh output ---
Episodic generated: /opt/832-Workflow-designer/.context/episodic/T-339.yaml

  Status: ✓ complete (Auto-generated)
  Task: Widen the input-fidelity instrument to the two populations G-016 names and T-338 did not cover: malformed input and unresolvable refs
  Duration: 0 days (21 min)
  Updates: 1
  Commits: 1
  Lines: +998 -11 across 4 files
  Outcomes: 7 AC checked
  Artifacts: 4 files tracked
  Decisions: recorded from task file

Source: /opt/832-Workflow-designer/.tasks/completed/T-339-widen-the-input-fidelity-instrument-to-t.md
--- exit code: 0 ---
