=== episodic-gen invocation: 2026-08-02T08:59:34Z ===
task_id: T-335
FRAMEWORK_ROOT: /opt/832-Workflow-designer/.agentic-framework
PROJECT_ROOT: /opt/832-Workflow-designer
CONTEXT_DIR: /opt/832-Workflow-designer/.context
CONTEXT_AGENT: /opt/832-Workflow-designer/.agentic-framework/agents/context/context.sh
cwd: /opt/832-Workflow-designer
--- context.sh output ---
Episodic generated: /opt/832-Workflow-designer/.context/episodic/T-335.yaml

  Status: ✓ complete (Auto-generated)
  Task: Land the IW-1a anchorability measurement as a gating guard
  Duration: 0 days (5 min)
  Updates: 1
  Commits: 1
  Lines: +591 -0 across 4 files
  Outcomes: 8 AC checked
  Challenges: 1 detected from git
  Artifacts: 4 files tracked
  Decisions: recorded from task file

Source: /opt/832-Workflow-designer/.tasks/completed/T-335-land-the-iw-1a-anchorability-measurement.md
--- exit code: 0 ---
