=== episodic-gen invocation: 2026-08-03T11:50:12Z ===
task_id: T-337
FRAMEWORK_ROOT: /opt/832-Workflow-designer/.agentic-framework
PROJECT_ROOT: /opt/832-Workflow-designer
CONTEXT_DIR: /opt/832-Workflow-designer/.context
CONTEXT_AGENT: /opt/832-Workflow-designer/.agentic-framework/agents/context/context.sh
cwd: /opt/832-Workflow-designer
--- context.sh output ---
Episodic generated: /opt/832-Workflow-designer/.context/episodic/T-337.yaml

  Status: ✓ complete (Auto-generated)
  Task: Import silently drops flow nodes whose BPMN tag is outside the parseBpmnXml allowlist
  Duration: 1 days (1575 min)
  Updates: 2
  Commits: 4
  Lines: +865 -72 across 14 files
  Outcomes: 6 AC checked
  Artifacts: 14 files tracked
  Decisions: recorded from task file

Source: /opt/832-Workflow-designer/.tasks/completed/T-337-import-silently-drops-flow-nodes-whose-b.md
--- exit code: 0 ---
