=== episodic-gen invocation: 2026-08-02T11:39:05Z ===
task_id: T-346
FRAMEWORK_ROOT: /opt/832-Workflow-designer/.agentic-framework
PROJECT_ROOT: /opt/832-Workflow-designer
CONTEXT_DIR: /opt/832-Workflow-designer/.context
CONTEXT_AGENT: /opt/832-Workflow-designer/.agentic-framework/agents/context/context.sh
cwd: /opt/832-Workflow-designer
--- context.sh output ---
Episodic generated: /opt/832-Workflow-designer/.context/episodic/T-346.yaml

  Status: ✓ complete (Auto-generated)
  Task: Measure content-level import fidelity for tags that ARE in the allowlist (unknown child elements and unknown attributes)
  Duration: 0 days (9 min)
  Updates: 1
  Commits: 1
  Lines: +715 -2 across 3 files
  Outcomes: 8 AC checked
  Challenges: 1 detected from git
  Artifacts: 3 files tracked
  Decisions: recorded from task file

Source: /opt/832-Workflow-designer/.tasks/completed/T-346-measure-content-level-import-fidelity-fo.md
--- exit code: 0 ---
