=== episodic-gen invocation: 2026-08-02T11:25:57Z ===
task_id: T-342
FRAMEWORK_ROOT: /opt/832-Workflow-designer/.agentic-framework
PROJECT_ROOT: /opt/832-Workflow-designer
CONTEXT_DIR: /opt/832-Workflow-designer/.context
CONTEXT_AGENT: /opt/832-Workflow-designer/.agentic-framework/agents/context/context.sh
cwd: /opt/832-Workflow-designer
--- context.sh output ---
Episodic generated: /opt/832-Workflow-designer/.context/episodic/T-342.yaml

  Status: ✓ complete (Auto-generated)
  Task: Measure whether the audit's standing fabric mitigation can move the metric it prescribes
  Duration: 0 days (16 min)
  Updates: 2
  Commits: 2
  Lines: +1153 -1 across 7 files
  Outcomes: 6 AC checked
  Challenges: 1 detected from git
  Artifacts: 7 files tracked
  Decisions: recorded from task file

Source: /opt/832-Workflow-designer/.tasks/completed/T-342-measure-whether-the-audits-standing-fabr.md
--- exit code: 0 ---
