=== episodic-gen invocation: 2026-08-14T18:30:26Z ===
task_id: T-355
FRAMEWORK_ROOT: /opt/832-Workflow-designer/.agentic-framework
PROJECT_ROOT: /opt/832-Workflow-designer
CONTEXT_DIR: /opt/832-Workflow-designer/.context
CONTEXT_AGENT: /opt/832-Workflow-designer/.agentic-framework/agents/context/context.sh
cwd: /opt/832-Workflow-designer
--- context.sh output ---
Episodic generated: /opt/832-Workflow-designer/.context/episodic/T-355.yaml

  Status: ✓ complete (Auto-generated)
  Task: Foreign-tag nodes render identically to service tasks (no visual marker)
  Duration: 11 days (16242 min)
  Updates: 3
  Commits: 1
  Lines: +364 -8 across 5 files
  Outcomes: 9 AC checked
  Artifacts: 5 files tracked
  Decisions: recorded from task file

Source: /opt/832-Workflow-designer/.tasks/completed/T-355-foreign-tag-nodes-render-identically-to-.md
--- exit code: 0 ---
