=== episodic-gen invocation: 2026-08-03T16:18:17Z ===
task_id: T-356
FRAMEWORK_ROOT: /opt/832-Workflow-designer/.agentic-framework
PROJECT_ROOT: /opt/832-Workflow-designer
CONTEXT_DIR: /opt/832-Workflow-designer/.context
CONTEXT_AGENT: /opt/832-Workflow-designer/.agentic-framework/agents/context/context.sh
cwd: /opt/832-Workflow-designer
--- context.sh output ---
Episodic generated: /opt/832-Workflow-designer/.context/episodic/T-356.yaml

  Status: ✓ complete (Auto-generated)
  Task: No third-party-authored BPMN exists in the tree: every import-fidelity instrument measures a corpus that cannot exhibit the defects it hunts
  Duration: 0 days (232 min)
  Updates: 2
  Commits: 8
  Lines: +2115 -213 across 27 files
  Outcomes: 5 AC checked
  Challenges: 2 detected from git
  Artifacts: 27 files tracked
  Decisions: recorded from task file

Source: /opt/832-Workflow-designer/.tasks/completed/T-356-no-third-party-authored-bpmn-exists-in-t.md
--- exit code: 0 ---
