=== episodic-gen invocation: 2026-08-03T17:44:27Z ===
task_id: T-359
FRAMEWORK_ROOT: /opt/832-Workflow-designer/.agentic-framework
PROJECT_ROOT: /opt/832-Workflow-designer
CONTEXT_DIR: /opt/832-Workflow-designer/.context
CONTEXT_AGENT: /opt/832-Workflow-designer/.agentic-framework/agents/context/context.sh
cwd: /opt/832-Workflow-designer
--- context.sh output ---
Episodic generated: /opt/832-Workflow-designer/.context/episodic/T-359.yaml

  Status: ✓ complete (Auto-generated)
  Task: Validator reports legal non-flow-node children of process as E-XML-NODE-TYPE errors
  Duration: 0 days (7 min)
  Updates: 2
  Commits: 1
  Lines: +65 -25 across 8 files
  Outcomes: 6 AC checked
  Challenges: 1 detected from git
  Artifacts: 8 files tracked
  Decisions: recorded from task file

Source: /opt/832-Workflow-designer/.tasks/completed/T-359-validator-reports-legal-non-flow-node-ch.md
--- exit code: 0 ---
