=== episodic-gen invocation: 2026-08-03T10:34:32Z ===
task_id: T-352
FRAMEWORK_ROOT: /opt/832-Workflow-designer/.agentic-framework
PROJECT_ROOT: /opt/832-Workflow-designer
CONTEXT_DIR: /opt/832-Workflow-designer/.context
CONTEXT_AGENT: /opt/832-Workflow-designer/.agentic-framework/agents/context/context.sh
cwd: /opt/832-Workflow-designer
--- context.sh output ---
Episodic generated: /opt/832-Workflow-designer/.context/episodic/T-352.yaml

  Status: ✓ complete (Auto-generated)
  Task: P-011 judges a multi-command verification line on its last command alone (set -e suppressed in the gate's if-condition)
  Duration: 1 days (634 min)
  Updates: 2
  Commits: 4
  Lines: +1232 -96 across 15 files
  Outcomes: 5 AC checked
  Challenges: 3 detected from git
  Artifacts: 15 files tracked
  Decisions: recorded from task file

Source: /opt/832-Workflow-designer/.tasks/completed/T-352-p-011-judges-a-multi-command-verificatio.md
--- exit code: 0 ---
