=== episodic-gen invocation: 2026-08-02T22:31:06Z ===
task_id: T-350
FRAMEWORK_ROOT: /opt/832-Workflow-designer/.agentic-framework
PROJECT_ROOT: /opt/832-Workflow-designer
CONTEXT_DIR: /opt/832-Workflow-designer/.context
CONTEXT_AGENT: /opt/832-Workflow-designer/.agentic-framework/agents/context/context.sh
cwd: /opt/832-Workflow-designer
--- context.sh output ---
Episodic generated: /opt/832-Workflow-designer/.context/episodic/T-350.yaml

  Status: ✓ complete (Auto-generated)
  Task: serve-gallery build-only path: produce the serve root without binding a port (G-015 remedy leg 2)
  Duration: 0 days (31 min)
  Updates: 1
  Commits: 1
  Lines: +3813 -540 across 33 files
  Outcomes: 8 AC checked
  Challenges: 1 detected from git
  Artifacts: 33 files tracked
  Decisions: recorded from task file

Source: /opt/832-Workflow-designer/.tasks/completed/T-350-serve-gallery-build-only-path-produce-th.md
--- exit code: 0 ---
