=== episodic-gen invocation: 2026-08-08T06:46:18Z ===
task_id: T-367
FRAMEWORK_ROOT: /opt/832-Workflow-designer/.agentic-framework
PROJECT_ROOT: /opt/832-Workflow-designer
CONTEXT_DIR: /opt/832-Workflow-designer/.context
CONTEXT_AGENT: /opt/832-Workflow-designer/.agentic-framework/agents/context/context.sh
cwd: /opt/832-Workflow-designer
--- context.sh output ---
Episodic generated: /opt/832-Workflow-designer/.context/episodic/T-367.yaml

  Status: ✓ complete (Auto-generated)
  Task: Measure the full aef: layer we inject into third-party documents on open-save
  Duration: 4 days (5281 min)
  Updates: 1
  Commits: 2
  Lines: +1046 -6 across 4 files
  Outcomes: 5 AC checked
  Artifacts: 4 files tracked
  Decisions: recorded from task file

Source: /opt/832-Workflow-designer/.tasks/completed/T-367-measure-the-full-aef-layer-we-inject-int.md
--- exit code: 0 ---
