=== episodic-gen invocation: 2026-08-04T14:16:34Z ===
task_id: T-364
FRAMEWORK_ROOT: /opt/832-Workflow-designer/.agentic-framework
PROJECT_ROOT: /opt/832-Workflow-designer
CONTEXT_DIR: /opt/832-Workflow-designer/.context
CONTEXT_AGENT: /opt/832-Workflow-designer/.agentic-framework/agents/context/context.sh
cwd: /opt/832-Workflow-designer
--- context.sh output ---
Episodic generated: /opt/832-Workflow-designer/.context/episodic/T-364.yaml

  Status: ✓ complete (Auto-generated)
  Task: Export is nondeterministic for any node lacking aef:uid: a fresh uid is minted per parse, so third-party documents never round-trip byte-stably
  Duration: 0 days (222 min)
  Updates: 2
  Commits: 15
  Lines: +2241 -125 across 13 files
  Outcomes: 5 AC checked
  Challenges: 9 detected from git
  Artifacts: 13 files tracked
  Decisions: recorded from task file

Source: /opt/832-Workflow-designer/.tasks/completed/T-364-export-is-nondeterministic-for-any-node-.md
--- exit code: 0 ---
