=== episodic-gen invocation: 2026-08-08T06:55:03Z ===
task_id: T-369
FRAMEWORK_ROOT: /opt/832-Workflow-designer/.agentic-framework
PROJECT_ROOT: /opt/832-Workflow-designer
CONTEXT_DIR: /opt/832-Workflow-designer/.context
CONTEXT_AGENT: /opt/832-Workflow-designer/.agentic-framework/agents/context/context.sh
cwd: /opt/832-Workflow-designer
--- context.sh output ---
Episodic generated: /opt/832-Workflow-designer/.context/episodic/T-369.yaml

  Status: ✓ complete (Auto-generated)
  Task: Session wrap-up: commit T-368 completion artifacts and hand over the AEF release escalation
  Duration: 0 days (1 min)
  Updates: 1
  Commits: 3
  Lines: +53709 -27896 across 650 files
  Outcomes: 3 AC checked
  Artifacts: 650 files tracked
  Decisions: recorded from task file

Source: /opt/832-Workflow-designer/.tasks/completed/T-369-session-wrap-up-commit-t-368-completion-.md
--- exit code: 0 ---
