=== episodic-gen invocation: 2026-08-03T21:34:22Z ===
task_id: T-360
FRAMEWORK_ROOT: /opt/832-Workflow-designer/.agentic-framework
PROJECT_ROOT: /opt/832-Workflow-designer
CONTEXT_DIR: /opt/832-Workflow-designer/.context
CONTEXT_AGENT: /opt/832-Workflow-designer/.agentic-framework/agents/context/context.sh
cwd: /opt/832-Workflow-designer
--- context.sh output ---
Episodic generated: /opt/832-Workflow-designer/.context/episodic/T-360.yaml

  Status: ✓ complete (Auto-generated)
  Task: Enumerate every rail carrying my fingerprint before claiming a peer is silent
  Duration: 0 days (187 min)
  Updates: 2
  Commits: 4
  Lines: +1806 -209 across 21 files
  Outcomes: 5 AC checked
  Artifacts: 21 files tracked
  Decisions: recorded from task file

Source: /opt/832-Workflow-designer/.tasks/completed/T-360-enumerate-every-rail-carrying-my-fingerp.md
--- exit code: 0 ---
