=== episodic-gen invocation: 2026-08-04T06:27:23Z ===
task_id: T-363
FRAMEWORK_ROOT: /opt/832-Workflow-designer/.agentic-framework
PROJECT_ROOT: /opt/832-Workflow-designer
CONTEXT_DIR: /opt/832-Workflow-designer/.context
CONTEXT_AGENT: /opt/832-Workflow-designer/.agentic-framework/agents/context/context.sh
cwd: /opt/832-Workflow-designer
--- context.sh output ---
Episodic generated: /opt/832-Workflow-designer/.context/episodic/T-363.yaml

  Status: ✓ complete (Auto-generated)
  Task: Rail ack frontier set + G-022 prevention re-tested at zero backlog
  Duration: 0 days (1 min)
  Updates: 1
  Commits: 1
  Lines: +5758 -1361 across 44 files
  Outcomes: 4 AC checked
  Artifacts: 44 files tracked
  Decisions: recorded from task file

Source: /opt/832-Workflow-designer/.tasks/completed/T-363-rail-ack-frontier-set--g-022-prevention-.md
--- exit code: 0 ---
