=== episodic-gen invocation: 2026-08-11T22:29:06Z ===
task_id: T-365
FRAMEWORK_ROOT: /opt/832-Workflow-designer/.agentic-framework
PROJECT_ROOT: /opt/832-Workflow-designer
CONTEXT_DIR: /opt/832-Workflow-designer/.context
CONTEXT_AGENT: /opt/832-Workflow-designer/.agentic-framework/agents/context/context.sh
cwd: /opt/832-Workflow-designer
--- context.sh output ---
Episodic generated: /opt/832-Workflow-designer/.context/episodic/T-365.yaml

  Status: ✓ complete (Auto-generated)
  Task: fixtures/aef-bpmn asserts a provenance it lacks — claim fixed at source; the rename is a two-party standard delta, not a refactor
  Duration: 7 days (10630 min)
  Updates: 2
  Commits: 5
  Lines: +803 -74 across 14 files
  Outcomes: 8 AC checked
  Challenges: 4 detected from git
  Artifacts: 14 files tracked
  Decisions: recorded from task file

Source: /opt/832-Workflow-designer/.tasks/completed/T-365-rename-testsfixturesaef-bpmn-the-name-as.md
--- exit code: 0 ---
