=== episodic-gen invocation: 2026-08-04T14:44:17Z ===
task_id: T-366
FRAMEWORK_ROOT: /opt/832-Workflow-designer/.agentic-framework
PROJECT_ROOT: /opt/832-Workflow-designer
CONTEXT_DIR: /opt/832-Workflow-designer/.context
CONTEXT_AGENT: /opt/832-Workflow-designer/.agentic-framework/agents/context/context.sh
cwd: /opt/832-Workflow-designer
--- context.sh output ---
Episodic generated: /opt/832-Workflow-designer/.context/episodic/T-366.yaml

  Status: ✓ complete (Auto-generated)
  Task: Answer AEF RAIL-441: does anything downstream of us validate aef:uid SHAPE
  Duration: 0 days (13 min)
  Updates: 1
  Commits: 1
  Lines: +680 -0 across 3 files
  Outcomes: 5 AC checked
  Artifacts: 3 files tracked
  Decisions: recorded from task file

Source: /opt/832-Workflow-designer/.tasks/completed/T-366-answer-aef-rail-441-does-anything-downst.md
--- exit code: 0 ---
