=== episodic-gen invocation: 2026-08-03T22:14:15Z ===
task_id: T-362
FRAMEWORK_ROOT: /opt/832-Workflow-designer/.agentic-framework
PROJECT_ROOT: /opt/832-Workflow-designer
CONTEXT_DIR: /opt/832-Workflow-designer/.context
CONTEXT_AGENT: /opt/832-Workflow-designer/.agentic-framework/agents/context/context.sh
cwd: /opt/832-Workflow-designer
--- context.sh output ---
Episodic generated: /opt/832-Workflow-designer/.context/episodic/T-362.yaml

  Status: ✓ complete (Auto-generated)
  Task: Answer cohort-hub T-953 deploy-drift RCA: route to endpoint owner, report version-ordinal defect in proposed audit
  Duration: 0 days (5 min)
  Updates: 1
  Commits: 1
  Lines: +653 -1 across 4 files
  Outcomes: 6 AC checked
  Challenges: 1 detected from git
  Artifacts: 4 files tracked
  Decisions: recorded from task file

Source: /opt/832-Workflow-designer/.tasks/completed/T-362-answer-cohort-hub-t-953-deploy-drift-rca.md
--- exit code: 0 ---
