=== episodic-gen invocation: 2026-08-03T21:48:09Z ===
task_id: T-361
FRAMEWORK_ROOT: /opt/832-Workflow-designer/.agentic-framework
PROJECT_ROOT: /opt/832-Workflow-designer
CONTEXT_DIR: /opt/832-Workflow-designer/.context
CONTEXT_AGENT: /opt/832-Workflow-designer/.agentic-framework/agents/context/context.sh
cwd: /opt/832-Workflow-designer
--- context.sh output ---
Episodic generated: /opt/832-Workflow-designer/.context/episodic/T-361.yaml

  Status: ✓ complete (Auto-generated)
  Task: Exported bytes assert AEF generates DI from aef:position — AEF confirms they never have
  Duration: 0 days (13 min)
  Updates: 1
  Commits: 1
  Lines: +2454 -265 across 38 files
  Outcomes: 8 AC checked
  Artifacts: 38 files tracked
  Decisions: recorded from task file

Source: /opt/832-Workflow-designer/.tasks/completed/T-361-exported-bytes-assert-aef-generates-di-f.md
--- exit code: 0 ---
