=== episodic-gen invocation: 2026-08-08T12:30:58Z ===
task_id: T-375
FRAMEWORK_ROOT: /opt/832-Workflow-designer/.agentic-framework
PROJECT_ROOT: /opt/832-Workflow-designer
CONTEXT_DIR: /opt/832-Workflow-designer/.context
CONTEXT_AGENT: /opt/832-Workflow-designer/.agentic-framework/agents/context/context.sh
cwd: /opt/832-Workflow-designer
--- context.sh output ---
Episodic generated: /opt/832-Workflow-designer/.context/episodic/T-375.yaml

  Status: ✓ complete (Auto-generated)
  Task: Deliver frozen Part I of aef-bpmn-mapping-v1 to AEF as verified bytes over the rail
  Duration: 0 days (3 min)
  Updates: 1
  Commits: 1
  Lines: +241 -0 across 2 files
  Outcomes: 4 AC checked
  Artifacts: 2 files tracked
  Decisions: recorded from task file

Source: /opt/832-Workflow-designer/.tasks/completed/T-375-deliver-frozen-part-i-of-aef-bpmn-mappin.md
--- exit code: 0 ---
