=== episodic-gen invocation: 2026-08-08T07:29:55Z ===
task_id: T-371
FRAMEWORK_ROOT: /opt/832-Workflow-designer/.agentic-framework
PROJECT_ROOT: /opt/832-Workflow-designer
CONTEXT_DIR: /opt/832-Workflow-designer/.context
CONTEXT_AGENT: /opt/832-Workflow-designer/.agentic-framework/agents/context/context.sh
cwd: /opt/832-Workflow-designer
--- context.sh output ---
Episodic generated: /opt/832-Workflow-designer/.context/episodic/T-371.yaml

  Status: ✓ complete (Auto-generated)
  Task: Git enforcement hooks absent since the T-350 re-clone: restore, prove they fire, and make absence detectable
  Duration: 0 days (8 min)
  Updates: 1
  Commits: 1
  Lines: +944 -10378 across 119 files
  Outcomes: 8 AC checked
  Artifacts: 119 files tracked
  Decisions: recorded from task file

Source: /opt/832-Workflow-designer/.tasks/completed/T-371-git-enforcement-hooks-absent-since-the-t.md
--- exit code: 0 ---
