=== episodic-gen invocation: 2026-08-08T07:21:29Z ===
task_id: T-370
FRAMEWORK_ROOT: /opt/832-Workflow-designer/.agentic-framework
PROJECT_ROOT: /opt/832-Workflow-designer
CONTEXT_DIR: /opt/832-Workflow-designer/.context
CONTEXT_AGENT: /opt/832-Workflow-designer/.agentic-framework/agents/context/context.sh
cwd: /opt/832-Workflow-designer
--- context.sh output ---
Episodic generated: /opt/832-Workflow-designer/.context/episodic/T-370.yaml

  Status: ✓ complete (Auto-generated)
  Task: Deliver the frozen BPMN mapping standard to AEF as a pinnable ref + sha (they hold no copy of it)
  Duration: 0 days (7 min)
  Updates: 1
  Commits: 1
  Lines: +374 -0 across 2 files
  Outcomes: 7 AC checked
  Artifacts: 2 files tracked
  Decisions: recorded from task file

Source: /opt/832-Workflow-designer/.tasks/completed/T-370-deliver-the-frozen-bpmn-mapping-standard.md
--- exit code: 0 ---
