=== episodic-gen invocation: 2026-08-08T07:57:38Z ===
task_id: T-373
FRAMEWORK_ROOT: /opt/832-Workflow-designer/.agentic-framework
PROJECT_ROOT: /opt/832-Workflow-designer
CONTEXT_DIR: /opt/832-Workflow-designer/.context
CONTEXT_AGENT: /opt/832-Workflow-designer/.agentic-framework/agents/context/context.sh
cwd: /opt/832-Workflow-designer
--- context.sh output ---
Episodic generated: /opt/832-Workflow-designer/.context/episodic/T-373.yaml

  Status: ✓ complete (Auto-generated)
  Task: DEFER produces exactly the task state the G-053 revisit scanner cannot see
  Duration: 0 days (5 min)
  Updates: 1
  Commits: 1
  Lines: +516 -3 across 4 files
  Outcomes: 6 AC checked
  Artifacts: 4 files tracked
  Decisions: recorded from task file

Source: /opt/832-Workflow-designer/.tasks/completed/T-373-inception-decide-defer-skips-the-agent-a.md
--- exit code: 0 ---
