=== episodic-gen invocation: 2026-08-08T12:25:21Z ===
task_id: T-374
FRAMEWORK_ROOT: /opt/832-Workflow-designer/.agentic-framework
PROJECT_ROOT: /opt/832-Workflow-designer
CONTEXT_DIR: /opt/832-Workflow-designer/.context
CONTEXT_AGENT: /opt/832-Workflow-designer/.agentic-framework/agents/context/context.sh
cwd: /opt/832-Workflow-designer
--- context.sh output ---
Episodic generated: /opt/832-Workflow-designer/.context/episodic/T-374.yaml

  Status: ✓ complete (Auto-generated)
  Task: audit.sh silently ignores the exclude: key that fw fabric drift honors
  Duration: 0 days (6 min)
  Updates: 2
  Commits: 1
  Lines: +532 -14 across 5 files
  Outcomes: 4 AC checked
  Artifacts: 5 files tracked
  Decisions: recorded from task file

Source: /opt/832-Workflow-designer/.tasks/completed/T-374-auditsh-silently-ignores-the-exclude-key.md
--- exit code: 0 ---
