=== episodic-gen invocation: 2026-08-08T07:50:04Z ===
task_id: T-372
FRAMEWORK_ROOT: /opt/832-Workflow-designer/.agentic-framework
PROJECT_ROOT: /opt/832-Workflow-designer
CONTEXT_DIR: /opt/832-Workflow-designer/.context
CONTEXT_AGENT: /opt/832-Workflow-designer/.agentic-framework/agents/context/context.sh
cwd: /opt/832-Workflow-designer
--- context.sh output ---
Episodic generated: /opt/832-Workflow-designer/.context/episodic/T-372.yaml

  Status: ✓ complete (Auto-generated)
  Task: Probe AEF's draft-inception-readiness v2 cycle fixture through our importer (RAIL-445 Q2)
  Duration: 0 days (19 min)
  Updates: 1
  Commits: 2
  Lines: +1672 -75 across 17 files
  Outcomes: 6 AC checked
  Challenges: 1 detected from git
  Artifacts: 17 files tracked
  Decisions: recorded from task file

Source: /opt/832-Workflow-designer/.tasks/completed/T-372-probe-aefs-draft-inception-readiness-v2-.md
--- exit code: 0 ---
