=== episodic-gen invocation: 2026-08-08T15:06:12Z ===
task_id: T-380
FRAMEWORK_ROOT: /opt/832-Workflow-designer/.agentic-framework
PROJECT_ROOT: /opt/832-Workflow-designer
CONTEXT_DIR: /opt/832-Workflow-designer/.context
CONTEXT_AGENT: /opt/832-Workflow-designer/.agentic-framework/agents/context/context.sh
cwd: /opt/832-Workflow-designer
--- context.sh output ---
Episodic generated: /opt/832-Workflow-designer/.context/episodic/T-380.yaml

  Status: ✓ complete (Auto-generated)
  Task: Session capture and handover S-2026-0808 (rail cursor 460)
  Duration: 0 days (1 min)
  Updates: 1
  Commits: 1
  Lines: +481 -1 across 2 files
  Outcomes: 3 AC checked
  Artifacts: 2 files tracked
  Decisions: recorded from task file

Source: /opt/832-Workflow-designer/.tasks/completed/T-380-session-capture-and-handover-s-2026-0808.md
--- exit code: 0 ---
