=== episodic-gen invocation: 2026-08-08T17:22:56Z ===
task_id: T-387
FRAMEWORK_ROOT: /opt/832-Workflow-designer/.agentic-framework
PROJECT_ROOT: /opt/832-Workflow-designer
CONTEXT_DIR: /opt/832-Workflow-designer/.context
CONTEXT_AGENT: /opt/832-Workflow-designer/.agentic-framework/agents/context/context.sh
cwd: /opt/832-Workflow-designer
--- context.sh output ---
Episodic generated: /opt/832-Workflow-designer/.context/episodic/T-387.yaml

  Status: ✓ complete (Auto-generated)
  Task: Emit the four consumer-facing release fields AEF asked for in dist/MANIFEST.yaml (G-024 consumer half)
  Duration: 0 days (7 min)
  Updates: 1
  Commits: 1
  Lines: +464 -5 across 4 files
  Outcomes: 9 AC checked
  Artifacts: 4 files tracked
  Decisions: recorded from task file

Source: /opt/832-Workflow-designer/.tasks/completed/T-387-emit-the-four-consumer-facing-release-fi.md
--- exit code: 0 ---
