=== episodic-gen invocation: 2026-08-08T16:18:11Z ===
task_id: T-384
FRAMEWORK_ROOT: /opt/832-Workflow-designer/.agentic-framework
PROJECT_ROOT: /opt/832-Workflow-designer
CONTEXT_DIR: /opt/832-Workflow-designer/.context
CONTEXT_AGENT: /opt/832-Workflow-designer/.agentic-framework/agents/context/context.sh
cwd: /opt/832-Workflow-designer
--- context.sh output ---
Episodic generated: /opt/832-Workflow-designer/.context/episodic/T-384.yaml

  Status: ✓ complete (Auto-generated)
  Task: Session capture and handover S-2026-0808-late: T-381/T-382 retractions, G-024 instrument, rail 461-462
  Duration: 0 days (1 min)
  Updates: 1
  Commits: 1
  Lines: +493 -1 across 2 files
  Outcomes: 5 AC checked
  Artifacts: 2 files tracked
  Decisions: recorded from task file

Source: /opt/832-Workflow-designer/.tasks/completed/T-384-session-capture-and-handover-s-2026-0808.md
--- exit code: 0 ---
