=== episodic-gen invocation: 2026-08-08T17:53:12Z ===
task_id: T-389
FRAMEWORK_ROOT: /opt/832-Workflow-designer/.agentic-framework
PROJECT_ROOT: /opt/832-Workflow-designer
CONTEXT_DIR: /opt/832-Workflow-designer/.context
CONTEXT_AGENT: /opt/832-Workflow-designer/.agentic-framework/agents/context/context.sh
cwd: /opt/832-Workflow-designer
--- context.sh output ---
Episodic generated: /opt/832-Workflow-designer/.context/episodic/T-389.yaml

  Status: ✓ complete (Auto-generated)
  Task: Post a release envelope to the AEF rail at cut time (G-024 consumer half)
  Duration: 0 days (9 min)
  Updates: 1
  Commits: 2
  Lines: +683 -4 across 5 files
  Outcomes: 7 AC checked
  Artifacts: 5 files tracked
  Decisions: recorded from task file

Source: /opt/832-Workflow-designer/.tasks/completed/T-389-post-a-release-envelope-to-the-aef-rail-.md
--- exit code: 0 ---
