=== episodic-gen invocation: 2026-08-08T17:26:03Z ===
task_id: T-388
FRAMEWORK_ROOT: /opt/832-Workflow-designer/.agentic-framework
PROJECT_ROOT: /opt/832-Workflow-designer
CONTEXT_DIR: /opt/832-Workflow-designer/.context
CONTEXT_AGENT: /opt/832-Workflow-designer/.agentic-framework/agents/context/context.sh
cwd: /opt/832-Workflow-designer
--- context.sh output ---
Episodic generated: /opt/832-Workflow-designer/.context/episodic/T-388.yaml

  Status: ✓ complete (Auto-generated)
  Task: Session close S-2026-0808-1900 (handover permit, OBS-002)
  Duration: 0 days (0 min)
  Updates: 1
  Commits: 1
  Lines: +487 -1 across 2 files
  Outcomes: 4 AC checked
  Artifacts: 2 files tracked
  Decisions: recorded from task file

Source: /opt/832-Workflow-designer/.tasks/completed/T-388-session-close-s-2026-0808-1900-handover-.md
--- exit code: 0 ---
