=== episodic-gen invocation: 2026-08-08T17:22:50Z ===
task_id: T-386
FRAMEWORK_ROOT: /opt/832-Workflow-designer/.agentic-framework
PROJECT_ROOT: /opt/832-Workflow-designer
CONTEXT_DIR: /opt/832-Workflow-designer/.context
CONTEXT_AGENT: /opt/832-Workflow-designer/.agentic-framework/agents/context/context.sh
cwd: /opt/832-Workflow-designer
--- context.sh output ---
Episodic generated: /opt/832-Workflow-designer/.context/episodic/T-386.yaml

  Status: ✓ complete (Auto-generated)
  Task: Focus-drift block message recommends a command the gate now refuses (T-381 follow-on)
  Duration: 0 days (12 min)
  Updates: 1
  Commits: 1
  Lines: +494 -2 across 4 files
  Outcomes: 8 AC checked
  Artifacts: 4 files tracked
  Decisions: recorded from task file

Source: /opt/832-Workflow-designer/.tasks/completed/T-386-focus-drift-block-message-recommends-a-c.md
--- exit code: 0 ---
