=== episodic-gen invocation: 2026-08-08T17:10:15Z ===
task_id: T-385
FRAMEWORK_ROOT: /opt/832-Workflow-designer/.agentic-framework
PROJECT_ROOT: /opt/832-Workflow-designer
CONTEXT_DIR: /opt/832-Workflow-designer/.context
CONTEXT_AGENT: /opt/832-Workflow-designer/.agentic-framework/agents/context/context.sh
cwd: /opt/832-Workflow-designer
--- context.sh output ---
Episodic generated: /opt/832-Workflow-designer/.context/episodic/T-385.yaml

  Status: ✓ complete (Auto-generated)
  Task: Verify the python3 -c task-gate bypass class against our vendored hook (AEF OBS-200)
  Duration: 0 days (9 min)
  Updates: 1
  Commits: 1
  Lines: +515 -0 across 3 files
  Outcomes: 9 AC checked
  Artifacts: 3 files tracked
  Decisions: recorded from task file

Source: /opt/832-Workflow-designer/.tasks/completed/T-385-verify-the-python3--c-task-gate-bypass-c.md
--- exit code: 0 ---
