=== episodic-gen invocation: 2026-08-09T09:15:19Z ===
task_id: T-399
FRAMEWORK_ROOT: /opt/832-Workflow-designer/.agentic-framework
PROJECT_ROOT: /opt/832-Workflow-designer
CONTEXT_DIR: /opt/832-Workflow-designer/.context
CONTEXT_AGENT: /opt/832-Workflow-designer/.agentic-framework/agents/context/context.sh
cwd: /opt/832-Workflow-designer
--- context.sh output ---
Episodic generated: /opt/832-Workflow-designer/.context/episodic/T-399.yaml

  Status: ✓ complete (Auto-generated)
  Task: Bridge red: T-361 trailer check treats an AEF-authored fixture as one of our exports (prefix collision)
  Duration: 1 days (729 min)
  Updates: 1
  Commits: 2
  Lines: +1715 -48 across 21 files
  Outcomes: 6 AC checked
  Artifacts: 6 files tracked
  Decisions: recorded from task file

Source: /opt/832-Workflow-designer/.tasks/completed/T-399-bridge-red-t-361-trailer-check-treats-an.md
--- exit code: 0 ---
