=== episodic-gen invocation: 2026-08-08T19:44:41Z ===
task_id: T-395
FRAMEWORK_ROOT: /opt/832-Workflow-designer/.agentic-framework
PROJECT_ROOT: /opt/832-Workflow-designer
CONTEXT_DIR: /opt/832-Workflow-designer/.context
CONTEXT_AGENT: /opt/832-Workflow-designer/.agentic-framework/agents/context/context.sh
cwd: /opt/832-Workflow-designer
--- context.sh output ---
Episodic generated: /opt/832-Workflow-designer/.context/episodic/T-395.yaml

  Status: ✓ complete (Auto-generated)
  Task: tag the 0.9.0 release so build lag is measurable
  Duration: 0 days (5 min)
  Updates: 1
  Commits: 1
  Lines: +1411 -65 across 20 files
  Outcomes: 7 AC checked
  Artifacts: 20 files tracked
  Decisions: recorded from task file

Source: /opt/832-Workflow-designer/.tasks/completed/T-395-tag-the-090-release-so-build-lag-is-meas.md
--- exit code: 0 ---
