=== episodic-gen invocation: 2026-08-08T17:59:34Z ===
task_id: T-390
FRAMEWORK_ROOT: /opt/832-Workflow-designer/.agentic-framework
PROJECT_ROOT: /opt/832-Workflow-designer
CONTEXT_DIR: /opt/832-Workflow-designer/.context
CONTEXT_AGENT: /opt/832-Workflow-designer/.agentic-framework/agents/context/context.sh
cwd: /opt/832-Workflow-designer
--- context.sh output ---
Episodic generated: /opt/832-Workflow-designer/.context/episodic/T-390.yaml

  Status: ✓ complete (Auto-generated)
  Task: Knowledge-capture verbs are blocked in the no-task state that follows completing a task
  Duration: 0 days (5 min)
  Updates: 1
  Commits: 1
  Lines: +1106 -63 across 28 files
  Outcomes: 7 AC checked
  Challenges: 1 detected from git
  Artifacts: 28 files tracked
  Decisions: recorded from task file

Source: /opt/832-Workflow-designer/.tasks/completed/T-390-knowledge-capture-verbs-are-blocked-in-t.md
--- exit code: 0 ---
