=== episodic-gen invocation: 2026-08-08T19:58:08Z ===
task_id: T-396
FRAMEWORK_ROOT: /opt/832-Workflow-designer/.agentic-framework
PROJECT_ROOT: /opt/832-Workflow-designer
CONTEXT_DIR: /opt/832-Workflow-designer/.context
CONTEXT_AGENT: /opt/832-Workflow-designer/.agentic-framework/agents/context/context.sh
cwd: /opt/832-Workflow-designer
--- context.sh output ---
Episodic generated: /opt/832-Workflow-designer/.context/episodic/T-396.yaml

  Status: ✓ complete (Auto-generated)
  Task: release-designer.sh must produce the tag or refuse to report success
  Duration: 0 days (15 min)
  Updates: 2
  Commits: 1
  Lines: +261 -503 across 12 files
  Outcomes: 7 AC checked
  Artifacts: 12 files tracked
  Decisions: recorded from task file

Source: /opt/832-Workflow-designer/.tasks/completed/T-396-release-designersh-must-produce-the-tag-.md
--- exit code: 0 ---
