=== episodic-gen invocation: 2026-08-08T20:52:26Z ===
task_id: T-397
FRAMEWORK_ROOT: /opt/832-Workflow-designer/.agentic-framework
PROJECT_ROOT: /opt/832-Workflow-designer
CONTEXT_DIR: /opt/832-Workflow-designer/.context
CONTEXT_AGENT: /opt/832-Workflow-designer/.agentic-framework/agents/context/context.sh
cwd: /opt/832-Workflow-designer
--- context.sh output ---
Episodic generated: /opt/832-Workflow-designer/.context/episodic/T-397.yaml

  Status: ✓ complete (Auto-generated)
  Task: Consolidate import-repair-semantics: one operator ruling, not four
  Duration: 0 days (6 min)
  Updates: 1
  Commits: 1
  Lines: +1022 -97 across 25 files
  Outcomes: 5 AC checked
  Artifacts: 25 files tracked
  Decisions: recorded from task file

Source: /opt/832-Workflow-designer/.tasks/completed/T-397-consolidate-import-repair-semantics-one-.md
--- exit code: 0 ---
