=== episodic-gen invocation: 2026-08-09T10:54:23Z ===
task_id: T-408
FRAMEWORK_ROOT: /opt/832-Workflow-designer/.agentic-framework
PROJECT_ROOT: /opt/832-Workflow-designer
CONTEXT_DIR: /opt/832-Workflow-designer/.context
CONTEXT_AGENT: /opt/832-Workflow-designer/.agentic-framework/agents/context/context.sh
cwd: /opt/832-Workflow-designer
--- context.sh output ---
Episodic generated: /opt/832-Workflow-designer/.context/episodic/T-408.yaml

  Status: ✓ complete (Auto-generated)
  Task: Ratchet the G-015 verification-hygiene population: grandfather the 85 known carriers, fail on any new one
  Duration: 0 days (6 min)
  Updates: 1
  Commits: 1
  Lines: +1323 -1 across 5 files
  Outcomes: 7 AC checked
  Artifacts: 5 files tracked
  Decisions: recorded from task file

Source: /opt/832-Workflow-designer/.tasks/completed/T-408-ratchet-the-g-015-verification-hygiene-p.md
--- exit code: 0 ---
