=== episodic-gen invocation: 2026-08-09T11:05:47Z ===
task_id: T-400
FRAMEWORK_ROOT: /opt/832-Workflow-designer/.agentic-framework
PROJECT_ROOT: /opt/832-Workflow-designer
CONTEXT_DIR: /opt/832-Workflow-designer/.context
CONTEXT_AGENT: /opt/832-Workflow-designer/.agentic-framework/agents/context/context.sh
cwd: /opt/832-Workflow-designer
--- context.sh output ---
Episodic generated: /opt/832-Workflow-designer/.context/episodic/T-400.yaml

  Status: ✓ complete (Auto-generated)
  Task: Gap register entries can be silently unreadable: G-027 used a closure field name no check reads
  Duration: 1 days (837 min)
  Updates: 1
  Commits: 2
  Lines: +725 -56 across 11 files
  Outcomes: 4 AC checked
  Artifacts: 11 files tracked
  Decisions: recorded from task file

Source: /opt/832-Workflow-designer/.tasks/completed/T-400-gap-register-entries-can-be-silently-unr.md
--- exit code: 0 ---
