=== episodic-gen invocation: 2026-08-09T10:33:15Z ===
task_id: T-406
FRAMEWORK_ROOT: /opt/832-Workflow-designer/.agentic-framework
PROJECT_ROOT: /opt/832-Workflow-designer
CONTEXT_DIR: /opt/832-Workflow-designer/.context
CONTEXT_AGENT: /opt/832-Workflow-designer/.agentic-framework/agents/context/context.sh
cwd: /opt/832-Workflow-designer
--- context.sh output ---
Episodic generated: /opt/832-Workflow-designer/.context/episodic/T-406.yaml

  Status: ✓ complete (Auto-generated)
  Task: readDocComment discards a peer authored doc block whose leading comment opens with our trailer prefix
  Duration: 0 days (78 min)
  Updates: 2
  Commits: 1
  Lines: +311 -5 across 3 files
  Outcomes: 5 AC checked
  Artifacts: 3 files tracked
  Decisions: recorded from task file

Source: /opt/832-Workflow-designer/.tasks/completed/T-406-readdoccomment-discards-a-peer-authored-.md
--- exit code: 0 ---
