=== episodic-gen invocation: 2026-08-09T10:58:01Z ===
task_id: T-409
FRAMEWORK_ROOT: /opt/832-Workflow-designer/.agentic-framework
PROJECT_ROOT: /opt/832-Workflow-designer
CONTEXT_DIR: /opt/832-Workflow-designer/.context
CONTEXT_AGENT: /opt/832-Workflow-designer/.agentic-framework/agents/context/context.sh
cwd: /opt/832-Workflow-designer
--- context.sh output ---
Episodic generated: /opt/832-Workflow-designer/.context/episodic/T-409.yaml

  Status: ✓ complete (Auto-generated)
  Task: verification-hygiene baseline keys on relpath, so completing a grandfathered task fires a false red
  Duration: 0 days (2 min)
  Updates: 1
  Commits: 1
  Lines: +430 -104 across 5 files
  Outcomes: 6 AC checked
  Artifacts: 5 files tracked
  Decisions: recorded from task file

Source: /opt/832-Workflow-designer/.tasks/completed/T-409-verification-hygiene-baseline-keys-on-re.md
--- exit code: 0 ---
