=== episodic-gen invocation: 2026-08-09T07:52:38Z ===
task_id: T-401
FRAMEWORK_ROOT: /opt/832-Workflow-designer/.agentic-framework
PROJECT_ROOT: /opt/832-Workflow-designer
CONTEXT_DIR: /opt/832-Workflow-designer/.context
CONTEXT_AGENT: /opt/832-Workflow-designer/.agentic-framework/agents/context/context.sh
cwd: /opt/832-Workflow-designer
--- context.sh output ---
Episodic generated: /opt/832-Workflow-designer/.context/episodic/T-401.yaml

  Status: ✓ complete (Auto-generated)
  Task: Budget gauge false-critical after compaction: a foreign-model usage entry in the same transcript is read as this session's context size
  Duration: 0 days (12 min)
  Updates: 2
  Commits: 1
  Lines: +1094 -103 across 6 files
  Outcomes: 5 AC checked
  Artifacts: 6 files tracked
  Decisions: recorded from task file

Source: /opt/832-Workflow-designer/.tasks/completed/T-401-budget-gauge-false-critical-after-compac.md
--- exit code: 0 ---
