=== episodic-gen invocation: 2026-08-09T08:42:28Z ===
task_id: T-405
FRAMEWORK_ROOT: /opt/832-Workflow-designer/.agentic-framework
PROJECT_ROOT: /opt/832-Workflow-designer
CONTEXT_DIR: /opt/832-Workflow-designer/.context
CONTEXT_AGENT: /opt/832-Workflow-designer/.agentic-framework/agents/context/context.sh
cwd: /opt/832-Workflow-designer
--- context.sh output ---
Episodic generated: /opt/832-Workflow-designer/.context/episodic/T-405.yaml

  Status: ✓ complete (Auto-generated)
  Task: Bash gate mis-parses VAR=$(cmd args) as an env-var prefix and takes the next word as the command name
  Duration: 0 days (14 min)
  Updates: 2
  Commits: 1
  Lines: +261 -14 across 4 files
  Outcomes: 7 AC checked
  Artifacts: 4 files tracked
  Decisions: recorded from task file

Source: /opt/832-Workflow-designer/.tasks/completed/T-405-bash-gate-mis-parses-varcmd-args-as-an-e.md
--- exit code: 0 ---
