=== episodic-gen invocation: 2026-08-09T10:22:52Z ===
task_id: T-407
FRAMEWORK_ROOT: /opt/832-Workflow-designer/.agentic-framework
PROJECT_ROOT: /opt/832-Workflow-designer
CONTEXT_DIR: /opt/832-Workflow-designer/.context
CONTEXT_AGENT: /opt/832-Workflow-designer/.agentic-framework/agents/context/context.sh
cwd: /opt/832-Workflow-designer
--- context.sh output ---
Episodic generated: /opt/832-Workflow-designer/.context/episodic/T-407.yaml

  Status: ✓ complete (Auto-generated)
  Task: Measure what our export does to a foreign producer identity (AEF rail 491 seam question)
  Duration: 0 days (3 min)
  Updates: 1
  Commits: 1
  Lines: +413 -0 across 2 files
  Outcomes: 5 AC checked
  Artifacts: 2 files tracked
  Decisions: recorded from task file

Source: /opt/832-Workflow-designer/.tasks/completed/T-407-measure-what-our-export-does-to-a-foreig.md
--- exit code: 0 ---
