=== episodic-gen invocation: 2026-08-09T15:38:37Z ===
task_id: T-416
FRAMEWORK_ROOT: /opt/832-Workflow-designer/.agentic-framework
PROJECT_ROOT: /opt/832-Workflow-designer
CONTEXT_DIR: /opt/832-Workflow-designer/.context
CONTEXT_AGENT: /opt/832-Workflow-designer/.agentic-framework/agents/context/context.sh
cwd: /opt/832-Workflow-designer
--- context.sh output ---
Episodic generated: /opt/832-Workflow-designer/.context/episodic/T-416.yaml

  Status: ✓ complete (Auto-generated)
  Task: ANNOUNCED pair completes from two qualifiers with no credential noun: secret-password-rotation.md flags as key material
  Duration: 0 days (4 min)
  Updates: 1
  Commits: 1
  Lines: +593 -13 across 7 files
  Outcomes: 7 AC checked
  Artifacts: 7 files tracked
  Decisions: recorded from task file

Source: /opt/832-Workflow-designer/.tasks/completed/T-416-announced-pair-completes-from-two-qualif.md
--- exit code: 0 ---
