=== episodic-gen invocation: 2026-08-09T15:31:38Z ===
task_id: T-413
FRAMEWORK_ROOT: /opt/832-Workflow-designer/.agentic-framework
PROJECT_ROOT: /opt/832-Workflow-designer
CONTEXT_DIR: /opt/832-Workflow-designer/.context
CONTEXT_AGENT: /opt/832-Workflow-designer/.agentic-framework/agents/context/context.sh
cwd: /opt/832-Workflow-designer
--- context.sh output ---
Episodic generated: /opt/832-Workflow-designer/.context/episodic/T-413.yaml

  Status: ✓ complete (Auto-generated)
  Task: Run AEF's two T-406 fixtures through the provenance gate: the unstamped branch decides every real AEF document
  Duration: 0 days (12 min)
  Updates: 1
  Commits: 2
  Lines: +959 -11 across 8 files
  Outcomes: 6 AC checked
  Challenges: 2 detected from git
  Artifacts: 8 files tracked
  Decisions: recorded from task file

Source: /opt/832-Workflow-designer/.tasks/completed/T-413-run-aefs-two-t-406-fixtures-through-the-.md
--- exit code: 0 ---
