=== episodic-gen invocation: 2026-08-09T15:34:22Z ===
task_id: T-415
FRAMEWORK_ROOT: /opt/832-Workflow-designer/.agentic-framework
PROJECT_ROOT: /opt/832-Workflow-designer
CONTEXT_DIR: /opt/832-Workflow-designer/.context
CONTEXT_AGENT: /opt/832-Workflow-designer/.agentic-framework/agents/context/context.sh
cwd: /opt/832-Workflow-designer
--- context.sh output ---
Episodic generated: /opt/832-Workflow-designer/.context/episodic/T-415.yaml

  Status: ✓ complete (Auto-generated)
  Task: Probe the ANNOUNCED span rule against AEF's second-qualifier-occurrence case (rail 506 §4)
  Duration: 0 days (2 min)
  Updates: 1
  Commits: 1
  Lines: +328 -26 across 5 files
  Outcomes: 3 AC checked
  Artifacts: 5 files tracked
  Decisions: recorded from task file

Source: /opt/832-Workflow-designer/.tasks/completed/T-415-probe-the-announced-span-rule-against-ae.md
--- exit code: 0 ---
