=== episodic-gen invocation: 2026-08-09T15:43:28Z ===
task_id: T-417
FRAMEWORK_ROOT: /opt/832-Workflow-designer/.agentic-framework
PROJECT_ROOT: /opt/832-Workflow-designer
CONTEXT_DIR: /opt/832-Workflow-designer/.context
CONTEXT_AGENT: /opt/832-Workflow-designer/.agentic-framework/agents/context/context.sh
cwd: /opt/832-Workflow-designer
--- context.sh output ---
Episodic generated: /opt/832-Workflow-designer/.context/episodic/T-417.yaml

  Status: ✓ complete (Auto-generated)
  Task: Session scratch swept into the tree: a 1.6MB rail dump under .context/working/ was auto-committed (third instance of the T-222/T-410 shape)
  Duration: 0 days (2 min)
  Updates: 1
  Commits: 1
  Lines: +280 -4664 across 7 files
  Outcomes: 5 AC checked
  Artifacts: 7 files tracked
  Decisions: recorded from task file

Source: /opt/832-Workflow-designer/.tasks/completed/T-417-session-scratch-swept-into-the-tree-a-16.md
--- exit code: 0 ---
