=== episodic-gen invocation: 2026-08-10T18:39:02Z ===
task_id: T-419
FRAMEWORK_ROOT: /opt/832-Workflow-designer/.agentic-framework
PROJECT_ROOT: /opt/832-Workflow-designer
CONTEXT_DIR: /opt/832-Workflow-designer/.context
CONTEXT_AGENT: /opt/832-Workflow-designer/.agentic-framework/agents/context/context.sh
cwd: /opt/832-Workflow-designer
--- context.sh output ---
Episodic generated: /opt/832-Workflow-designer/.context/episodic/T-419.yaml

  Status: ✓ complete (Auto-generated)
  Task: Competing-carrier rule has no instrument: the premise four import rulings rest on is asserted in prose and cannot go red
  Duration: 0 days (11 min)
  Updates: 1
  Commits: 1
  Lines: +713 -28 across 17 files
  Outcomes: 5 AC checked
  Artifacts: 17 files tracked
  Decisions: recorded from task file

Source: /opt/832-Workflow-designer/.tasks/completed/T-419-competing-carrier-rule-has-no-instrument.md
--- exit code: 0 ---
