=== episodic-gen invocation: 2026-08-09T14:42:09Z ===
task_id: T-412
FRAMEWORK_ROOT: /opt/832-Workflow-designer/.agentic-framework
PROJECT_ROOT: /opt/832-Workflow-designer
CONTEXT_DIR: /opt/832-Workflow-designer/.context
CONTEXT_AGENT: /opt/832-Workflow-designer/.agentic-framework/agents/context/context.sh
cwd: /opt/832-Workflow-designer
--- context.sh output ---
Episodic generated: /opt/832-Workflow-designer/.context/episodic/T-412.yaml

  Status: ✓ complete (Auto-generated)
  Task: ANNOUNCED pair is completed by a single word: password/passwd sit in both halves
  Duration: 0 days (3 min)
  Updates: 1
  Commits: 1
  Lines: +654 -31 across 15 files
  Outcomes: 6 AC checked
  Artifacts: 15 files tracked
  Decisions: recorded from task file

Source: /opt/832-Workflow-designer/.tasks/completed/T-412-announced-pair-is-completed-by-a-single-.md
--- exit code: 0 ---
