=== episodic-gen invocation: 2026-08-09T14:38:08Z ===
task_id: T-411
FRAMEWORK_ROOT: /opt/832-Workflow-designer/.agentic-framework
PROJECT_ROOT: /opt/832-Workflow-designer
CONTEXT_DIR: /opt/832-Workflow-designer/.context
CONTEXT_AGENT: /opt/832-Workflow-designer/.agentic-framework/agents/context/context.sh
cwd: /opt/832-Workflow-designer
--- context.sh output ---
Episodic generated: /opt/832-Workflow-designer/.context/episodic/T-411.yaml

  Status: ✓ complete (Auto-generated)
  Task: Measure learnings application-field coverage (AEF rail 491 debt)
  Duration: 0 days (6 min)
  Updates: 1
  Commits: 2
  Lines: +2971 -86 across 34 files
  Outcomes: 5 AC checked
  Artifacts: 34 files tracked
  Decisions: recorded from task file

Source: /opt/832-Workflow-designer/.tasks/completed/T-411-measure-learnings-application-field-cove.md
--- exit code: 0 ---
