=== episodic-gen invocation: 2026-08-10T19:37:58Z ===
task_id: T-421
FRAMEWORK_ROOT: /opt/832-Workflow-designer/.agentic-framework
PROJECT_ROOT: /opt/832-Workflow-designer
CONTEXT_DIR: /opt/832-Workflow-designer/.context
CONTEXT_AGENT: /opt/832-Workflow-designer/.agentic-framework/agents/context/context.sh
cwd: /opt/832-Workflow-designer
--- context.sh output ---
Episodic generated: /opt/832-Workflow-designer/.context/episodic/T-421.yaml

  Status: ✓ complete (Auto-generated)
  Task: Enforcement claim drift: gates the tree asserts are live are not registered
  Duration: 0 days (7 min)
  Updates: 1
  Commits: 1
  Lines: +1055 -0 across 7 files
  Outcomes: 6 AC checked
  Artifacts: 7 files tracked
  Decisions: recorded from task file

Source: /opt/832-Workflow-designer/.tasks/completed/T-421-enforcement-claim-drift-gates-the-tree-a.md
--- exit code: 0 ---
