=== episodic-gen invocation: 2026-08-11T13:12:04Z ===
task_id: T-428
FRAMEWORK_ROOT: /opt/832-Workflow-designer/.agentic-framework
PROJECT_ROOT: /opt/832-Workflow-designer
CONTEXT_DIR: /opt/832-Workflow-designer/.context
CONTEXT_AGENT: /opt/832-Workflow-designer/.agentic-framework/agents/context/context.sh
cwd: /opt/832-Workflow-designer
--- context.sh output ---
Episodic generated: /opt/832-Workflow-designer/.context/episodic/T-428.yaml

  Status: ✓ complete (Auto-generated)
  Task: Assumption register never reconciles with owning task completion
  Duration: 0 days (9 min)
  Updates: 1
  Commits: 1
  Lines: +735 -0 across 4 files
  Outcomes: 7 AC checked
  Challenges: 1 detected from git
  Artifacts: 4 files tracked
  Decisions: recorded from task file

Source: /opt/832-Workflow-designer/.tasks/completed/T-428-assumption-register-never-reconciles-wit.md
--- exit code: 0 ---
