=== episodic-gen invocation: 2026-08-11T11:37:46Z ===
task_id: T-427
FRAMEWORK_ROOT: /opt/832-Workflow-designer/.agentic-framework
PROJECT_ROOT: /opt/832-Workflow-designer
CONTEXT_DIR: /opt/832-Workflow-designer/.context
CONTEXT_AGENT: /opt/832-Workflow-designer/.agentic-framework/agents/context/context.sh
cwd: /opt/832-Workflow-designer
--- context.sh output ---
Episodic generated: /opt/832-Workflow-designer/.context/episodic/T-427.yaml

  Status: ✓ complete (Auto-generated)
  Task: T-421 provenance collapses re-vendor imports into authored: any line arriving via a bulk vendor bump is reported as our own drift
  Duration: 0 days (4 min)
  Updates: 1
  Commits: 1
  Lines: +432 -13 across 3 files
  Outcomes: 7 AC checked
  Challenges: 1 detected from git
  Artifacts: 3 files tracked
  Decisions: recorded from task file

Source: /opt/832-Workflow-designer/.tasks/completed/T-427-t-421-provenance-collapses-re-vendor-imp.md
--- exit code: 0 ---
