=== episodic-gen invocation: 2026-08-11T14:27:46Z ===
task_id: T-429
FRAMEWORK_ROOT: /opt/832-Workflow-designer/.agentic-framework
PROJECT_ROOT: /opt/832-Workflow-designer
CONTEXT_DIR: /opt/832-Workflow-designer/.context
CONTEXT_AGENT: /opt/832-Workflow-designer/.agentic-framework/agents/context/context.sh
cwd: /opt/832-Workflow-designer
--- context.sh output ---
Episodic generated: /opt/832-Workflow-designer/.context/episodic/T-429.yaml

  Status: ✓ complete (Auto-generated)
  Task: Our own checks may abstain and print PASS - denominator audit
  Duration: 0 days (20 min)
  Updates: 1
  Commits: 2
  Lines: +1366 -47 across 30 files
  Outcomes: 7 AC checked
  Challenges: 2 detected from git
  Artifacts: 30 files tracked
  Decisions: recorded from task file

Source: /opt/832-Workflow-designer/.tasks/completed/T-429-our-own-checks-may-abstain-and-print-pas.md
--- exit code: 0 ---
