=== episodic-gen invocation: 2026-08-11T20:57:55Z ===
task_id: T-434
FRAMEWORK_ROOT: /opt/832-Workflow-designer/.agentic-framework
PROJECT_ROOT: /opt/832-Workflow-designer
CONTEXT_DIR: /opt/832-Workflow-designer/.context
CONTEXT_AGENT: /opt/832-Workflow-designer/.agentic-framework/agents/context/context.sh
cwd: /opt/832-Workflow-designer
--- context.sh output ---
Episodic generated: /opt/832-Workflow-designer/.context/episodic/T-434.yaml

  Status: ✓ complete (Auto-generated)
  Task: Backfill horizon: null into the 59 completed tasks CTL-030 flags
  Duration: 0 days (12 min)
  Updates: 2
  Commits: 2
  Lines: +599 -285 across 68 files
  Outcomes: 4 AC checked
  Artifacts: 68 files tracked
  Decisions: recorded from task file

Source: /opt/832-Workflow-designer/.tasks/completed/T-434-backfill-horizon-null-into-the-59-comple.md
--- exit code: 0 ---
