=== episodic-gen invocation: 2026-08-11T21:41:31Z ===
task_id: T-437
FRAMEWORK_ROOT: /opt/832-Workflow-designer/.agentic-framework
PROJECT_ROOT: /opt/832-Workflow-designer
CONTEXT_DIR: /opt/832-Workflow-designer/.context
CONTEXT_AGENT: /opt/832-Workflow-designer/.agentic-framework/agents/context/context.sh
cwd: /opt/832-Workflow-designer
--- context.sh output ---
Episodic generated: /opt/832-Workflow-designer/.context/episodic/T-437.yaml

  Status: ✓ complete (Auto-generated)
  Task: Record AEF's OBS-221 disposition on G-031 so the concern carries its upstream resolution
  Duration: 0 days (1 min)
  Updates: 1
  Commits: 1
  Lines: +299 -39 across 11 files
  Outcomes: 3 AC checked
  Artifacts: 11 files tracked
  Decisions: recorded from task file

Source: /opt/832-Workflow-designer/.tasks/completed/T-437-record-aefs-obs-221-disposition-on-g-031.md
--- exit code: 0 ---
