=== episodic-gen invocation: 2026-08-11T21:48:37Z ===
task_id: T-438
FRAMEWORK_ROOT: /opt/832-Workflow-designer/.agentic-framework
PROJECT_ROOT: /opt/832-Workflow-designer
CONTEXT_DIR: /opt/832-Workflow-designer/.context
CONTEXT_AGENT: /opt/832-Workflow-designer/.agentic-framework/agents/context/context.sh
cwd: /opt/832-Workflow-designer
--- context.sh output ---
Episodic generated: /opt/832-Workflow-designer/.context/episodic/T-438.yaml

  Status: ✓ complete (Auto-generated)
  Task: Diagnose the three standing audit warns so the next session inherits the measurement instead of re-deriving it
  Duration: 0 days (3 min)
  Updates: 1
  Commits: 1
  Lines: +378 -50 across 11 files
  Outcomes: 3 AC checked
  Artifacts: 11 files tracked
  Decisions: recorded from task file

Source: /opt/832-Workflow-designer/.tasks/completed/T-438-diagnose-the-three-standing-audit-warns-.md
--- exit code: 0 ---
