=== episodic-gen invocation: 2026-08-11T21:27:24Z ===
task_id: T-430
FRAMEWORK_ROOT: /opt/832-Workflow-designer/.agentic-framework
PROJECT_ROOT: /opt/832-Workflow-designer
CONTEXT_DIR: /opt/832-Workflow-designer/.context
CONTEXT_AGENT: /opt/832-Workflow-designer/.agentic-framework/agents/context/context.sh
cwd: /opt/832-Workflow-designer
--- context.sh output ---
Episodic generated: /opt/832-Workflow-designer/.context/episodic/T-430.yaml

  Status: ✓ complete (Auto-generated)
  Task: Leg counters for the 11 fails-only suites T-429 refused to guard mechanically
  Duration: 0 days (422 min)
  Updates: 2
  Commits: 2
  Lines: +526 -36 across 16 files
  Outcomes: 6 AC checked
  Artifacts: 16 files tracked
  Decisions: recorded from task file

Source: /opt/832-Workflow-designer/.tasks/completed/T-430-leg-counters-for-the-11-fails-only-suite.md
--- exit code: 0 ---
