=== episodic-gen invocation: 2026-08-11T22:08:59Z ===
task_id: T-436
FRAMEWORK_ROOT: /opt/832-Workflow-designer/.agentic-framework
PROJECT_ROOT: /opt/832-Workflow-designer
CONTEXT_DIR: /opt/832-Workflow-designer/.context
CONTEXT_AGENT: /opt/832-Workflow-designer/.agentic-framework/agents/context/context.sh
cwd: /opt/832-Workflow-designer
--- context.sh output ---
Episodic generated: /opt/832-Workflow-designer/.context/episodic/T-436.yaml

  Status: ✓ complete (Auto-generated)
  Task: Observation inbox is effectively write-only: 24 pending, and its contents are being re-derived instead of read
  Duration: 0 days (32 min)
  Updates: 5
  Commits: 4
  Lines: +2301 -144 across 34 files
  Outcomes: 5 AC checked
  Challenges: 2 detected from git
  Artifacts: 34 files tracked
  Decisions: recorded from task file

Source: /opt/832-Workflow-designer/.tasks/completed/T-436-observation-inbox-is-effectively-write-o.md
--- exit code: 0 ---
