=== episodic-gen invocation: 2026-08-11T22:39:54Z ===
task_id: T-444
FRAMEWORK_ROOT: /opt/832-Workflow-designer/.agentic-framework
PROJECT_ROOT: /opt/832-Workflow-designer
CONTEXT_DIR: /opt/832-Workflow-designer/.context
CONTEXT_AGENT: /opt/832-Workflow-designer/.agentic-framework/agents/context/context.sh
cwd: /opt/832-Workflow-designer
--- context.sh output ---
Episodic generated: /opt/832-Workflow-designer/.context/episodic/T-444.yaml

  Status: ✓ complete (Auto-generated)
  Task: Session capture: upstream reports have no follow-up trigger, and one T-365 learning is uncaptured
  Duration: 0 days (1 min)
  Updates: 1
  Commits: 1
  Lines: +554 -59 across 15 files
  Outcomes: 4 AC checked
  Challenges: 1 detected from git
  Artifacts: 15 files tracked
  Decisions: recorded from task file

Source: /opt/832-Workflow-designer/.tasks/completed/T-444-session-capture-upstream-reports-have-no.md
--- exit code: 0 ---
