=== episodic-gen invocation: 2026-08-11T22:59:34Z ===
task_id: T-445
FRAMEWORK_ROOT: /opt/832-Workflow-designer/.agentic-framework
PROJECT_ROOT: /opt/832-Workflow-designer
CONTEXT_DIR: /opt/832-Workflow-designer/.context
CONTEXT_AGENT: /opt/832-Workflow-designer/.agentic-framework/agents/context/context.sh
cwd: /opt/832-Workflow-designer
--- context.sh output ---
Episodic generated: /opt/832-Workflow-designer/.context/episodic/T-445.yaml

  Status: ✓ complete (Auto-generated)
  Task: G-032 closure condition is satisfiable while the route is still broken: AEF's tree returns 1 of 112
  Duration: 0 days (6 min)
  Updates: 2
  Commits: 1
  Lines: +481 -9 across 4 files
  Outcomes: 6 AC checked
  Challenges: 1 detected from git
  Artifacts: 4 files tracked
  Decisions: recorded from task file

Source: /opt/832-Workflow-designer/.tasks/completed/T-445-g-032-closure-condition-is-satisfiable-w.md
--- exit code: 0 ---
