=== episodic-gen invocation: 2026-08-16T22:53:56Z ===
task_id: T-448
FRAMEWORK_ROOT: /opt/832-Workflow-designer/.agentic-framework
PROJECT_ROOT: /opt/832-Workflow-designer
CONTEXT_DIR: /opt/832-Workflow-designer/.context
CONTEXT_AGENT: /opt/832-Workflow-designer/.agentic-framework/agents/context/context.sh
cwd: /opt/832-Workflow-designer
--- context.sh output ---
Episodic generated: /opt/832-Workflow-designer/.context/episodic/T-448.yaml

  Status: ✓ complete (Auto-generated)
  Task: bake-clean-layout --check is a documented corpus gate that nothing invokes
  Duration: 4 days (6563 min)
  Updates: 2
  Commits: 2
  Lines: +652 -26 across 6 files
  Outcomes: 6 AC checked
  Challenges: 2 detected from git
  Artifacts: 6 files tracked
  Decisions: recorded from task file

Source: /opt/832-Workflow-designer/.tasks/completed/T-448-bake-clean-layout---check-is-a-documente.md
--- exit code: 0 ---
