=== episodic-gen invocation: 2026-08-12T05:54:27Z ===
task_id: T-446
FRAMEWORK_ROOT: /opt/832-Workflow-designer/.agentic-framework
PROJECT_ROOT: /opt/832-Workflow-designer
CONTEXT_DIR: /opt/832-Workflow-designer/.context
CONTEXT_AGENT: /opt/832-Workflow-designer/.agentic-framework/agents/context/context.sh
cwd: /opt/832-Workflow-designer
--- context.sh output ---
Episodic generated: /opt/832-Workflow-designer/.context/episodic/T-446.yaml

  Status: ✓ complete (Auto-generated)
  Task: PROVENANCE.md and the T-365 guard must survive AEF DM 549: unconfirmed co-authorship, cross-tree fixture evidence, line anchors that do not port
  Duration: 1 days (414 min)
  Updates: 1
  Commits: 1
  Lines: +273 -3 across 4 files
  Outcomes: 7 AC checked
  Challenges: 1 detected from git
  Artifacts: 4 files tracked
  Decisions: recorded from task file

Source: /opt/832-Workflow-designer/.tasks/completed/T-446-provenancemd-and-the-t-365-guard-must-su.md
--- exit code: 0 ---
