=== episodic-gen invocation: 2026-08-14T19:12:50Z ===
task_id: T-458
FRAMEWORK_ROOT: /opt/832-Workflow-designer/.agentic-framework
PROJECT_ROOT: /opt/832-Workflow-designer
CONTEXT_DIR: /opt/832-Workflow-designer/.context
CONTEXT_AGENT: /opt/832-Workflow-designer/.agentic-framework/agents/context/context.sh
cwd: /opt/832-Workflow-designer
--- context.sh output ---
Episodic generated: /opt/832-Workflow-designer/.context/episodic/T-458.yaml

  Status: ✓ complete (Auto-generated)
  Task: Completion transition leaves task-file state uncommitted
  Duration: 2 days (3209 min)
  Updates: 1
  Commits: 10
  Lines: +1713 -277 across 46 files
  Outcomes: 2 AC checked
  Artifacts: 47 files tracked
  Decisions: recorded from task file

Source: /opt/832-Workflow-designer/.tasks/completed/T-458-completion-transition-leaves-task-file-s.md
--- exit code: 0 ---
