=== episodic-gen invocation: 2026-08-12T12:36:23Z ===
task_id: T-456
FRAMEWORK_ROOT: /opt/832-Workflow-designer/.agentic-framework
PROJECT_ROOT: /opt/832-Workflow-designer
CONTEXT_DIR: /opt/832-Workflow-designer/.context
CONTEXT_AGENT: /opt/832-Workflow-designer/.agentic-framework/agents/context/context.sh
cwd: /opt/832-Workflow-designer
--- context.sh output ---
Episodic generated: /opt/832-Workflow-designer/.context/episodic/T-456.yaml

  Status: ✓ complete (Auto-generated)
  Task: P-011 strips HTML comments from the Verification COMMAND text, mangling any command containing the markers
  Duration: 0 days (10 min)
  Updates: 2
  Commits: 1
  Lines: +52 -4 across 1 files
  Outcomes: 4 AC checked
  Challenges: 1 detected from git
  Artifacts: 1 files tracked
  Decisions: recorded from task file

Source: /opt/832-Workflow-designer/.tasks/completed/T-456-p-011-strips-html-comments-from-the-veri.md
--- exit code: 0 ---
