=== episodic-gen invocation: 2026-08-12T12:22:27Z ===
task_id: T-455
FRAMEWORK_ROOT: /opt/832-Workflow-designer/.agentic-framework
PROJECT_ROOT: /opt/832-Workflow-designer
CONTEXT_DIR: /opt/832-Workflow-designer/.context
CONTEXT_AGENT: /opt/832-Workflow-designer/.agentic-framework/agents/context/context.sh
cwd: /opt/832-Workflow-designer
--- context.sh output ---
Episodic generated: /opt/832-Workflow-designer/.context/episodic/T-455.yaml

  Status: ✓ complete (Auto-generated)
  Task: Recommendation block: the guard requires a section default.md never supplies
  Duration: 0 days (3 min)
  Updates: 2
  Commits: 2
  Lines: +229 -5 across 2 files
  Outcomes: 4 AC checked
  Challenges: 1 detected from git
  Artifacts: 2 files tracked
  Decisions: recorded from task file

Source: /opt/832-Workflow-designer/.tasks/completed/T-455-recommendation-block-the-guard-requires-.md
--- exit code: 0 ---
