=== episodic-gen invocation: 2026-08-12T12:18:56Z ===
task_id: T-454
FRAMEWORK_ROOT: /opt/832-Workflow-designer/.agentic-framework
PROJECT_ROOT: /opt/832-Workflow-designer
CONTEXT_DIR: /opt/832-Workflow-designer/.context
CONTEXT_AGENT: /opt/832-Workflow-designer/.agentic-framework/agents/context/context.sh
cwd: /opt/832-Workflow-designer
--- context.sh output ---
Episodic generated: /opt/832-Workflow-designer/.context/episodic/T-454.yaml

  Status: ✓ complete (Auto-generated)
  Task: Approvals queue regrew to 14 NO-REC of 32 handed-over tasks while its guard could not run
  Duration: 0 days (79 min)
  Updates: 2
  Commits: 8
  Lines: +912 -20 across 17 files
  Outcomes: 6 AC checked
  Challenges: 2 detected from git
  Artifacts: 17 files tracked
  Decisions: recorded from task file

Source: /opt/832-Workflow-designer/.tasks/completed/T-454-approvals-queue-regrew-to-14-no-rec-of-3.md
--- exit code: 0 ---
