=== episodic-gen invocation: 2026-08-12T12:39:57Z ===
task_id: T-457
FRAMEWORK_ROOT: /opt/832-Workflow-designer/.agentic-framework
PROJECT_ROOT: /opt/832-Workflow-designer
CONTEXT_DIR: /opt/832-Workflow-designer/.context
CONTEXT_AGENT: /opt/832-Workflow-designer/.agentic-framework/agents/context/context.sh
cwd: /opt/832-Workflow-designer
--- context.sh output ---
Episodic generated: /opt/832-Workflow-designer/.context/episodic/T-457.yaml

  Status: ✓ complete (Auto-generated)
  Task: Register the gate comment-boundary class as a gap
  Duration: 0 days (2 min)
  Updates: 1
  Commits: 2
  Lines: +284 -4 across 3 files
  Outcomes: 4 AC checked
  Challenges: 1 detected from git
  Artifacts: 3 files tracked
  Decisions: recorded from task file

Source: /opt/832-Workflow-designer/.tasks/completed/T-457-register-the-gate-comment-boundary-class.md
--- exit code: 0 ---
