=== episodic-gen invocation: 2026-08-12T20:06:42Z ===
task_id: T-469
FRAMEWORK_ROOT: /opt/832-Workflow-designer/.agentic-framework
PROJECT_ROOT: /opt/832-Workflow-designer
CONTEXT_DIR: /opt/832-Workflow-designer/.context
CONTEXT_AGENT: /opt/832-Workflow-designer/.agentic-framework/agents/context/context.sh
cwd: /opt/832-Workflow-designer
--- context.sh output ---
Episodic generated: /opt/832-Workflow-designer/.context/episodic/T-469.yaml

  Status: ✓ complete (Auto-generated)
  Task: Pre-negotiate the T-423 seam re-pin with AEF so the arc's first seam-touching step is not blocked on coordination when T-340 is ruled
  Duration: 0 days (4 min)
  Updates: 1
  Commits: 1
  Lines: +541 -27 across 11 files
  Outcomes: 5 AC checked
  Artifacts: 11 files tracked
  Decisions: recorded from task file

Source: /opt/832-Workflow-designer/.tasks/completed/T-469-pre-negotiate-the-t-423-seam-re-pin-with.md
--- exit code: 0 ---
