=== episodic-gen invocation: 2026-08-12T14:20:02Z ===
task_id: T-460
FRAMEWORK_ROOT: /opt/832-Workflow-designer/.agentic-framework
PROJECT_ROOT: /opt/832-Workflow-designer
CONTEXT_DIR: /opt/832-Workflow-designer/.context
CONTEXT_AGENT: /opt/832-Workflow-designer/.agentic-framework/agents/context/context.sh
cwd: /opt/832-Workflow-designer
--- context.sh output ---
Episodic generated: /opt/832-Workflow-designer/.context/episodic/T-460.yaml

  Status: ✓ complete (Auto-generated)
  Task: grep with an unescaped $name pattern is unsatisfiable: _t350-teeth assert_safe guard-intact branch is unreachable
  Duration: 0 days (11 min)
  Updates: 1
  Commits: 1
  Lines: +1245 -2 across 28 files
  Outcomes: 7 AC checked
  Artifacts: 28 files tracked
  Decisions: recorded from task file

Source: /opt/832-Workflow-designer/.tasks/completed/T-460-grep-with-an-unescaped-name-pattern-is-u.md
--- exit code: 0 ---
