=== episodic-gen invocation: 2026-08-12T19:21:50Z ===
task_id: T-465
FRAMEWORK_ROOT: /opt/832-Workflow-designer/.agentic-framework
PROJECT_ROOT: /opt/832-Workflow-designer
CONTEXT_DIR: /opt/832-Workflow-designer/.context
CONTEXT_AGENT: /opt/832-Workflow-designer/.agentic-framework/agents/context/context.sh
cwd: /opt/832-Workflow-designer
--- context.sh output ---
Episodic generated: /opt/832-Workflow-designer/.context/episodic/T-465.yaml

  Status: ✓ complete (Auto-generated)
  Task: G-037 witness records a root-dependent verdict without recording its search root
  Duration: 0 days (6 min)
  Updates: 1
  Commits: 1
  Lines: +488 -1 across 4 files
  Outcomes: 6 AC checked
  Artifacts: 4 files tracked
  Decisions: recorded from task file

Source: /opt/832-Workflow-designer/.tasks/completed/T-465-g-037-witness-records-a-root-dependent-v.md
--- exit code: 0 ---
