=== episodic-gen invocation: 2026-08-12T19:46:38Z ===
task_id: T-466
FRAMEWORK_ROOT: /opt/832-Workflow-designer/.agentic-framework
PROJECT_ROOT: /opt/832-Workflow-designer
CONTEXT_DIR: /opt/832-Workflow-designer/.context
CONTEXT_AGENT: /opt/832-Workflow-designer/.agentic-framework/agents/context/context.sh
cwd: /opt/832-Workflow-designer
--- context.sh output ---
Episodic generated: /opt/832-Workflow-designer/.context/episodic/T-466.yaml

  Status: ✓ complete (Auto-generated)
  Task: The arc view cannot see what blocks the arc
  Duration: 0 days (9 min)
  Updates: 1
  Commits: 1
  Lines: +1001 -39 across 19 files
  Outcomes: 10 AC checked
  Artifacts: 19 files tracked
  Decisions: recorded from task file

Source: /opt/832-Workflow-designer/.tasks/completed/T-466-operator-decision-brief-for-the-five-arc.md
--- exit code: 0 ---
