=== episodic-gen invocation: 2026-08-12T17:01:36Z ===
task_id: T-462
FRAMEWORK_ROOT: /opt/832-Workflow-designer/.agentic-framework
PROJECT_ROOT: /opt/832-Workflow-designer
CONTEXT_DIR: /opt/832-Workflow-designer/.context
CONTEXT_AGENT: /opt/832-Workflow-designer/.agentic-framework/agents/context/context.sh
cwd: /opt/832-Workflow-designer
--- context.sh output ---
Episodic generated: /opt/832-Workflow-designer/.context/episodic/T-462.yaml

  Status: ✓ complete (Auto-generated)
  Task: G-037 second axis: agent-side recursive grep skips gitignored paths, and focus.yaml is one of them
  Duration: 0 days (6 min)
  Updates: 1
  Commits: 1
  Lines: +320 -39 across 3 files
  Outcomes: 6 AC checked
  Challenges: 1 detected from git
  Artifacts: 3 files tracked
  Decisions: recorded from task file

Source: /opt/832-Workflow-designer/.tasks/completed/T-462-g-037-second-axis-agent-side-recursive-g.md
--- exit code: 0 ---
