=== episodic-gen invocation: 2026-08-12T19:55:37Z ===
task_id: T-468
FRAMEWORK_ROOT: /opt/832-Workflow-designer/.agentic-framework
PROJECT_ROOT: /opt/832-Workflow-designer
CONTEXT_DIR: /opt/832-Workflow-designer/.context
CONTEXT_AGENT: /opt/832-Workflow-designer/.agentic-framework/agents/context/context.sh
cwd: /opt/832-Workflow-designer
--- context.sh output ---
Episodic generated: /opt/832-Workflow-designer/.context/episodic/T-468.yaml

  Status: ✓ complete (Auto-generated)
  Task: Discharge the owed axis-2 baseline re-measure: which recorded numbers could a repo-root agent-side grep -r have undercounted
  Duration: 0 days (6 min)
  Updates: 1
  Commits: 1
  Lines: +432 -15 across 7 files
  Outcomes: 6 AC checked
  Artifacts: 7 files tracked
  Decisions: recorded from task file

Source: /opt/832-Workflow-designer/.tasks/completed/T-468-discharge-the-owed-axis-2-baseline-re-me.md
--- exit code: 0 ---
