=== episodic-gen invocation: 2026-08-12T22:26:14Z ===
task_id: T-479
FRAMEWORK_ROOT: /opt/832-Workflow-designer/.agentic-framework
PROJECT_ROOT: /opt/832-Workflow-designer
CONTEXT_DIR: /opt/832-Workflow-designer/.context
CONTEXT_AGENT: /opt/832-Workflow-designer/.agentic-framework/agents/context/context.sh
cwd: /opt/832-Workflow-designer
--- context.sh output ---
Episodic generated: /opt/832-Workflow-designer/.context/episodic/T-479.yaml

  Status: ✓ complete (Auto-generated)
  Task: Measure whether the aef:endpoint misclassification causes real data loss on round-trip
  Duration: 0 days (5 min)
  Updates: 1
  Commits: 1
  Lines: +448 -0 across 5 files
  Outcomes: 5 AC checked
  Challenges: 1 detected from git
  Artifacts: 5 files tracked
  Decisions: recorded from task file

Source: /opt/832-Workflow-designer/.tasks/completed/T-479-measure-whether-the-aefendpoint-misclass.md
--- exit code: 0 ---
