=== episodic-gen invocation: 2026-08-12T22:10:14Z ===
task_id: T-478
FRAMEWORK_ROOT: /opt/832-Workflow-designer/.agentic-framework
PROJECT_ROOT: /opt/832-Workflow-designer
CONTEXT_DIR: /opt/832-Workflow-designer/.context
CONTEXT_AGENT: /opt/832-Workflow-designer/.agentic-framework/agents/context/context.sh
cwd: /opt/832-Workflow-designer
--- context.sh output ---
Episodic generated: /opt/832-Workflow-designer/.context/episodic/T-478.yaml

  Status: ✓ complete (Auto-generated)
  Task: Resolve IW-1: is the DI-generation claim our exporter ships in every document true?
  Duration: 0 days (4 min)
  Updates: 1
  Commits: 2
  Lines: +323 -2 across 4 files
  Outcomes: 5 AC checked
  Challenges: 1 detected from git
  Artifacts: 4 files tracked
  Decisions: recorded from task file

Source: /opt/832-Workflow-designer/.tasks/completed/T-478-resolve-iw-1-is-the-di-generation-claim-.md
--- exit code: 0 ---
