=== episodic-gen invocation: 2026-08-12T22:00:11Z ===
task_id: T-477
FRAMEWORK_ROOT: /opt/832-Workflow-designer/.agentic-framework
PROJECT_ROOT: /opt/832-Workflow-designer
CONTEXT_DIR: /opt/832-Workflow-designer/.context
CONTEXT_AGENT: /opt/832-Workflow-designer/.agentic-framework/agents/context/context.sh
cwd: /opt/832-Workflow-designer
--- context.sh output ---
Episodic generated: /opt/832-Workflow-designer/.context/episodic/T-477.yaml

  Status: ✓ complete (Auto-generated)
  Task: Close T-357 spike 3: classify aef:anchors and aef:waypoint as computed result or authored intent
  Duration: 0 days (4 min)
  Updates: 1
  Commits: 1
  Lines: +367 -2 across 4 files
  Outcomes: 5 AC checked
  Artifacts: 4 files tracked
  Decisions: recorded from task file

Source: /opt/832-Workflow-designer/.tasks/completed/T-477-close-t-357-spike-3-classify-aefanchors-.md
--- exit code: 0 ---
