=== episodic-gen invocation: 2026-08-12T21:24:41Z ===
task_id: T-476
FRAMEWORK_ROOT: /opt/832-Workflow-designer/.agentic-framework
PROJECT_ROOT: /opt/832-Workflow-designer
CONTEXT_DIR: /opt/832-Workflow-designer/.context
CONTEXT_AGENT: /opt/832-Workflow-designer/.agentic-framework/agents/context/context.sh
cwd: /opt/832-Workflow-designer
--- context.sh output ---
Episodic generated: /opt/832-Workflow-designer/.context/episodic/T-476.yaml

  Status: ✓ complete (Auto-generated)
  Task: Measure our exposure to the OBS-037 phantom-checkbox misalignment (vendored guard)
  Duration: 0 days (4 min)
  Updates: 1
  Commits: 1
  Lines: +514 -0 across 4 files
  Outcomes: 5 AC checked
  Challenges: 1 detected from git
  Artifacts: 4 files tracked
  Decisions: recorded from task file

Source: /opt/832-Workflow-designer/.tasks/completed/T-476-measure-our-exposure-to-the-obs-037-phan.md
--- exit code: 0 ---
