=== episodic-gen invocation: 2026-08-14T20:24:42Z ===
task_id: T-487
FRAMEWORK_ROOT: /opt/832-Workflow-designer/.agentic-framework
PROJECT_ROOT: /opt/832-Workflow-designer
CONTEXT_DIR: /opt/832-Workflow-designer/.context
CONTEXT_AGENT: /opt/832-Workflow-designer/.agentic-framework/agents/context/context.sh
cwd: /opt/832-Workflow-designer
--- context.sh output ---
Episodic generated: /opt/832-Workflow-designer/.context/episodic/T-487.yaml

  Status: ✓ complete (Auto-generated)
  Task: T-340 GO successor — verify the decision was recorded, then scope the build from the task file
  Duration: 1 days (2189 min)
  Updates: 4
  Commits: 3
  Lines: +600 -86 across 19 files
  Outcomes: 5 AC checked
  Artifacts: 19 files tracked
  Decisions: recorded from task file

Source: /opt/832-Workflow-designer/.tasks/completed/T-487-t340-go-successor-verify-and-scope.md
--- exit code: 0 ---
