=== episodic-gen invocation: 2026-08-13T09:05:57Z ===
task_id: T-489
FRAMEWORK_ROOT: /opt/832-Workflow-designer/.agentic-framework
PROJECT_ROOT: /opt/832-Workflow-designer
CONTEXT_DIR: /opt/832-Workflow-designer/.context
CONTEXT_AGENT: /opt/832-Workflow-designer/.agentic-framework/agents/context/context.sh
cwd: /opt/832-Workflow-designer
--- context.sh output ---
Episodic generated: /opt/832-Workflow-designer/.context/episodic/T-489.yaml

  Status: ✓ complete (Auto-generated)
  Task: Close the seam fixed-point coverage gap: author one fixture that exercises the 8 keys T-488 measured as never proven
  Duration: 0 days (13 min)
  Updates: 1
  Commits: 1
  Lines: +450 -1 across 3 files
  Outcomes: 7 AC checked
  Challenges: 1 detected from git
  Artifacts: 3 files tracked
  Decisions: recorded from task file

Source: /opt/832-Workflow-designer/.tasks/completed/T-489-close-the-seam-fixed-point-coverage-gap-.md
--- exit code: 0 ---
