=== episodic-gen invocation: 2026-08-12T22:32:25Z ===
task_id: T-480
FRAMEWORK_ROOT: /opt/832-Workflow-designer/.agentic-framework
PROJECT_ROOT: /opt/832-Workflow-designer
CONTEXT_DIR: /opt/832-Workflow-designer/.context
CONTEXT_AGENT: /opt/832-Workflow-designer/.agentic-framework/agents/context/context.sh
cwd: /opt/832-Workflow-designer
--- context.sh output ---
Episodic generated: /opt/832-Workflow-designer/.context/episodic/T-480.yaml

  Status: ✓ complete (Auto-generated)
  Task: Project aef:endpoint in the round-trip semantic fixed point so a future drop cannot be silent
  Duration: 0 days (4 min)
  Updates: 1
  Commits: 1
  Lines: +301 -1 across 4 files
  Outcomes: 5 AC checked
  Challenges: 1 detected from git
  Artifacts: 4 files tracked
  Decisions: recorded from task file

Source: /opt/832-Workflow-designer/.tasks/completed/T-480-project-aefendpoint-in-the-round-trip-se.md
--- exit code: 0 ---
