=== episodic-gen invocation: 2026-08-13T09:04:13Z ===
task_id: T-488
FRAMEWORK_ROOT: /opt/832-Workflow-designer/.agentic-framework
PROJECT_ROOT: /opt/832-Workflow-designer
CONTEXT_DIR: /opt/832-Workflow-designer/.context
CONTEXT_AGENT: /opt/832-Workflow-designer/.agentic-framework/agents/context/context.sh
cwd: /opt/832-Workflow-designer
--- context.sh output ---
Episodic generated: /opt/832-Workflow-designer/.context/episodic/T-488.yaml

  Status: ✓ complete (Auto-generated)
  Task: Round-trip harness self-test: give every projected key teeth, and make the two METAKEYS copies structurally incapable of diverging
  Duration: 0 days (30 min)
  Updates: 1
  Commits: 1
  Lines: +601 -96 across 5 files
  Outcomes: 7 AC checked
  Challenges: 1 detected from git
  Artifacts: 5 files tracked
  Decisions: recorded from task file

Source: /opt/832-Workflow-designer/.tasks/completed/T-488-round-trip-harness-self-test-give-every-.md
--- exit code: 0 ---
