=== episodic-gen invocation: 2026-08-12T22:35:44Z ===
task_id: T-481
FRAMEWORK_ROOT: /opt/832-Workflow-designer/.agentic-framework
PROJECT_ROOT: /opt/832-Workflow-designer
CONTEXT_DIR: /opt/832-Workflow-designer/.context
CONTEXT_AGENT: /opt/832-Workflow-designer/.agentic-framework/agents/context/context.sh
cwd: /opt/832-Workflow-designer
--- context.sh output ---
Episodic generated: /opt/832-Workflow-designer/.context/episodic/T-481.yaml

  Status: ✓ complete (Auto-generated)
  Task: Correct the P-011 backtick learning: AEF measured single quotes DO protect under one eval
  Duration: 0 days (2 min)
  Updates: 1
  Commits: 1
  Lines: +354 -0 across 5 files
  Outcomes: 4 AC checked
  Artifacts: 5 files tracked
  Decisions: recorded from task file

Source: /opt/832-Workflow-designer/.tasks/completed/T-481-correct-the-p-011-backtick-learning-aef-.md
--- exit code: 0 ---
