=== episodic-gen invocation: 2026-08-14T07:02:15Z ===
task_id: T-492
FRAMEWORK_ROOT: /opt/832-Workflow-designer/.agentic-framework
PROJECT_ROOT: /opt/832-Workflow-designer
CONTEXT_DIR: /opt/832-Workflow-designer/.context
CONTEXT_AGENT: /opt/832-Workflow-designer/.agentic-framework/agents/context/context.sh
cwd: /opt/832-Workflow-designer
--- context.sh output ---
Episodic generated: /opt/832-Workflow-designer/.context/episodic/T-492.yaml

  Status: ✓ complete (Auto-generated)
  Task: termlink sender id drift: my rail posts now sign as the shared host key, defeating sender attribution
  Duration: 0 days (10 min)
  Updates: 1
  Commits: 3
  Lines: +838 -10 across 4 files
  Outcomes: 5 AC checked
  Challenges: 1 detected from git
  Artifacts: 4 files tracked
  Decisions: recorded from task file

Source: /opt/832-Workflow-designer/.tasks/completed/T-492-termlink-sender-id-drift-my-rail-posts-n.md
--- exit code: 0 ---
