=== episodic-gen invocation: 2026-08-14T07:11:24Z ===
task_id: T-493
FRAMEWORK_ROOT: /opt/832-Workflow-designer/.agentic-framework
PROJECT_ROOT: /opt/832-Workflow-designer
CONTEXT_DIR: /opt/832-Workflow-designer/.context
CONTEXT_AGENT: /opt/832-Workflow-designer/.agentic-framework/agents/context/context.sh
cwd: /opt/832-Workflow-designer
--- context.sh output ---
Episodic generated: /opt/832-Workflow-designer/.context/episodic/T-493.yaml

  Status: ✓ complete (Auto-generated)
  Task: unwired-guard census computes liveness one-hop, so dead tools vouch for each other
  Duration: 0 days (13 min)
  Updates: 2
  Commits: 1
  Lines: +508 -39 across 4 files
  Outcomes: 6 AC checked
  Challenges: 1 detected from git
  Artifacts: 4 files tracked
  Decisions: recorded from task file

Source: /opt/832-Workflow-designer/.tasks/completed/T-493-unwired-guard-census-computes-liveness-o.md
--- exit code: 0 ---
