=== episodic-gen invocation: 2026-08-13T11:51:29Z ===
task_id: T-490
FRAMEWORK_ROOT: /opt/832-Workflow-designer/.agentic-framework
PROJECT_ROOT: /opt/832-Workflow-designer
CONTEXT_DIR: /opt/832-Workflow-designer/.context
CONTEXT_AGENT: /opt/832-Workflow-designer/.agentic-framework/agents/context/context.sh
cwd: /opt/832-Workflow-designer
--- context.sh output ---
Episodic generated: /opt/832-Workflow-designer/.context/episodic/T-490.yaml

  Status: ✓ complete (Auto-generated)
  Task: Round-trip guard denominator is hand-derived: 2 emitter-projected keys sit outside it
  Duration: 0 days (26 min)
  Updates: 1
  Commits: 1
  Lines: +461 -1 across 5 files
  Outcomes: 7 AC checked
  Challenges: 1 detected from git
  Artifacts: 5 files tracked
  Decisions: recorded from task file

Source: /opt/832-Workflow-designer/.tasks/completed/T-490-round-trip-guard-denominator-is-hand-der.md
--- exit code: 0 ---
