=== episodic-gen invocation: 2026-08-14T07:18:01Z ===
task_id: T-494
FRAMEWORK_ROOT: /opt/832-Workflow-designer/.agentic-framework
PROJECT_ROOT: /opt/832-Workflow-designer
CONTEXT_DIR: /opt/832-Workflow-designer/.context
CONTEXT_AGENT: /opt/832-Workflow-designer/.agentic-framework/agents/context/context.sh
cwd: /opt/832-Workflow-designer
--- context.sh output ---
Episodic generated: /opt/832-Workflow-designer/.context/episodic/T-494.yaml

  Status: ✓ complete (Auto-generated)
  Task: T-420 gate: agent_send_auto_discover posts content under key 'message' and is allowed at exit 0
  Duration: 0 days (18 min)
  Updates: 2
  Commits: 1
  Lines: +188 -9 across 3 files
  Outcomes: 6 AC checked
  Artifacts: 3 files tracked
  Decisions: recorded from task file

Source: /opt/832-Workflow-designer/.tasks/completed/T-494-t-420-gate-agentsendautodiscover-posts-c.md
--- exit code: 0 ---
