=== episodic-gen invocation: 2026-08-14T19:33:01Z ===
task_id: T-503
FRAMEWORK_ROOT: /opt/832-Workflow-designer/.agentic-framework
PROJECT_ROOT: /opt/832-Workflow-designer
CONTEXT_DIR: /opt/832-Workflow-designer/.context
CONTEXT_AGENT: /opt/832-Workflow-designer/.agentic-framework/agents/context/context.sh
cwd: /opt/832-Workflow-designer
--- context.sh output ---
Episodic generated: /opt/832-Workflow-designer/.context/episodic/T-503.yaml

  Status: ✓ complete (Auto-generated)
  Task: The T-355 disclosure guard was wired to a one-shot that completion spent — give it a standing caller
  Duration: 0 days (6 min)
  Updates: 1
  Commits: 1
  Lines: +451 -0 across 3 files
  Outcomes: 4 AC checked
  Artifacts: 3 files tracked
  Decisions: recorded from task file

Source: /opt/832-Workflow-designer/.tasks/completed/T-503-the-t-355-disclosure-guard-was-wired-to-.md
--- exit code: 0 ---
