=== episodic-gen invocation: 2026-08-14T19:43:55Z ===
task_id: T-504
FRAMEWORK_ROOT: /opt/832-Workflow-designer/.agentic-framework
PROJECT_ROOT: /opt/832-Workflow-designer
CONTEXT_DIR: /opt/832-Workflow-designer/.context
CONTEXT_AGENT: /opt/832-Workflow-designer/.agentic-framework/agents/context/context.sh
cwd: /opt/832-Workflow-designer
--- context.sh output ---
Episodic generated: /opt/832-Workflow-designer/.context/episodic/T-504.yaml

  Status: ✓ complete (Auto-generated)
  Task: A pending Tier 0 approval disappeared from disk unactioned — find out what removed it
  Duration: 0 days (2 min)
  Updates: 1
  Commits: 1
  Lines: +270 -10 across 3 files
  Outcomes: 4 AC checked
  Artifacts: 3 files tracked
  Decisions: recorded from task file

Source: /opt/832-Workflow-designer/.tasks/completed/T-504-a-pending-tier-0-approval-disappeared-fr.md
--- exit code: 0 ---
