=== episodic-gen invocation: 2026-08-14T19:40:31Z ===
task_id: T-502
FRAMEWORK_ROOT: /opt/832-Workflow-designer/.agentic-framework
PROJECT_ROOT: /opt/832-Workflow-designer
CONTEXT_DIR: /opt/832-Workflow-designer/.context
CONTEXT_AGENT: /opt/832-Workflow-designer/.agentic-framework/agents/context/context.sh
cwd: /opt/832-Workflow-designer
--- context.sh output ---
Episodic generated: /opt/832-Workflow-designer/.context/episodic/T-502.yaml

  Status: ✓ complete (Auto-generated)
  Task: Pre-flight the three completion-ready human-owned tasks so the operator's close does not bounce
  Duration: 0 days (23 min)
  Updates: 1
  Commits: 1
  Lines: +50 -5 across 1 files
  Outcomes: 4 AC checked
  Artifacts: 1 files tracked
  Decisions: recorded from task file

Source: /opt/832-Workflow-designer/.tasks/completed/T-502-pre-flight-the-three-completion-ready-hu.md
--- exit code: 0 ---
