=== episodic-gen invocation: 2026-08-15T05:38:47Z ===
task_id: T-508
FRAMEWORK_ROOT: /opt/832-Workflow-designer/.agentic-framework
PROJECT_ROOT: /opt/832-Workflow-designer
CONTEXT_DIR: /opt/832-Workflow-designer/.context
CONTEXT_AGENT: /opt/832-Workflow-designer/.agentic-framework/agents/context/context.sh
cwd: /opt/832-Workflow-designer
--- context.sh output ---
Episodic generated: /opt/832-Workflow-designer/.context/episodic/T-508.yaml

  Status: ✓ complete (Auto-generated)
  Task: Verification legs pin corpus cardinality: 24 population-counting legs are contingent on a corpus designed to grow, and adopting AEF's daily re-runner would import them all red
  Duration: 0 days (22 min)
  Updates: 1
  Commits: 2
  Lines: +700 -28 across 6 files
  Outcomes: 10 AC checked
  Challenges: 1 detected from git
  Artifacts: 6 files tracked
  Decisions: recorded from task file

Source: /opt/832-Workflow-designer/.tasks/completed/T-508-verification-legs-pin-corpus-cardinality.md
--- exit code: 0 ---
