=== episodic-gen invocation: 2026-08-14T16:51:58Z ===
task_id: T-500
FRAMEWORK_ROOT: /opt/832-Workflow-designer/.agentic-framework
PROJECT_ROOT: /opt/832-Workflow-designer
CONTEXT_DIR: /opt/832-Workflow-designer/.context
CONTEXT_AGENT: /opt/832-Workflow-designer/.agentic-framework/agents/context/context.sh
cwd: /opt/832-Workflow-designer
--- context.sh output ---
Episodic generated: /opt/832-Workflow-designer/.context/episodic/T-500.yaml

  Status: ✓ complete (Auto-generated)
  Task: critically re-evaluate every DEFER assessment
  Duration: 0 days (280 min)
  Updates: 1
  Commits: 5
  Lines: +2429 -293 across 41 files
  Outcomes: 6 AC checked
  Challenges: 3 detected from git
  Artifacts: 41 files tracked
  Decisions: recorded from task file

Source: /opt/832-Workflow-designer/.tasks/completed/T-500-critically-re-evaluate-every-defer-asses.md
--- exit code: 0 ---
