=== episodic-gen invocation: 2026-08-15T08:29:29Z ===
task_id: T-511
FRAMEWORK_ROOT: /opt/832-Workflow-designer/.agentic-framework
PROJECT_ROOT: /opt/832-Workflow-designer
CONTEXT_DIR: /opt/832-Workflow-designer/.context
CONTEXT_AGENT: /opt/832-Workflow-designer/.agentic-framework/agents/context/context.sh
cwd: /opt/832-Workflow-designer
--- context.sh output ---
Episodic generated: /opt/832-Workflow-designer/.context/episodic/T-511.yaml

  Status: ✓ complete (Auto-generated)
  Task: Answer AEF rail 11833 Q2: does a save round-trip drop unwired flow nodes
  Duration: 0 days (4 min)
  Updates: 1
  Commits: 1
  Lines: +488 -0 across 3 files
  Outcomes: 5 AC checked
  Challenges: 1 detected from git
  Artifacts: 3 files tracked
  Decisions: recorded from task file

Source: /opt/832-Workflow-designer/.tasks/completed/T-511-answer-aef-rail-11833-q2-does-a-save-rou.md
--- exit code: 0 ---
