=== episodic-gen invocation: 2026-08-15T09:33:20Z ===
task_id: T-514
FRAMEWORK_ROOT: /opt/832-Workflow-designer/.agentic-framework
PROJECT_ROOT: /opt/832-Workflow-designer
CONTEXT_DIR: /opt/832-Workflow-designer/.context
CONTEXT_AGENT: /opt/832-Workflow-designer/.agentic-framework/agents/context/context.sh
cwd: /opt/832-Workflow-designer
--- context.sh output ---
Episodic generated: /opt/832-Workflow-designer/.context/episodic/T-514.yaml

  Status: ✓ complete (Auto-generated)
  Task: forward-compile identity rests on an unstated upstream precondition
  Duration: 0 days (1 min)
  Updates: 1
  Commits: 1
  Lines: +435 -26 across 12 files
  Outcomes: 4 AC checked
  Artifacts: 12 files tracked
  Decisions: recorded from task file

Source: /opt/832-Workflow-designer/.tasks/completed/T-514-forward-compile-identity-rests-on-an-uns.md
--- exit code: 0 ---
