=== episodic-gen invocation: 2026-08-15T08:42:06Z ===
task_id: T-512
FRAMEWORK_ROOT: /opt/832-Workflow-designer/.agentic-framework
PROJECT_ROOT: /opt/832-Workflow-designer
CONTEXT_DIR: /opt/832-Workflow-designer/.context
CONTEXT_AGENT: /opt/832-Workflow-designer/.agentic-framework/agents/context/context.sh
cwd: /opt/832-Workflow-designer
--- context.sh output ---
Episodic generated: /opt/832-Workflow-designer/.context/episodic/T-512.yaml

  Status: ✓ complete (Auto-generated)
  Task: Cut designer release 0.10.0: AEF is pinned to 0.9.0 and blocked on six unreleased src commits including the T-340 DI import repair
  Duration: 0 days (3 min)
  Updates: 1
  Commits: 2
  Lines: +10878 -17 across 6 files
  Outcomes: 7 AC checked
  Artifacts: 6 files tracked
  Decisions: recorded from task file

Source: /opt/832-Workflow-designer/.tasks/completed/T-512-cut-designer-release-0100-aef-is-pinned-.md
--- exit code: 0 ---
