=== episodic-gen invocation: 2026-08-15T10:33:31Z ===
task_id: T-518
FRAMEWORK_ROOT: /opt/832-Workflow-designer/.agentic-framework
PROJECT_ROOT: /opt/832-Workflow-designer
CONTEXT_DIR: /opt/832-Workflow-designer/.context
CONTEXT_AGENT: /opt/832-Workflow-designer/.agentic-framework/agents/context/context.sh
cwd: /opt/832-Workflow-designer
--- context.sh output ---
Episodic generated: /opt/832-Workflow-designer/.context/episodic/T-518.yaml

  Status: ✓ complete (Auto-generated)
  Task: uid collision: an externally-assigned aef:uid that equals one the editor would mint for a different node
  Duration: 0 days (10 min)
  Updates: 1
  Commits: 1
  Lines: +598 -1 across 5 files
  Outcomes: 7 AC checked
  Challenges: 1 detected from git
  Artifacts: 5 files tracked
  Decisions: recorded from task file

Source: /opt/832-Workflow-designer/.tasks/completed/T-518-uid-collision-an-externally-assigned-aef.md
--- exit code: 0 ---
