=== episodic-gen invocation: 2026-08-15T09:43:19Z ===
task_id: T-515
FRAMEWORK_ROOT: /opt/832-Workflow-designer/.agentic-framework
PROJECT_ROOT: /opt/832-Workflow-designer
CONTEXT_DIR: /opt/832-Workflow-designer/.context
CONTEXT_AGENT: /opt/832-Workflow-designer/.agentic-framework/agents/context/context.sh
cwd: /opt/832-Workflow-designer
--- context.sh output ---
Episodic generated: /opt/832-Workflow-designer/.context/episodic/T-515.yaml

  Status: ✓ complete (Auto-generated)
  Task: conformance 6.3 externally-assignable aef-uid is unguarded
  Duration: 0 days (6 min)
  Updates: 1
  Commits: 2
  Lines: +588 -58 across 14 files
  Outcomes: 7 AC checked
  Challenges: 1 detected from git
  Artifacts: 14 files tracked
  Decisions: recorded from task file

Source: /opt/832-Workflow-designer/.tasks/completed/T-515-conformance-63-externally-assignable-aef.md
--- exit code: 0 ---
