=== episodic-gen invocation: 2026-08-15T09:27:16Z ===
task_id: T-513
FRAMEWORK_ROOT: /opt/832-Workflow-designer/.agentic-framework
PROJECT_ROOT: /opt/832-Workflow-designer
CONTEXT_DIR: /opt/832-Workflow-designer/.context
CONTEXT_AGENT: /opt/832-Workflow-designer/.agentic-framework/agents/context/context.sh
cwd: /opt/832-Workflow-designer
--- context.sh output ---
Episodic generated: /opt/832-Workflow-designer/.context/episodic/T-513.yaml

  Status: ✓ complete (Auto-generated)
  Task: does identity survive a third-party import with no aef-uid
  Duration: 0 days (12 min)
  Updates: 1
  Commits: 2
  Lines: +752 -44 across 14 files
  Outcomes: 8 AC checked
  Challenges: 1 detected from git
  Artifacts: 14 files tracked
  Decisions: recorded from task file

Source: /opt/832-Workflow-designer/.tasks/completed/T-513-does-identity-survive-a-third-party-impo.md
--- exit code: 0 ---
