=== episodic-gen invocation: 2026-08-15T07:54:02Z ===
task_id: T-510
FRAMEWORK_ROOT: /opt/832-Workflow-designer/.agentic-framework
PROJECT_ROOT: /opt/832-Workflow-designer
CONTEXT_DIR: /opt/832-Workflow-designer/.context
CONTEXT_AGENT: /opt/832-Workflow-designer/.agentic-framework/agents/context/context.sh
cwd: /opt/832-Workflow-designer
--- context.sh output ---
Episodic generated: /opt/832-Workflow-designer/.context/episodic/T-510.yaml

  Status: ✓ complete (Auto-generated)
  Task: Correct a published claim: _t364-t308-teeth is red because BASELINE_REF is a pinned git ref the exporter has moved past, not because of stale stored shas as T-509 asserted on the rail and in a learning
  Duration: 0 days (93 min)
  Updates: 1
  Commits: 1
  Lines: +603 -24 across 9 files
  Outcomes: 6 AC checked
  Challenges: 1 detected from git
  Artifacts: 9 files tracked
  Decisions: recorded from task file

Source: /opt/832-Workflow-designer/.tasks/completed/T-510-correct-a-published-claim-t364-t308-teet.md
--- exit code: 0 ---
