=== episodic-gen invocation: 2026-08-15T14:23:14Z ===
task_id: T-522
FRAMEWORK_ROOT: /opt/832-Workflow-designer/.agentic-framework
PROJECT_ROOT: /opt/832-Workflow-designer
CONTEXT_DIR: /opt/832-Workflow-designer/.context
CONTEXT_AGENT: /opt/832-Workflow-designer/.agentic-framework/agents/context/context.sh
cwd: /opt/832-Workflow-designer
--- context.sh output ---
Episodic generated: /opt/832-Workflow-designer/.context/episodic/T-522.yaml

  Status: ✓ auto-complete (Auto-generated)
  Task: episodic auto-generation silently skipped for T-520 and T-521 — no episodic and no diagnostic log despite the T-1860 log-every-invocation guarantee
  Duration: 0 days (14 min)
  Updates: 1
  Commits: 1
  Lines: +1290 -76 across 30 files
  Outcomes: 7 AC checked
  Challenges: 1 detected from git
  Artifacts: 30 files tracked

Source: /opt/832-Workflow-designer/.tasks/completed/T-522-episodic-auto-generation-silently-skippe.md
--- exit code: 0 ---
