=== episodic-gen invocation: 2026-08-16T09:39:31Z ===
task_id: T-536
FRAMEWORK_ROOT: /opt/832-Workflow-designer/.agentic-framework
PROJECT_ROOT: /opt/832-Workflow-designer
CONTEXT_DIR: /opt/832-Workflow-designer/.context
CONTEXT_AGENT: /opt/832-Workflow-designer/.agentic-framework/agents/context/context.sh
cwd: /opt/832-Workflow-designer
--- context.sh output ---
Episodic generated: /opt/832-Workflow-designer/.context/episodic/T-536.yaml

  Status: ✓ complete (Auto-generated)
  Task: Tasks in .tasks/completed/ whose frontmatter still says started-work (CTL-028), surfaced 263 times in a corpus nothing reads
  Duration: 0 days (38 min)
  Updates: 1
  Commits: 1
  Lines: +723 -14 across 8 files
  Outcomes: 7 AC checked
  Challenges: 1 detected from git
  Artifacts: 8 files tracked
  Decisions: recorded from task file

Source: /opt/832-Workflow-designer/.tasks/completed/T-536-tasks-in-taskscompleted-whose-frontmatte.md
--- exit code: 0 ---
