=== episodic-gen invocation: 2026-08-15T23:16:05Z ===
task_id: T-534
FRAMEWORK_ROOT: /opt/832-Workflow-designer/.agentic-framework
PROJECT_ROOT: /opt/832-Workflow-designer
CONTEXT_DIR: /opt/832-Workflow-designer/.context
CONTEXT_AGENT: /opt/832-Workflow-designer/.agentic-framework/agents/context/context.sh
cwd: /opt/832-Workflow-designer
--- context.sh output ---
Episodic generated: /opt/832-Workflow-designer/.context/episodic/T-534.yaml

  Status: ✓ auto-complete (Auto-generated)
  Task: D2 human-review-queue FAIL prints a >30d count against a >14d list
  Duration: 0 days (28 min)
  Updates: 2
  Commits: 1
  Lines: +398 -10 across 4 files
  Outcomes: 7 AC checked
  Challenges: 1 detected from git
  Artifacts: 4 files tracked

Source: /opt/832-Workflow-designer/.tasks/completed/T-534-d2-human-review-queue-fail-prints-a-30d-.md
--- exit code: 0 ---
