=== episodic-gen invocation: 2026-08-16T08:59:37Z ===
task_id: T-535
FRAMEWORK_ROOT: /opt/832-Workflow-designer/.agentic-framework
PROJECT_ROOT: /opt/832-Workflow-designer
CONTEXT_DIR: /opt/832-Workflow-designer/.context
CONTEXT_AGENT: /opt/832-Workflow-designer/.agentic-framework/agents/context/context.sh
cwd: /opt/832-Workflow-designer
--- context.sh output ---
Episodic generated: /opt/832-Workflow-designer/.context/episodic/T-535.yaml

  Status: ✓ complete (Auto-generated)
  Task: Audit trend detector counts verbatim check strings, so an issue is only 'recurring' while its numbers stop moving
  Duration: 0 days (130 min)
  Updates: 2
  Commits: 1
  Lines: +264 -0 across 1 files
  Outcomes: 6 AC checked
  Challenges: 1 detected from git
  Artifacts: 1 files tracked
  Decisions: recorded from task file

Source: /opt/832-Workflow-designer/.tasks/completed/T-535-audit-trend-detector-counts-verbatim-che.md
--- exit code: 0 ---
