=== episodic-gen invocation: 2026-08-16T15:41:08Z ===
task_id: T-546
FRAMEWORK_ROOT: /opt/832-Workflow-designer/.agentic-framework
PROJECT_ROOT: /opt/832-Workflow-designer
CONTEXT_DIR: /opt/832-Workflow-designer/.context
CONTEXT_AGENT: /opt/832-Workflow-designer/.agentic-framework/agents/context/context.sh
cwd: /opt/832-Workflow-designer
--- context.sh output ---
Episodic generated: /opt/832-Workflow-designer/.context/episodic/T-546.yaml

  Status: ✓ auto-complete (Auto-generated)
  Task: Report six generic upstream defects to AEF as findings with evidence, not as a build spec
  Duration: 0 days (6 min)
  Updates: 1
  Commits: 1
  Lines: +706 -18 across 12 files
  Outcomes: 5 AC checked
  Challenges: 1 detected from git
  Artifacts: 12 files tracked

Source: /opt/832-Workflow-designer/.tasks/completed/T-546-report-six-generic-upstream-defects-to-a.md
--- exit code: 0 ---
