=== episodic-gen invocation: 2026-08-16T18:01:57Z ===
task_id: T-543
FRAMEWORK_ROOT: /opt/832-Workflow-designer/.agentic-framework
PROJECT_ROOT: /opt/832-Workflow-designer
CONTEXT_DIR: /opt/832-Workflow-designer/.context
CONTEXT_AGENT: /opt/832-Workflow-designer/.agentic-framework/agents/context/context.sh
cwd: /opt/832-Workflow-designer
--- context.sh output ---
Episodic generated: /opt/832-Workflow-designer/.context/episodic/T-543.yaml

  Status: ✓ auto-complete (Auto-generated)
  Task: T-523 nesting teeth legs 7-8 fail intermittently inside the bridge suite but
  Duration: 0 days (215 min)
  Updates: 1
  Commits: 4
  Lines: +1290 -332 across 24 files
  Outcomes: 6 AC checked
  Challenges: 3 detected from git
  Artifacts: 24 files tracked

Source: /opt/832-Workflow-designer/.tasks/completed/T-543-t-523-nesting-teeth-legs-7-8-fail-interm.md
--- exit code: 0 ---
