=== episodic-gen invocation: 2026-08-16T20:43:11Z ===
task_id: T-551
FRAMEWORK_ROOT: /opt/832-Workflow-designer/.agentic-framework
PROJECT_ROOT: /opt/832-Workflow-designer
CONTEXT_DIR: /opt/832-Workflow-designer/.context
CONTEXT_AGENT: /opt/832-Workflow-designer/.agentic-framework/agents/context/context.sh
cwd: /opt/832-Workflow-designer
--- context.sh output ---
Episodic generated: /opt/832-Workflow-designer/.context/episodic/T-551.yaml

  Status: ✓ complete (Auto-generated)
  Task: the instrument sweep discards every probe's output, so a reproduction of the intermittent-failure class yields an integer and nothing else
  Duration: 0 days (54 min)
  Updates: 1
  Commits: 1
  Lines: +764 -5 across 6 files
  Outcomes: 7 AC checked
  Challenges: 1 detected from git
  Artifacts: 6 files tracked
  Decisions: recorded from task file

Source: /opt/832-Workflow-designer/.tasks/completed/T-551-the-instrument-sweep-discards-every-prob.md
--- exit code: 0 ---
