=== episodic-gen invocation: 2026-08-16T23:29:42Z ===
task_id: T-552
FRAMEWORK_ROOT: /opt/832-Workflow-designer/.agentic-framework
PROJECT_ROOT: /opt/832-Workflow-designer
CONTEXT_DIR: /opt/832-Workflow-designer/.context
CONTEXT_AGENT: /opt/832-Workflow-designer/.agentic-framework/agents/context/context.sh
cwd: /opt/832-Workflow-designer
--- context.sh output ---
Episodic generated: /opt/832-Workflow-designer/.context/episodic/T-552.yaml

  Status: ✓ auto-complete (Auto-generated)
  Task: _t525 hermeticity leg cannot pass on the first audit of any day
  Duration: 0 days (18 min)
  Updates: 1
  Commits: 1
  Lines: +773 -22 across 7 files
  Outcomes: 7 AC checked
  Challenges: 1 detected from git
  Artifacts: 7 files tracked

Source: /opt/832-Workflow-designer/.tasks/completed/T-552-t525-hermeticity-leg-cannot-pass-on-the-.md
--- exit code: 0 ---
