=== episodic-gen invocation: 2026-08-20T00:23:29Z ===
task_id: T-558
FRAMEWORK_ROOT: /opt/832-Workflow-designer/.agentic-framework
PROJECT_ROOT: /opt/832-Workflow-designer
CONTEXT_DIR: /opt/832-Workflow-designer/.context
CONTEXT_AGENT: /opt/832-Workflow-designer/.agentic-framework/agents/context/context.sh
cwd: /opt/832-Workflow-designer
--- context.sh output ---
Episodic generated: /opt/832-Workflow-designer/.context/episodic/T-558.yaml

  Status: ✓ complete (Auto-generated)
  Task: bridge suite went red in one session and four tasks shipped green through it
  Duration: 1 days (44 min)
  Updates: 1
  Commits: 1
  Lines: +749 -15 across 11 files
  Outcomes: 8 AC checked
  Challenges: 1 detected from git
  Artifacts: 11 files tracked
  Decisions: recorded from task file

Source: /opt/832-Workflow-designer/.tasks/completed/T-558-bridge-suite-went-red-in-one-session-and.md
--- exit code: 0 ---
