=== episodic-gen invocation: 2026-08-20T13:21:18Z ===
task_id: T-568
FRAMEWORK_ROOT: /opt/832-Workflow-designer/.agentic-framework
PROJECT_ROOT: /opt/832-Workflow-designer
CONTEXT_DIR: /opt/832-Workflow-designer/.context
CONTEXT_AGENT: /opt/832-Workflow-designer/.agentic-framework/agents/context/context.sh
cwd: /opt/832-Workflow-designer
--- context.sh output ---
Episodic generated: /opt/832-Workflow-designer/.context/episodic/T-568.yaml

  Status: ✓ complete (Auto-generated)
  Task: Fabric card cache is keyed on directory mtime, so every edit to a card is invisible to Watchtower
  Duration: 0 days (32 min)
  Updates: 1
  Commits: 1
  Lines: +1100 -9 across 10 files
  Outcomes: 8 AC checked
  Challenges: 1 detected from git
  Artifacts: 10 files tracked
  Decisions: recorded from task file

Source: /opt/832-Workflow-designer/.tasks/completed/T-568-fabric-card-cache-is-keyed-on-directory-.md
--- exit code: 0 ---
