=== episodic-gen invocation: 2026-08-20T22:03:05Z ===
task_id: T-561
FRAMEWORK_ROOT: /opt/832-Workflow-designer/.agentic-framework
PROJECT_ROOT: /opt/832-Workflow-designer
CONTEXT_DIR: /opt/832-Workflow-designer/.context
CONTEXT_AGENT: /opt/832-Workflow-designer/.agentic-framework/agents/context/context.sh
cwd: /opt/832-Workflow-designer
--- context.sh output ---
Episodic generated: /opt/832-Workflow-designer/.context/episodic/T-561.yaml

  Status: ✓ auto-complete (Auto-generated)
  Task: Completion crashes on inception tasks: update-task.sh derives sys.path from __file__ inside a python3 - heredoc, where __file__ is '<stdin>'
  Duration: 0 days (760 min)
  Updates: 1
  Commits: 1
  Lines: +291 -2 across 3 files
  Outcomes: 5 AC checked
  Challenges: 1 detected from git
  Artifacts: 3 files tracked

Source: /opt/832-Workflow-designer/.tasks/completed/T-561-completion-crashes-on-inception-tasks-up.md
--- exit code: 0 ---
