=== episodic-gen invocation: 2026-08-20T17:36:57Z ===
task_id: T-570
FRAMEWORK_ROOT: /opt/832-Workflow-designer/.agentic-framework
PROJECT_ROOT: /opt/832-Workflow-designer
CONTEXT_DIR: /opt/832-Workflow-designer/.context
CONTEXT_AGENT: /opt/832-Workflow-designer/.agentic-framework/agents/context/context.sh
cwd: /opt/832-Workflow-designer
--- context.sh output ---
Episodic generated: /opt/832-Workflow-designer/.context/episodic/T-570.yaml

  Status: ✓ complete (Auto-generated)
  Task: aef:meta keys absent from metaKeys are imported, hidden, then silently dropped on re-export
  Duration: 0 days (162 min)
  Updates: 3
  Commits: 1
  Lines: +1271 -10 across 8 files
  Outcomes: 10 AC checked
  Challenges: 1 detected from git
  Artifacts: 8 files tracked
  Decisions: recorded from task file

Source: /opt/832-Workflow-designer/.tasks/completed/T-570-aefmeta-keys-absent-from-metakeys-are-im.md
--- exit code: 0 ---
