=== episodic-gen invocation: 2026-08-20T18:16:53Z ===
task_id: T-572
FRAMEWORK_ROOT: /opt/832-Workflow-designer/.agentic-framework
PROJECT_ROOT: /opt/832-Workflow-designer
CONTEXT_DIR: /opt/832-Workflow-designer/.context
CONTEXT_AGENT: /opt/832-Workflow-designer/.agentic-framework/agents/context/context.sh
cwd: /opt/832-Workflow-designer
--- context.sh output ---
Episodic generated: /opt/832-Workflow-designer/.context/episodic/T-572.yaml

  Status: ✓ complete (Auto-generated)
  Task: meta-parity guard checks a subset, not parity: 9 bridge keys the editor never named stayed green
  Duration: 0 days (70 min)
  Updates: 2
  Commits: 1
  Lines: +758 -107 across 7 files
  Outcomes: 10 AC checked
  Artifacts: 7 files tracked
  Decisions: recorded from task file

Source: /opt/832-Workflow-designer/.tasks/completed/T-572-meta-parity-guard-checks-a-subset-not-pa.md
--- exit code: 0 ---
