=== episodic-gen invocation: 2026-09-29T08:32:51Z ===
task_id: T-573
FRAMEWORK_ROOT: /opt/832-Workflow-designer/.agentic-framework
PROJECT_ROOT: /opt/832-Workflow-designer
CONTEXT_DIR: /opt/832-Workflow-designer/.context
CONTEXT_AGENT: /opt/832-Workflow-designer/.agentic-framework/agents/context/context.sh
cwd: /opt/832-Workflow-designer
--- context.sh output ---
Episodic generated: /opt/832-Workflow-designer/.context/episodic/T-573.yaml

  Status: ✓ complete (Auto-generated)
  Task: Emits panel field writes a scalar where the structured exporter requires an array
  Duration: 40 days (57085 min)
  Updates: 2
  Commits: 1
  Lines: +1083 -66 across 13 files
  Outcomes: 6 AC checked
  Artifacts: 13 files tracked
  Decisions: recorded from task file

Source: /opt/832-Workflow-designer/.tasks/completed/T-573-emits-panel-field-writes-a-scalar-where-.md
--- exit code: 0 ---
