=== episodic-gen invocation: 2026-08-24T21:13:07Z ===
task_id: T-581
FRAMEWORK_ROOT: /opt/832-Workflow-designer/.agentic-framework
PROJECT_ROOT: /opt/832-Workflow-designer
CONTEXT_DIR: /opt/832-Workflow-designer/.context
CONTEXT_AGENT: /opt/832-Workflow-designer/.agentic-framework/agents/context/context.sh
cwd: /opt/832-Workflow-designer
--- context.sh output ---
Episodic generated: /opt/832-Workflow-designer/.context/episodic/T-581.yaml

  Status: ✓ complete (Auto-generated)
  Task: The byte-identity gate's baseline is a hand-picked git literal, so it goes stale on a clock nobody watches
  Duration: 0 days (189 min)
  Updates: 2
  Commits: 3
  Lines: +3302 -111 across 17 files
  Outcomes: 5 AC checked
  Artifacts: 17 files tracked
  Decisions: recorded from task file

Source: /opt/832-Workflow-designer/.tasks/completed/T-581-the-byte-identity-gates-baseline-is-a-ha.md
--- exit code: 0 ---
