=== episodic-gen invocation: 2026-08-25T09:47:57Z ===
task_id: T-585
FRAMEWORK_ROOT: /opt/832-Workflow-designer/.agentic-framework
PROJECT_ROOT: /opt/832-Workflow-designer
CONTEXT_DIR: /opt/832-Workflow-designer/.context
CONTEXT_AGENT: /opt/832-Workflow-designer/.agentic-framework/agents/context/context.sh
cwd: /opt/832-Workflow-designer
--- context.sh output ---
Episodic generated: /opt/832-Workflow-designer/.context/episodic/T-585.yaml

  Status: ✓ complete (Auto-generated)
  Task: the approvals queue cannot tell an empty queue from a mis-sectioned Human AC
  Duration: 0 days (30 min)
  Updates: 1
  Commits: 1
  Lines: +886 -17 across 7 files
  Outcomes: 6 AC checked
  Artifacts: 7 files tracked
  Decisions: recorded from task file

Source: /opt/832-Workflow-designer/.tasks/completed/T-585-the-approvals-queue-cannot-tell-an-empty.md
--- exit code: 0 ---
