=== episodic-gen invocation: 2026-08-31T11:48:11Z ===
task_id: T-645
FRAMEWORK_ROOT: /opt/832-Workflow-designer/.agentic-framework
PROJECT_ROOT: /opt/832-Workflow-designer
CONTEXT_DIR: /opt/832-Workflow-designer/.context
CONTEXT_AGENT: /opt/832-Workflow-designer/.agentic-framework/agents/context/context.sh
cwd: /opt/832-Workflow-designer
--- context.sh output ---
Episodic generated: /opt/832-Workflow-designer/.context/episodic/T-645.yaml

  Status: ✓ auto-complete (Auto-generated)
  Task: test_htmx_returns_fragment[/timeline] fails on a substring scan: task PROSE containing the characters <html
  Duration: 1 days (1058 min)
  Updates: 2
  Commits: 4
  Lines: +2155 -57 across 21 files
  Outcomes: 10 AC checked
  Challenges: 2 detected from git
  Artifacts: 21 files tracked

Source: /opt/832-Workflow-designer/.tasks/completed/T-645-testhtmxreturnsfragmenttimeline-fails-on.md
--- exit code: 0 ---
