=== episodic-gen invocation: 2026-08-30T10:37:22Z ===
task_id: T-641
FRAMEWORK_ROOT: /opt/832-Workflow-designer/.agentic-framework
PROJECT_ROOT: /opt/832-Workflow-designer
CONTEXT_DIR: /opt/832-Workflow-designer/.context
CONTEXT_AGENT: /opt/832-Workflow-designer/.agentic-framework/agents/context/context.sh
cwd: /opt/832-Workflow-designer
--- context.sh output ---
Episodic generated: /opt/832-Workflow-designer/.context/episodic/T-641.yaml

  Status: ✓ auto-complete (Auto-generated)
  Task: T-639 prober sandbox is ignored so it measures live session state
  Duration: 0 days (7 min)
  Updates: 1
  Commits: 1
  Lines: +320 -5 across 3 files
  Outcomes: 7 AC checked
  Challenges: 1 detected from git
  Artifacts: 3 files tracked

Source: /opt/832-Workflow-designer/.tasks/completed/T-641-t-639-prober-sandbox-is-ignored-so-it-me.md
--- exit code: 0 ---
