=== episodic-gen invocation: 2026-08-31T18:37:16Z ===
task_id: T-657
FRAMEWORK_ROOT: /opt/832-Workflow-designer/.agentic-framework
PROJECT_ROOT: /opt/832-Workflow-designer
CONTEXT_DIR: /opt/832-Workflow-designer/.context
CONTEXT_AGENT: /opt/832-Workflow-designer/.agentic-framework/agents/context/context.sh
cwd: /opt/832-Workflow-designer
--- context.sh output ---
Episodic generated: /opt/832-Workflow-designer/.context/episodic/T-657.yaml

  Status: ✓ complete (Auto-generated)
  Task: Vendor-divergence guard has no delivery surface: 6 unrecorded, red twice unnoticed
  Duration: 0 days (9 min)
  Updates: 1
  Commits: 2
  Lines: +678 -0 across 5 files
  Outcomes: 7 AC checked
  Artifacts: 5 files tracked
  Decisions: recorded from task file

Source: /opt/832-Workflow-designer/.tasks/completed/T-657-vendor-divergence-guard-has-no-delivery-.md
--- exit code: 0 ---
