=== episodic-gen invocation: 2026-08-31T18:45:06Z ===
task_id: T-658
FRAMEWORK_ROOT: /opt/832-Workflow-designer/.agentic-framework
PROJECT_ROOT: /opt/832-Workflow-designer
CONTEXT_DIR: /opt/832-Workflow-designer/.context
CONTEXT_AGENT: /opt/832-Workflow-designer/.agentic-framework/agents/context/context.sh
cwd: /opt/832-Workflow-designer
--- context.sh output ---
Episodic generated: /opt/832-Workflow-designer/.context/episodic/T-658.yaml

  Status: ✓ complete (Auto-generated)
  Task: P-011 reports a killed verification command as a plain FAIL — 'did not finish' reads as 'your check is wrong'
  Duration: 0 days (5 min)
  Updates: 1
  Commits: 1
  Lines: +603 -4 across 5 files
  Outcomes: 8 AC checked
  Artifacts: 5 files tracked
  Decisions: recorded from task file

Source: /opt/832-Workflow-designer/.tasks/completed/T-658-p-011-reports-a-killed-verification-comm.md
--- exit code: 0 ---
