=== episodic-gen invocation: 2026-08-31T15:12:48Z ===
task_id: T-654
FRAMEWORK_ROOT: /opt/832-Workflow-designer/.agentic-framework
PROJECT_ROOT: /opt/832-Workflow-designer
CONTEXT_DIR: /opt/832-Workflow-designer/.context
CONTEXT_AGENT: /opt/832-Workflow-designer/.agentic-framework/agents/context/context.sh
cwd: /opt/832-Workflow-designer
--- context.sh output ---
Episodic generated: /opt/832-Workflow-designer/.context/episodic/T-654.yaml

  Status: ✓ auto-complete (Auto-generated)
  Task: CTL-030: two completed tasks kept horizon:now and got no episodic — find the finalization path that skipped both
  Duration: 0 days (18 min)
  Updates: 1
  Commits: 1
  Lines: +1616 -2 across 10 files
  Outcomes: 4 AC checked
  Challenges: 1 detected from git
  Artifacts: 10 files tracked

Source: /opt/832-Workflow-designer/.tasks/completed/T-654-ctl-030-two-completed-tasks-kept-horizon.md
--- exit code: 0 ---
