=== episodic-gen invocation: 2026-09-03T20:09:46Z ===
task_id: T-673
FRAMEWORK_ROOT: /opt/832-Workflow-designer/.agentic-framework
PROJECT_ROOT: /opt/832-Workflow-designer
CONTEXT_DIR: /opt/832-Workflow-designer/.context
CONTEXT_AGENT: /opt/832-Workflow-designer/.agentic-framework/agents/context/context.sh
cwd: /opt/832-Workflow-designer
--- context.sh output ---
Episodic generated: /opt/832-Workflow-designer/.context/episodic/T-673.yaml

  Status: ✓ auto-complete (Auto-generated)
  Task: audit remediation cycles 2026-09-03: close the recurring fabric coverage warns with real cards, not stub registrations
  Duration: 0 days (17 min)
  Updates: 1
  Commits: 1
  Lines: +86 -6 across 1 files
  Outcomes: 6 AC checked
  Challenges: 1 detected from git
  Artifacts: 1 files tracked

Source: /opt/832-Workflow-designer/.tasks/completed/T-673-audit-remediation-cycles-2026-09-03-clos.md
--- exit code: 0 ---
