=== episodic-gen invocation: 2026-09-08T09:23:49Z ===
task_id: T-685
FRAMEWORK_ROOT: /opt/832-Workflow-designer/.agentic-framework
PROJECT_ROOT: /opt/832-Workflow-designer
CONTEXT_DIR: /opt/832-Workflow-designer/.context
CONTEXT_AGENT: /opt/832-Workflow-designer/.agentic-framework/agents/context/context.sh
cwd: /opt/832-Workflow-designer/.agentic-framework
--- context.sh output ---
Episodic generated: /opt/832-Workflow-designer/.context/episodic/T-685.yaml

  Status: ✓ auto-complete (Auto-generated)
  Task: Should authority live in the box (tier + owner) with the lane meaning domain, instead of the lane being the sole authority-of-record?
  Duration: 2 days (2444 min)
  Updates: 2
  Commits: 15
  Lines: +1872 -61 across 6 files
  Outcomes: 4 AC checked
  Challenges: 1 detected from git
  Artifacts: 6 files tracked

Source: /opt/832-Workflow-designer/.tasks/completed/T-685-should-authority-live-in-the-box-tier--o.md
--- exit code: 0 ---
