=== episodic-gen invocation: 2026-09-07T19:36:55Z ===
task_id: T-687
FRAMEWORK_ROOT: /opt/832-Workflow-designer/.agentic-framework
PROJECT_ROOT: /opt/832-Workflow-designer
CONTEXT_DIR: /opt/832-Workflow-designer/.context
CONTEXT_AGENT: /opt/832-Workflow-designer/.agentic-framework/agents/context/context.sh
cwd: /opt/832-Workflow-designer
--- context.sh output ---
Episodic generated: /opt/832-Workflow-designer/.context/episodic/T-687.yaml

  Status: ✓ complete (Auto-generated)
  Task: PostToolUse hooks starve each other: checkpoint.sh drains shared stdin, loop-detect has never recorded an organic fire
  Duration: 0 days (6 min)
  Updates: 1
  Commits: 5
  Lines: +622 -10 across 5 files
  Outcomes: 7 AC checked
  Artifacts: 5 files tracked
  Decisions: recorded from task file

Source: /opt/832-Workflow-designer/.tasks/completed/T-687-posttooluse-hooks-starve-each-other-chec.md
--- exit code: 0 ---
