=== episodic-gen invocation: 2026-09-07T20:29:04Z ===
task_id: T-688
FRAMEWORK_ROOT: /opt/832-Workflow-designer/.agentic-framework
PROJECT_ROOT: /opt/832-Workflow-designer
CONTEXT_DIR: /opt/832-Workflow-designer/.context
CONTEXT_AGENT: /opt/832-Workflow-designer/.agentic-framework/agents/context/context.sh
cwd: /opt/832-Workflow-designer
--- context.sh output ---
Episodic generated: /opt/832-Workflow-designer/.context/episodic/T-688.yaml

  Status: ✓ complete (Auto-generated)
  Task: Vendor-divergence register has no drain metric: 46 fixes queued for upstream, delivery unmeasurable
  Duration: 0 days (2 min)
  Updates: 1
  Commits: 1
  Lines: +415 -0 across 3 files
  Outcomes: 5 AC checked
  Challenges: 1 detected from git
  Artifacts: 3 files tracked
  Decisions: recorded from task file

Source: /opt/832-Workflow-designer/.tasks/completed/T-688-vendor-divergence-register-has-no-drain-.md
--- exit code: 0 ---
