=== episodic-gen invocation: 2026-09-07T21:12:15Z ===
task_id: T-683
FRAMEWORK_ROOT: /opt/832-Workflow-designer/.agentic-framework
PROJECT_ROOT: /opt/832-Workflow-designer
CONTEXT_DIR: /opt/832-Workflow-designer/.context
CONTEXT_AGENT: /opt/832-Workflow-designer/.agentic-framework/agents/context/context.sh
cwd: /opt/832-Workflow-designer
--- context.sh output ---
Episodic generated: /opt/832-Workflow-designer/.context/episodic/T-683.yaml

  Status: ✓ complete (Auto-generated)
  Task: Wear the belt on the write path: _within_repo guards delete but not save, so one regex is the whole fence
  Duration: 2 days (3105 min)
  Updates: 2
  Commits: 3
  Lines: +409 -14 across 4 files
  Outcomes: 7 AC checked
  Challenges: 1 detected from git
  Artifacts: 4 files tracked
  Decisions: recorded from task file

Source: /opt/832-Workflow-designer/.tasks/completed/T-683-wear-the-belt-on-the-write-path-withinre.md
--- exit code: 0 ---
