=== episodic-gen invocation: 2026-09-07T21:16:40Z ===
task_id: T-684
FRAMEWORK_ROOT: /opt/832-Workflow-designer/.agentic-framework
PROJECT_ROOT: /opt/832-Workflow-designer
CONTEXT_DIR: /opt/832-Workflow-designer/.context
CONTEXT_AGENT: /opt/832-Workflow-designer/.agentic-framework/agents/context/context.sh
cwd: /opt/832-Workflow-designer
--- context.sh output ---
Episodic generated: /opt/832-Workflow-designer/.context/episodic/T-684.yaml

  Status: ✓ complete (Auto-generated)
  Task: Ship the Arc-2 mutation control with a meta-assertion, so a red that never fired cannot read as green
  Duration: 2 days (3110 min)
  Updates: 2
  Commits: 1
  Lines: +325 -5 across 4 files
  Outcomes: 7 AC checked
  Artifacts: 4 files tracked
  Decisions: recorded from task file

Source: /opt/832-Workflow-designer/.tasks/completed/T-684-ship-the-arc-2-mutation-control-with-a-m.md
--- exit code: 0 ---
