=== episodic-gen invocation: 2026-09-07T21:21:30Z ===
task_id: T-682
FRAMEWORK_ROOT: /opt/832-Workflow-designer/.agentic-framework
PROJECT_ROOT: /opt/832-Workflow-designer
CONTEXT_DIR: /opt/832-Workflow-designer/.context
CONTEXT_AGENT: /opt/832-Workflow-designer/.agentic-framework/agents/context/context.sh
cwd: /opt/832-Workflow-designer
--- context.sh output ---
Episodic generated: /opt/832-Workflow-designer/.context/episodic/T-682.yaml

  Status: ✓ complete (Auto-generated)
  Task: Arc-2 boundary enumeration: name every authority the editor can reach, and state the absent ones as absent
  Duration: 2 days (3115 min)
  Updates: 2
  Commits: 2
  Lines: +427 -12 across 5 files
  Outcomes: 6 AC checked
  Artifacts: 5 files tracked
  Decisions: recorded from task file

Source: /opt/832-Workflow-designer/.tasks/completed/T-682-arc-2-boundary-enumeration-name-every-au.md
--- exit code: 0 ---
