=== episodic-gen invocation: 2026-09-09T07:37:28Z ===
task_id: T-690
FRAMEWORK_ROOT: /opt/832-Workflow-designer/.agentic-framework
PROJECT_ROOT: /opt/832-Workflow-designer
CONTEXT_DIR: /opt/832-Workflow-designer/.context
CONTEXT_AGENT: /opt/832-Workflow-designer/.agentic-framework/agents/context/context.sh
cwd: /opt/832-Workflow-designer
--- context.sh output ---
Episodic generated: /opt/832-Workflow-designer/.context/episodic/T-690.yaml

  Status: ✓ auto-complete (Auto-generated)
  Task: sequenceFlow emits extensionElements after conditionExpression: 113 occurrences make 24 of 24 corpus maps schema-invalid
  Duration: 1 days (597 min)
  Updates: 1
  Commits: 2
  Lines: +799 -21 across 8 files
  Outcomes: 5 AC checked
  Challenges: 1 detected from git
  Artifacts: 8 files tracked

Source: /opt/832-Workflow-designer/.tasks/completed/T-690-sequenceflow-emits-extensionelements-aft.md
--- exit code: 0 ---
