=== episodic-gen invocation: 2026-09-21T12:23:53Z ===
task_id: T-770
FRAMEWORK_ROOT: /opt/832-Workflow-designer/.agentic-framework
PROJECT_ROOT: /opt/832-Workflow-designer
CONTEXT_DIR: /opt/832-Workflow-designer/.context
CONTEXT_AGENT: /opt/832-Workflow-designer/.agentic-framework/agents/context/context.sh
cwd: /opt/832-Workflow-designer
--- context.sh output ---
Episodic generated: /opt/832-Workflow-designer/.context/episodic/T-770.yaml

  Status: ✓ complete (Auto-generated)
  Task: Standing instruction: an external reviewer verdict may stand in for human verification, with named exceptions
  Duration: 0 days (23 min)
  Updates: 1
  Commits: 2
  Lines: +914 -16 across 5 files
  Outcomes: 5 AC checked
  Artifacts: 5 files tracked
  Decisions: recorded from task file

Source: /opt/832-Workflow-designer/.tasks/completed/T-770-standing-instruction-an-external-reviewe.md
--- exit code: 0 ---
