=== episodic-gen invocation: 2026-09-21T12:45:33Z ===
task_id: T-772
FRAMEWORK_ROOT: /opt/832-Workflow-designer/.agentic-framework
PROJECT_ROOT: /opt/832-Workflow-designer
CONTEXT_DIR: /opt/832-Workflow-designer/.context
CONTEXT_AGENT: /opt/832-Workflow-designer/.agentic-framework/agents/context/context.sh
cwd: /opt/832-Workflow-designer
--- context.sh output ---
Episodic generated: /opt/832-Workflow-designer/.context/episodic/T-772.yaml

  Status: ✓ auto-complete (Auto-generated)
  Task: The approvals poll drops the operator expand choice every 10 seconds
  Duration: 0 days (4 min)
  Updates: 1
  Commits: 1
  Lines: +294 -1 across 3 files
  Outcomes: 5 AC checked
  Challenges: 1 detected from git
  Artifacts: 3 files tracked

Source: /opt/832-Workflow-designer/.tasks/completed/T-772-the-approvals-poll-drops-the-operator-ex.md
--- exit code: 0 ---
