=== episodic-gen invocation: 2026-09-21T14:08:32Z ===
task_id: T-771
FRAMEWORK_ROOT: /opt/832-Workflow-designer/.agentic-framework
PROJECT_ROOT: /opt/832-Workflow-designer
CONTEXT_DIR: /opt/832-Workflow-designer/.context
CONTEXT_AGENT: /opt/832-Workflow-designer/.agentic-framework/agents/context/context.sh
cwd: /opt/832-Workflow-designer
--- context.sh output ---
Episodic generated: /opt/832-Workflow-designer/.context/episodic/T-771.yaml

  Status: ✓ complete (Auto-generated)
  Task: The /approvals surface shows the operator nothing while five rulings wait in the queue
  Duration: 0 days (98 min)
  Updates: 1
  Commits: 1
  Lines: +552 -0 across 4 files
  Outcomes: 6 AC checked
  Artifacts: 4 files tracked
  Decisions: recorded from task file

Source: /opt/832-Workflow-designer/.tasks/completed/T-771-the-approvals-surface-shows-the-operator.md
--- exit code: 0 ---
