=== episodic-gen invocation: 2026-09-22T09:21:12Z ===
task_id: T-798
FRAMEWORK_ROOT: /opt/832-Workflow-designer/.agentic-framework
PROJECT_ROOT: /opt/832-Workflow-designer
CONTEXT_DIR: /opt/832-Workflow-designer/.context
CONTEXT_AGENT: /opt/832-Workflow-designer/.agentic-framework/agents/context/context.sh
cwd: /opt/832-Workflow-designer
--- context.sh output ---
Episodic generated: /opt/832-Workflow-designer/.context/episodic/T-798.yaml

  Status: ✓ auto-complete (Auto-generated)
  Task: Put the workflow-class/instance proposal to AEF: the runs already exist unmodelled, one design to N tasks with zero linkage
  Duration: 0 days (2 min)
  Updates: 1
  Commits: 1
  Lines: +323 -0 across 2 files
  Outcomes: 5 AC checked
  Challenges: 1 detected from git
  Artifacts: 2 files tracked

Source: /opt/832-Workflow-designer/.tasks/completed/T-798-put-the-workflow-classinstance-proposal-.md
--- exit code: 0 ---
