=== episodic-gen invocation: 2026-09-22T13:04:24Z ===
task_id: T-809
FRAMEWORK_ROOT: /opt/832-Workflow-designer/.agentic-framework
PROJECT_ROOT: /opt/832-Workflow-designer
CONTEXT_DIR: /opt/832-Workflow-designer/.context
CONTEXT_AGENT: /opt/832-Workflow-designer/.agentic-framework/agents/context/context.sh
cwd: /opt/832-Workflow-designer
--- context.sh output ---
Episodic generated: /opt/832-Workflow-designer/.context/episodic/T-809.yaml

  Status: ✓ complete (Auto-generated)
  Task: Corpus conformance census for the frozen governance meta-keys (F-06)
  Duration: 0 days (6 min)
  Updates: 1
  Commits: 1
  Lines: +671 -1 across 7 files
  Outcomes: 8 AC checked
  Artifacts: 7 files tracked
  Decisions: recorded from task file

Source: /opt/832-Workflow-designer/.tasks/completed/T-809-corpus-conformance-census-for-the-frozen.md
--- exit code: 0 ---
