=== episodic-gen invocation: 2026-09-22T10:21:26Z ===
task_id: T-804
FRAMEWORK_ROOT: /opt/832-Workflow-designer/.agentic-framework
PROJECT_ROOT: /opt/832-Workflow-designer
CONTEXT_DIR: /opt/832-Workflow-designer/.context
CONTEXT_AGENT: /opt/832-Workflow-designer/.agentic-framework/agents/context/context.sh
cwd: /opt/832-Workflow-designer
--- context.sh output ---
Episodic generated: /opt/832-Workflow-designer/.context/episodic/T-804.yaml

  Status: ✓ auto-complete (Auto-generated)
  Task: Why is the human ticking ACs at all: measure how many of the unchecked Human ACs are genuine judgement vs misfiled machine-checkable ones
  Duration: 0 days (3 min)
  Updates: 1
  Commits: 1
  Lines: +338 -0 across 2 files
  Outcomes: 4 AC checked
  Challenges: 1 detected from git
  Artifacts: 2 files tracked

Source: /opt/832-Workflow-designer/.tasks/completed/T-804-why-is-the-human-ticking-acs-at-all-meas.md
--- exit code: 0 ---
