=== episodic-gen invocation: 2026-09-22T12:17:35Z ===
task_id: T-805
FRAMEWORK_ROOT: /opt/832-Workflow-designer/.agentic-framework
PROJECT_ROOT: /opt/832-Workflow-designer
CONTEXT_DIR: /opt/832-Workflow-designer/.context
CONTEXT_AGENT: /opt/832-Workflow-designer/.agentic-framework/agents/context/context.sh
cwd: /opt/832-Workflow-designer
--- context.sh output ---
Episodic generated: /opt/832-Workflow-designer/.context/episodic/T-805.yaml

  Status: ✓ complete (Auto-generated)
  Task: Branch topology: stable + bleeding-edge, checked against AEF
  Duration: 0 days (99 min)
  Updates: 1
  Commits: 1
  Lines: +292 -0 across 3 files
  Outcomes: 6 AC checked
  Artifacts: 3 files tracked
  Decisions: recorded from task file

Source: /opt/832-Workflow-designer/.tasks/completed/T-805-branch-topology-stable--bleeding-edge-ch.md
--- exit code: 0 ---
