=== episodic-gen invocation: 2026-09-22T12:51:45Z ===
task_id: T-808
FRAMEWORK_ROOT: /opt/832-Workflow-designer/.agentic-framework
PROJECT_ROOT: /opt/832-Workflow-designer
CONTEXT_DIR: /opt/832-Workflow-designer/.context
CONTEXT_AGENT: /opt/832-Workflow-designer/.agentic-framework/agents/context/context.sh
cwd: /opt/832-Workflow-designer
--- context.sh output ---
Episodic generated: /opt/832-Workflow-designer/.context/episodic/T-808.yaml

  Status: ✓ complete (Auto-generated)
  Task: Render the product version in the designer UI (F-10)
  Duration: 0 days (10 min)
  Updates: 1
  Commits: 1
  Lines: +423 -6 across 6 files
  Outcomes: 7 AC checked
  Artifacts: 6 files tracked
  Decisions: recorded from task file

Source: /opt/832-Workflow-designer/.tasks/completed/T-808-render-the-product-version-in-the-design.md
--- exit code: 0 ---
