=== episodic-gen invocation: 2026-09-22T13:23:49Z ===
task_id: T-812
FRAMEWORK_ROOT: /opt/832-Workflow-designer/.agentic-framework
PROJECT_ROOT: /opt/832-Workflow-designer
CONTEXT_DIR: /opt/832-Workflow-designer/.context
CONTEXT_AGENT: /opt/832-Workflow-designer/.agentic-framework/agents/context/context.sh
cwd: /opt/832-Workflow-designer
--- context.sh output ---
Episodic generated: /opt/832-Workflow-designer/.context/episodic/T-812.yaml

  Status: ✓ complete (Auto-generated)
  Task: Release-lag leg 2 must discriminate on the distance it already computes (F-02)
  Duration: 0 days (5 min)
  Updates: 1
  Commits: 1
  Lines: +508 -8 across 4 files
  Outcomes: 7 AC checked
  Artifacts: 4 files tracked
  Decisions: recorded from task file

Source: /opt/832-Workflow-designer/.tasks/completed/T-812-release-lag-leg-2-must-discriminate-on-t.md
--- exit code: 0 ---
