=== episodic-gen invocation: 2026-09-22T13:46:46Z ===
task_id: T-813
FRAMEWORK_ROOT: /opt/832-Workflow-designer/.agentic-framework
PROJECT_ROOT: /opt/832-Workflow-designer
CONTEXT_DIR: /opt/832-Workflow-designer/.context
CONTEXT_AGENT: /opt/832-Workflow-designer/.agentic-framework/agents/context/context.sh
cwd: /opt/832-Workflow-designer
--- context.sh output ---
Episodic generated: /opt/832-Workflow-designer/.context/episodic/T-813.yaml

  Status: ✓ complete (Auto-generated)
  Task: Run-history for the gating suite so failure AGE stops being unknowable (F-03)
  Duration: 0 days (21 min)
  Updates: 1
  Commits: 1
  Lines: +801 -1 across 8 files
  Outcomes: 8 AC checked
  Artifacts: 8 files tracked
  Decisions: recorded from task file

Source: /opt/832-Workflow-designer/.tasks/completed/T-813-run-history-for-the-gating-suite-so-fail.md
--- exit code: 0 ---
