=== episodic-gen invocation: 2026-09-22T14:50:04Z ===
task_id: T-817
FRAMEWORK_ROOT: /opt/832-Workflow-designer/.agentic-framework
PROJECT_ROOT: /opt/832-Workflow-designer
CONTEXT_DIR: /opt/832-Workflow-designer/.context
CONTEXT_AGENT: /opt/832-Workflow-designer/.agentic-framework/agents/context/context.sh
cwd: /opt/832-Workflow-designer
--- context.sh output ---
Episodic generated: /opt/832-Workflow-designer/.context/episodic/T-817.yaml

  Status: ✓ complete (Auto-generated)
  Task: Wire four proven-working CDP probes into the gating suite (F-08 inventory closing part of F-07)
  Duration: 0 days (4 min)
  Updates: 1
  Commits: 1
  Lines: +567 -0 across 5 files
  Outcomes: 6 AC checked
  Artifacts: 5 files tracked
  Decisions: recorded from task file

Source: /opt/832-Workflow-designer/.tasks/completed/T-817-wire-four-proven-working-cdp-probes-into.md
--- exit code: 0 ---
