=== episodic-gen invocation: 2026-09-22T14:31:38Z ===
task_id: T-815
FRAMEWORK_ROOT: /opt/832-Workflow-designer/.agentic-framework
PROJECT_ROOT: /opt/832-Workflow-designer
CONTEXT_DIR: /opt/832-Workflow-designer/.context
CONTEXT_AGENT: /opt/832-Workflow-designer/.agentic-framework/agents/context/context.sh
cwd: /opt/832-Workflow-designer
--- context.sh output ---
Episodic generated: /opt/832-Workflow-designer/.context/episodic/T-815.yaml

  Status: ✓ complete (Auto-generated)
  Task: The bridge suite rewrites a tracked fixture, and that fixture has been stale since T-690
  Duration: 0 days (45 min)
  Updates: 2
  Commits: 1
  Lines: +357 -55 across 6 files
  Outcomes: 5 AC checked
  Artifacts: 6 files tracked
  Decisions: recorded from task file

Source: /opt/832-Workflow-designer/.tasks/completed/T-815-the-bridge-suite-rewrites-a-tracked-fixt.md
--- exit code: 0 ---
