=== episodic-gen invocation: 2026-09-22T13:16:28Z ===
task_id: T-810
FRAMEWORK_ROOT: /opt/832-Workflow-designer/.agentic-framework
PROJECT_ROOT: /opt/832-Workflow-designer
CONTEXT_DIR: /opt/832-Workflow-designer/.context
CONTEXT_AGENT: /opt/832-Workflow-designer/.agentic-framework/agents/context/context.sh
cwd: /opt/832-Workflow-designer
--- context.sh output ---
Episodic generated: /opt/832-Workflow-designer/.context/episodic/T-810.yaml

  Status: ✓ complete (Auto-generated)
  Task: Surface decisionOutputs on exclusiveGateway — 17 authored values the panel cannot show (F-11)
  Duration: 0 days (6 min)
  Updates: 1
  Commits: 1
  Lines: +610 -1 across 6 files
  Outcomes: 6 AC checked
  Artifacts: 6 files tracked
  Decisions: recorded from task file

Source: /opt/832-Workflow-designer/.tasks/completed/T-810-surface-decisionoutputs-on-exclusivegate.md
--- exit code: 0 ---
