=== episodic-gen invocation: 2026-09-22T14:57:26Z ===
task_id: T-819
FRAMEWORK_ROOT: /opt/832-Workflow-designer/.agentic-framework
PROJECT_ROOT: /opt/832-Workflow-designer
CONTEXT_DIR: /opt/832-Workflow-designer/.context
CONTEXT_AGENT: /opt/832-Workflow-designer/.agentic-framework/agents/context/context.sh
cwd: /opt/832-Workflow-designer
--- context.sh output ---
Episodic generated: /opt/832-Workflow-designer/.context/episodic/T-819.yaml

  Status: ✓ complete (Auto-generated)
  Task: This session's own control probes are completion gates, not guards (PL-161 on my own work)
  Duration: 0 days (5 min)
  Updates: 2
  Commits: 2
  Lines: +329 -54 across 2 files
  Outcomes: 6 AC checked
  Challenges: 1 detected from git
  Artifacts: 2 files tracked
  Decisions: recorded from task file

Source: /opt/832-Workflow-designer/.tasks/completed/T-819-this-sessions-own-control-probes-are-com.md
--- exit code: 0 ---
