=== episodic-gen invocation: 2026-09-22T14:26:28Z ===
task_id: T-816
FRAMEWORK_ROOT: /opt/832-Workflow-designer/.agentic-framework
PROJECT_ROOT: /opt/832-Workflow-designer
CONTEXT_DIR: /opt/832-Workflow-designer/.context
CONTEXT_AGENT: /opt/832-Workflow-designer/.agentic-framework/agents/context/context.sh
cwd: /opt/832-Workflow-designer
--- context.sh output ---
Episodic generated: /opt/832-Workflow-designer/.context/episodic/T-816.yaml

  Status: ✓ complete (Auto-generated)
  Task: Close the E-ABBR-DUP parity gap on the XML path (T-309 prerequisite, F-04)
  Duration: 0 days (5 min)
  Updates: 1
  Commits: 1
  Lines: +411 -3 across 7 files
  Outcomes: 7 AC checked
  Artifacts: 7 files tracked
  Decisions: recorded from task file

Source: /opt/832-Workflow-designer/.tasks/completed/T-816-close-the-e-abbr-dup-parity-gap-on-the-x.md
--- exit code: 0 ---
