=== episodic-gen invocation: 2026-09-22T13:47:57Z ===
task_id: T-814
FRAMEWORK_ROOT: /opt/832-Workflow-designer/.agentic-framework
PROJECT_ROOT: /opt/832-Workflow-designer
CONTEXT_DIR: /opt/832-Workflow-designer/.context
CONTEXT_AGENT: /opt/832-Workflow-designer/.agentic-framework/agents/context/context.sh
cwd: /opt/832-Workflow-designer
--- context.sh output ---
Episodic generated: /opt/832-Workflow-designer/.context/episodic/T-814.yaml

  Status: ✓ complete (Auto-generated)
  Task: Delete refreshLibraryUI: inert body, ten no-op call sites (F-17)
  Duration: 0 days (6 min)
  Updates: 1
  Commits: 1
  Lines: +272 -28 across 3 files
  Outcomes: 6 AC checked
  Artifacts: 3 files tracked
  Decisions: recorded from task file

Source: /opt/832-Workflow-designer/.tasks/completed/T-814-delete-refreshlibraryui-inert-body-ten-n.md
--- exit code: 0 ---
