=== episodic-gen invocation: 2026-09-22T18:04:20Z ===
task_id: T-823
FRAMEWORK_ROOT: /opt/832-Workflow-designer/.agentic-framework
PROJECT_ROOT: /opt/832-Workflow-designer
CONTEXT_DIR: /opt/832-Workflow-designer/.context
CONTEXT_AGENT: /opt/832-Workflow-designer/.agentic-framework/agents/context/context.sh
cwd: /opt/832-Workflow-designer
--- context.sh output ---
Episodic generated: /opt/832-Workflow-designer/.context/episodic/T-823.yaml

  Status: ✓ complete (Auto-generated)
  Task: Fast-forward master to bleeding-edge (operator-delegated integration)
  Duration: 0 days (4 min)
  Updates: 1
  Commits: 1
  Lines: +244 -0 across 1 files
  Outcomes: 7 AC checked
  Artifacts: 1 files tracked
  Decisions: recorded from task file

Source: /opt/832-Workflow-designer/.tasks/completed/T-823-fast-forward-master-to-bleeding-edge-ope.md
--- exit code: 0 ---
