=== episodic-gen invocation: 2026-09-22T15:16:36Z ===
task_id: T-820
FRAMEWORK_ROOT: /opt/832-Workflow-designer/.agentic-framework
PROJECT_ROOT: /opt/832-Workflow-designer
CONTEXT_DIR: /opt/832-Workflow-designer/.context
CONTEXT_AGENT: /opt/832-Workflow-designer/.agentic-framework/agents/context/context.sh
cwd: /opt/832-Workflow-designer
--- context.sh output ---
Episodic generated: /opt/832-Workflow-designer/.context/episodic/T-820.yaml

  Status: ✓ complete (Auto-generated)
  Task: T-816 left a new validator rule unclassified on two of four axes
  Duration: 0 days (5 min)
  Updates: 1
  Commits: 1
  Lines: +533 -0 across 9 files
  Outcomes: 5 AC checked
  Artifacts: 9 files tracked
  Decisions: recorded from task file

Source: /opt/832-Workflow-designer/.tasks/completed/T-820-t-816-left-a-new-validator-rule-unclassi.md
--- exit code: 0 ---
