=== episodic-gen invocation: 2026-09-22T18:21:37Z ===
task_id: T-824
FRAMEWORK_ROOT: /opt/832-Workflow-designer/.agentic-framework
PROJECT_ROOT: /opt/832-Workflow-designer
CONTEXT_DIR: /opt/832-Workflow-designer/.context
CONTEXT_AGENT: /opt/832-Workflow-designer/.agentic-framework/agents/context/context.sh
cwd: /opt/832-Workflow-designer
--- context.sh output ---
Episodic generated: /opt/832-Workflow-designer/.context/episodic/T-824.yaml

  Status: ✓ complete (Auto-generated)
  Task: Cut designer 0.13.0 (operator-instructed release)
  Duration: 0 days (4 min)
  Updates: 1
  Commits: 1
  Lines: +11714 -10 across 5 files
  Outcomes: 10 AC checked
  Artifacts: 5 files tracked
  Decisions: recorded from task file

Source: /opt/832-Workflow-designer/.tasks/completed/T-824-cut-designer-0130-operator-instructed-re.md
--- exit code: 0 ---
