=== episodic-gen invocation: 2026-09-22T16:51:09Z ===
task_id: T-821
FRAMEWORK_ROOT: /opt/832-Workflow-designer/.agentic-framework
PROJECT_ROOT: /opt/832-Workflow-designer
CONTEXT_DIR: /opt/832-Workflow-designer/.context
CONTEXT_AGENT: /opt/832-Workflow-designer/.agentic-framework/agents/context/context.sh
cwd: /opt/832-Workflow-designer
--- context.sh output ---
Episodic generated: /opt/832-Workflow-designer/.context/episodic/T-821.yaml

  Status: ✓ complete (Auto-generated)
  Task: Failures become evidence: a fault recorder and an operator-visible surface (F-05)
  Duration: 0 days (13 min)
  Updates: 1
  Commits: 1
  Lines: +1285 -26 across 7 files
  Outcomes: 9 AC checked
  Artifacts: 7 files tracked
  Decisions: recorded from task file

Source: /opt/832-Workflow-designer/.tasks/completed/T-821-failures-become-evidence-a-fault-recorde.md
--- exit code: 0 ---
