=== episodic-gen invocation: 2026-09-22T22:13:22Z ===
task_id: T-833
FRAMEWORK_ROOT: /opt/832-Workflow-designer/.agentic-framework
PROJECT_ROOT: /opt/832-Workflow-designer
CONTEXT_DIR: /opt/832-Workflow-designer/.context
CONTEXT_AGENT: /opt/832-Workflow-designer/.agentic-framework/agents/context/context.sh
cwd: /opt/832-Workflow-designer
--- context.sh output ---
Episodic generated: /opt/832-Workflow-designer/.context/episodic/T-833.yaml

  Status: ✓ auto-complete (Auto-generated)
  Task: Reviewer-gated closure sweep: T-702, T-703, T-747, T-748 under operator authorisation
  Duration: 0 days (6 min)
  Updates: 1
  Commits: 1
  Lines: +590 -14 across 8 files
  Outcomes: 8 AC checked
  Challenges: 1 detected from git
  Artifacts: 9 files tracked

Source: /opt/832-Workflow-designer/.tasks/completed/T-833-reviewer-gated-closure-sweep-t-702-t-703.md
--- exit code: 0 ---
