=== episodic-gen invocation: 2026-09-25T11:10:34Z ===
task_id: T-845
FRAMEWORK_ROOT: /opt/832-Workflow-designer/.agentic-framework
PROJECT_ROOT: /opt/832-Workflow-designer
CONTEXT_DIR: /opt/832-Workflow-designer/.context
CONTEXT_AGENT: /opt/832-Workflow-designer/.agentic-framework/agents/context/context.sh
cwd: /opt/832-Workflow-designer
--- context.sh output ---
Episodic generated: /opt/832-Workflow-designer/.context/episodic/T-845.yaml

  Status: ✓ auto-complete (Auto-generated)
  Task: Census control recogniser under-credits: test -x unrecognised, 3-char pattern floor silently refuses valid controls, and no reason is reported
  Duration: 0 days (22 min)
  Updates: 1
  Commits: 1
  Lines: +619 -19 across 4 files
  Outcomes: 9 AC checked
  Challenges: 1 detected from git
  Artifacts: 4 files tracked

Source: /opt/832-Workflow-designer/.tasks/completed/T-845-census-control-recogniser-under-credits-.md
--- exit code: 0 ---
