=== episodic-gen invocation: 2026-09-25T20:16:48Z ===
task_id: T-853
FRAMEWORK_ROOT: /opt/832-Workflow-designer/.agentic-framework
PROJECT_ROOT: /opt/832-Workflow-designer
CONTEXT_DIR: /opt/832-Workflow-designer/.context
CONTEXT_AGENT: /opt/832-Workflow-designer/.agentic-framework/agents/context/context.sh
cwd: /opt/832-Workflow-designer
--- context.sh output ---
Episodic generated: /opt/832-Workflow-designer/.context/episodic/T-853.yaml

  Status: ✓ auto-complete (Auto-generated)
  Task: fw fabric validate regressed to the T-191 stub: T-840's upgrade reverted T-524's vendored fix, and how many other reds share that cause
  Duration: 0 days (24 min)
  Updates: 2
  Commits: 2
  Lines: +618 -18 across 4 files
  Outcomes: 9 AC checked
  Challenges: 1 detected from git
  Artifacts: 4 files tracked

Source: /opt/832-Workflow-designer/.tasks/completed/T-853-fw-fabric-validate-regressed-to-the-t-19.md
--- exit code: 0 ---
