=== episodic-gen invocation: 2026-09-26T21:43:25Z ===
task_id: T-873
FRAMEWORK_ROOT: /opt/832-Workflow-designer/.agentic-framework
PROJECT_ROOT: /opt/832-Workflow-designer
CONTEXT_DIR: /opt/832-Workflow-designer/.context
CONTEXT_AGENT: /opt/832-Workflow-designer/.agentic-framework/agents/context/context.sh
cwd: /opt/832-Workflow-designer
--- context.sh output ---
Episodic generated: /opt/832-Workflow-designer/.context/episodic/T-873.yaml

  Status: ✓ complete (Auto-generated)
  Task: fw upgrade destroyed the T-675 budget-cache guidance and the G-055 warning that saw it go had nowhere durable to land
  Duration: 0 days (14 min)
  Updates: 1
  Commits: 1
  Lines: +592 -7 across 4 files
  Outcomes: 9 AC checked
  Artifacts: 4 files tracked
  Decisions: recorded from task file

Source: /opt/832-Workflow-designer/.tasks/completed/T-873-fw-upgrade-destroyed-the-t-675-budget-ca.md
--- exit code: 0 ---
