=== episodic-gen invocation: 2026-09-28T08:52:42Z ===
task_id: T-875
FRAMEWORK_ROOT: /opt/832-Workflow-designer/.agentic-framework
PROJECT_ROOT: /opt/832-Workflow-designer
CONTEXT_DIR: /opt/832-Workflow-designer/.context
CONTEXT_AGENT: /opt/832-Workflow-designer/.agentic-framework/agents/context/context.sh
cwd: /opt/832-Workflow-designer
--- context.sh output ---
Episodic generated: /opt/832-Workflow-designer/.context/episodic/T-875.yaml

  Status: ✓ complete (Auto-generated)
  Task: aef:workflowMeta kind marker — ship T-213's ratified enum so a map declares whether it is illustrative or actionable
  Duration: 2 days (2050 min)
  Updates: 2
  Commits: 2
  Lines: +245 -11 across 5 files
  Outcomes: 6 AC checked
  Challenges: 1 detected from git
  Artifacts: 5 files tracked
  Decisions: recorded from task file

Source: /opt/832-Workflow-designer/.tasks/completed/T-875-aefworkflowmeta-kind-marker--ship-t-213s.md
--- exit code: 0 ---
