=== episodic-gen invocation: 2026-09-27T08:38:06Z ===
task_id: T-887
FRAMEWORK_ROOT: /opt/832-Workflow-designer/.agentic-framework
PROJECT_ROOT: /opt/832-Workflow-designer
CONTEXT_DIR: /opt/832-Workflow-designer/.context
CONTEXT_AGENT: /opt/832-Workflow-designer/.agentic-framework/agents/context/context.sh
cwd: /opt/832-Workflow-designer
--- context.sh output ---
Episodic generated: /opt/832-Workflow-designer/.context/episodic/T-887.yaml

  Status: ✓ auto-complete (Auto-generated)
  Task: fw external-consult: ask differently-trained models for the strongest objection, as a named rescannable artifact
  Duration: 0 days (10 min)
  Updates: 1
  Commits: 2
  Lines: +940 -10 across 6 files
  Outcomes: 9 AC checked
  Challenges: 1 detected from git
  Artifacts: 6 files tracked

Source: /opt/832-Workflow-designer/.tasks/completed/T-887-fw-external-consult-ask-differently-trai.md
--- exit code: 0 ---
