=== episodic-gen invocation: 2026-09-27T20:40:55Z ===
task_id: T-891
FRAMEWORK_ROOT: /opt/832-Workflow-designer/.agentic-framework
PROJECT_ROOT: /opt/832-Workflow-designer
CONTEXT_DIR: /opt/832-Workflow-designer/.context
CONTEXT_AGENT: /opt/832-Workflow-designer/.agentic-framework/agents/context/context.sh
cwd: /opt/832-Workflow-designer
--- context.sh output ---
Episodic generated: /opt/832-Workflow-designer/.context/episodic/T-891.yaml

  Status: ✓ auto-complete (Auto-generated)
  Task: Unresolvable flowNodeRef becomes a hard validation error instead of inheriting a lane by document order
  Duration: 0 days (599 min)
  Updates: 1
  Commits: 2
  Lines: +505 -17 across 8 files
  Outcomes: 6 AC checked
  Challenges: 1 detected from git
  Artifacts: 8 files tracked

Source: /opt/832-Workflow-designer/.tasks/completed/T-891-unresolvable-flownoderef-becomes-a-hard-.md
--- exit code: 0 ---
