=== episodic-gen invocation: 2026-09-27T15:17:08Z ===
task_id: T-904
FRAMEWORK_ROOT: /opt/832-Workflow-designer/.agentic-framework
PROJECT_ROOT: /opt/832-Workflow-designer
CONTEXT_DIR: /opt/832-Workflow-designer/.context
CONTEXT_AGENT: /opt/832-Workflow-designer/.agentic-framework/agents/context/context.sh
cwd: /opt/832-Workflow-designer
--- context.sh output ---
Episodic generated: /opt/832-Workflow-designer/.context/episodic/T-904.yaml

  Status: ✓ auto-complete (Auto-generated)
  Task: The round-trip guard's denominator reads COMMENTS as code: a comment mentioning aef.foo counts as a projection
  Duration: 0 days (66 min)
  Updates: 2
  Commits: 1
  Lines: +1495 -21 across 10 files
  Outcomes: 5 AC checked
  Challenges: 1 detected from git
  Artifacts: 10 files tracked

Source: /opt/832-Workflow-designer/.tasks/completed/T-904-the-round-trip-guards-denominator-reads-.md
--- exit code: 0 ---
