=== episodic-gen invocation: 2026-09-27T20:34:47Z ===
task_id: T-909
FRAMEWORK_ROOT: /opt/832-Workflow-designer/.agentic-framework
PROJECT_ROOT: /opt/832-Workflow-designer
CONTEXT_DIR: /opt/832-Workflow-designer/.context
CONTEXT_AGENT: /opt/832-Workflow-designer/.agentic-framework/agents/context/context.sh
cwd: /opt/832-Workflow-designer
--- context.sh output ---
Episodic generated: /opt/832-Workflow-designer/.context/episodic/T-909.yaml

  Status: ✓ auto-complete (Auto-generated)
  Task: Two T-889 order fixtures carry orphan nodes, so promoting W-XML-NODE-UNASSIGNED to an error would flip them invalid
  Duration: 0 days (73 min)
  Updates: 2
  Commits: 2
  Lines: +94 -9 across 3 files
  Outcomes: 6 AC checked
  Challenges: 1 detected from git
  Artifacts: 3 files tracked

Source: /opt/832-Workflow-designer/.tasks/completed/T-909-two-t-889-order-fixtures-carry-orphan-no.md
--- exit code: 0 ---
