=== episodic-gen invocation: 2026-09-28T10:50:14Z ===
task_id: T-910
FRAMEWORK_ROOT: /opt/832-Workflow-designer/.agentic-framework
PROJECT_ROOT: /opt/832-Workflow-designer
CONTEXT_DIR: /opt/832-Workflow-designer/.context
CONTEXT_AGENT: /opt/832-Workflow-designer/.agentic-framework/agents/context/context.sh
cwd: /opt/832-Workflow-designer
--- context.sh output ---
Episodic generated: /opt/832-Workflow-designer/.context/episodic/T-910.yaml

  Status: ✓ complete (Auto-generated)
  Task: The round-trip guard covers aef:workflowMeta but NOT aef:laneMeta — the same coverage gap T-885 measured for document-level metadata, one element over. Measured under T-890 by mutation: suppressed the editor's authoringDefault writer entirely and _roundtrip-serialization-cdp.mjs still reported pass:true, exit 0, with 'wm-denominator: 0 unclassified / 10 written'. The 10 are workflowMeta attributes; laneMeta's are outside the denominator by construction, exactly as node-level aef.* was outside it before T-886. So every aef:laneMeta attribute — abbr, authority, height, and now authoringDefault — can be dropped from the emitter in silence. authority is the serious one: it is the frozen standard's authority-of-record under §3, and nothing asserts the editor keeps emitting it. T-886 generalised the workflowMeta denominator so 'the next attribute cannot enter unclassified'; that guarantee stops at the element boundary. Needs the same derived-denominator treatment for laneMeta, and the fix should ask whether the guard wants one denominator per aef: element or one that walks them all.
  Duration: 1 days (805 min)
  Updates: 2
  Commits: 1
  Lines: +832 -35 across 6 files
  Outcomes: 6 AC checked
  Artifacts: 6 files tracked
  Decisions: recorded from task file

Source: /opt/832-Workflow-designer/.tasks/completed/T-910-the-round-trip-guard-covers-aefworkflowm.md
--- exit code: 0 ---
