=== episodic-gen invocation: 2026-09-30T15:43:51Z ===
task_id: T-945
FRAMEWORK_ROOT: /opt/832-Workflow-designer/.agentic-framework
PROJECT_ROOT: /opt/832-Workflow-designer
CONTEXT_DIR: /opt/832-Workflow-designer/.context
CONTEXT_AGENT: /opt/832-Workflow-designer/.agentic-framework/agents/context/context.sh
cwd: /opt/832-Workflow-designer
--- context.sh output ---
Episodic generated: /opt/832-Workflow-designer/.context/episodic/T-945.yaml

  Status: ✓ auto-complete (Auto-generated)
  Task: Restore the vendor-divergence delivery surface the 1.7.68 re-vendor deleted, and split the revert signal from the bookkeeping debt so 11 lost fixes cannot hide behind 1349 undeclared files
  Duration: 0 days (23 min)
  Updates: 1
  Commits: 1
  Lines: +507 -6 across 4 files
  Outcomes: 7 AC checked
  Challenges: 1 detected from git
  Artifacts: 4 files tracked

Source: /opt/832-Workflow-designer/.tasks/completed/T-945-restore-the-vendor-divergence-delivery-s.md
--- exit code: 0 ---
