============================= test session starts ==============================
platform linux -- Python 3.12.3, pytest-9.0.2, pluggy-1.6.0 -- /usr/bin/python3
rootdir: /opt/999-Agentic-Engineering-Framework
plugins: anyio-4.11.0, asyncio-1.3.0, typeguard-4.5.2
asyncio: mode=Mode.STRICT, debug=False, asyncio_default_fixture_loop_scope=None, asyncio_default_test_loop_scope=function
collecting ... collected 8 items / 4 deselected / 4 selected

tests/integration/t3684_sidecar_watcher_e2e_test.py::test_1_idle_session_receives_within_60s [t3684-e2e 14:56:38] B: accepted folder trust
[t3684-e2e 14:56:42] B: tl-twpw6kyj ready (its own Stop hook, session c9dae677-6fc3-43b8-ab7d-274e6dfde029)
[t3684-e2e 14:56:48] evidence: /opt/999-Agentic-Engineering-Framework/docs/reports/T-3684-e2e-1-idle.json
PASSED
tests/integration/t3684_sidecar_watcher_e2e_test.py::test_2_legacy_hub_topic_post_picked_up_within_60s [t3684-e2e 14:57:08] evidence: /opt/999-Agentic-Engineering-Framework/docs/reports/T-3684-e2e-2-legacy-topic.json
PASSED
tests/integration/t3684_sidecar_watcher_e2e_test.py::test_2b_legacy_consult_answered_with_in_reply_to_gives_sender_replied [t3684-e2e 14:57:44] evidence: /opt/999-Agentic-Engineering-Framework/docs/reports/T-3684-e2e-2b-replied.json
PASSED
tests/integration/t3684_sidecar_watcher_e2e_test.py::test_2c_prompt_hook_peek_path_receipts_at_the_sender [t3684-e2e 14:57:49] D: accepted folder trust
[t3684-e2e 14:57:55] D: tl-dtz7h4uw ready (its own Stop hook, session 50fb4ae7-4826-4b6c-9479-72c3e7b36f9c)
[t3684-e2e 14:58:00] evidence: /opt/999-Agentic-Engineering-Framework/docs/reports/T-3684-e2e-2c-peek-hook.json
PASSED

================== 4 passed, 4 deselected in 99.08s (0:01:39) ==================
EXIT 0
============================= test session starts ==============================
platform linux -- Python 3.12.3, pytest-9.0.2, pluggy-1.6.0 -- /usr/bin/python3
rootdir: /opt/999-Agentic-Engineering-Framework
plugins: anyio-4.11.0, asyncio-1.3.0, typeguard-4.5.2
asyncio: mode=Mode.STRICT, debug=False, asyncio_default_fixture_loop_scope=None, asyncio_default_test_loop_scope=function
collecting ... collected 8 items / 4 deselected / 4 selected

tests/integration/t3684_sidecar_watcher_e2e_test.py::test_3_busy_gets_non_urgent_only_after_turn_ends_urgent_while_busy [t3684-e2e 14:58:22] B: accepted folder trust
[t3684-e2e 14:58:26] B: tl-dc3ahixo ready (its own Stop hook, session 888d89c9-7e11-410b-9fc5-31d076903f97)
[t3684-e2e 15:00:22] evidence: /opt/999-Agentic-Engineering-Framework/docs/reports/T-3684-e2e-3-busy-urgent.json
PASSED
tests/integration/t3684_sidecar_watcher_e2e_test.py::test_4_watcher_killed_reported_not_live_and_restarted [t3684-e2e 15:03:36] evidence: /opt/999-Agentic-Engineering-Framework/docs/reports/T-3684-e2e-4-kill.json
PASSED
tests/integration/t3684_sidecar_watcher_e2e_test.py::test_5_negative_control_watcher_disabled_no_pickup_sender_escalated [t3684-e2e 15:05:19] evidence: /opt/999-Agentic-Engineering-Framework/docs/reports/T-3684-e2e-5-negative-control.json
PASSED
tests/integration/t3684_sidecar_watcher_e2e_test.py::test_6_two_sessions_one_project_idle_gets_it_busy_pty_gets_nothing [t3684-e2e 15:05:24] C1: accepted folder trust
[t3684-e2e 15:05:30] C1: tl-xojv2zoc ready (its own Stop hook, session f243dffd-4953-460b-8fa8-160ba763373a)
[t3684-e2e 15:05:38] C2: tl-klgq3kvo ready (its own Stop hook, session e96da31f-aba4-4d59-a2fe-044dfae169ca)
[t3684-e2e 15:05:49] evidence: /opt/999-Agentic-Engineering-Framework/docs/reports/T-3684-e2e-6-two-sessions.json
PASSED

================= 4 passed, 4 deselected in 472.20s (0:07:52) ==================
EXIT 0
