============================= test session starts ==============================
platform linux -- Python 3.12.3, pytest-9.0.2, pluggy-1.6.0 -- /usr/bin/python3
rootdir: /opt/999-Agentic-Engineering-Framework
plugins: anyio-4.11.0, asyncio-1.3.0, typeguard-4.5.2
asyncio: mode=Mode.STRICT, debug=False, asyncio_default_fixture_loop_scope=None, asyncio_default_test_loop_scope=function
collecting ... collected 8 items / 4 deselected / 4 selected

tests/integration/t3684_sidecar_watcher_e2e_test.py::test_1_idle_session_receives_within_60s [t3684-e2e 14:27:59] B: accepted folder trust
[t3684-e2e 14:28:05] B: tl-rnifa7d5 ready (its own Stop hook, session bf1a435a-0bf1-4668-9bda-2201e1e9b3f1)
[t3684-e2e 14:28:11] evidence: /tmp/t3684-e2e-3477077-1791030473/T-3684-e2e-1-idle.json
PASSED
tests/integration/t3684_sidecar_watcher_e2e_test.py::test_2_legacy_hub_topic_post_picked_up_within_60s [t3684-e2e 14:28:29] evidence: /tmp/t3684-e2e-3477077-1791030473/T-3684-e2e-2-legacy-topic.json
PASSED
tests/integration/t3684_sidecar_watcher_e2e_test.py::test_2b_legacy_consult_answered_with_in_reply_to_gives_sender_replied [t3684-e2e 14:29:04] evidence: /tmp/t3684-e2e-3477077-1791030473/T-3684-e2e-2b-replied.json
PASSED
tests/integration/t3684_sidecar_watcher_e2e_test.py::test_2c_prompt_hook_peek_path_receipts_at_the_sender [t3684-e2e 14:29:09] D: accepted folder trust
[t3684-e2e 14:29:15] D: tl-jd35g4hr ready (its own Stop hook, session 7c2b4fdd-4e60-448c-8e44-f63f27256e73)
[t3684-e2e 14:29:20] evidence: /tmp/t3684-e2e-3477077-1791030473/T-3684-e2e-2c-peek-hook.json
PASSED

================== 4 passed, 4 deselected in 97.99s (0:01:37) ==================
EXIT 0
============================= test session starts ==============================
platform linux -- Python 3.12.3, pytest-9.0.2, pluggy-1.6.0 -- /usr/bin/python3
rootdir: /opt/999-Agentic-Engineering-Framework
plugins: anyio-4.11.0, asyncio-1.3.0, typeguard-4.5.2
asyncio: mode=Mode.STRICT, debug=False, asyncio_default_fixture_loop_scope=None, asyncio_default_test_loop_scope=function
collecting ... collected 8 items / 4 deselected / 4 selected

tests/integration/t3684_sidecar_watcher_e2e_test.py::test_3_busy_gets_non_urgent_only_after_turn_ends_urgent_while_busy [t3684-e2e 14:29:41] B: accepted folder trust
[t3684-e2e 14:29:48] B: tl-yumiym5y ready (its own Stop hook, session eef51b8e-592a-40b6-ab51-910bd1124eb0)
[t3684-e2e 14:31:40] evidence: /tmp/t3684-e2e-3531304-1791030576/T-3684-e2e-3-busy-urgent.json
PASSED
tests/integration/t3684_sidecar_watcher_e2e_test.py::test_4_watcher_killed_reported_not_live_and_restarted [t3684-e2e 14:34:56] evidence: /tmp/t3684-e2e-3531304-1791030576/T-3684-e2e-4-kill.json
PASSED
tests/integration/t3684_sidecar_watcher_e2e_test.py::test_5_negative_control_watcher_disabled_no_pickup_sender_escalated [t3684-e2e 14:36:39] evidence: /tmp/t3684-e2e-3531304-1791030576/T-3684-e2e-5-negative-control.json
PASSED
tests/integration/t3684_sidecar_watcher_e2e_test.py::test_6_two_sessions_one_project_idle_gets_it_busy_pty_gets_nothing [t3684-e2e 14:36:44] C1: accepted folder trust
[t3684-e2e 14:36:48] C1: tl-u4r6uvvs ready (its own Stop hook, session 0a5b9728-03be-45a0-b623-9e592e502a79)
[t3684-e2e 14:36:56] C2: tl-am2tyk4i ready (its own Stop hook, session 34f44d44-de27-472e-8863-423c911c94d6)
[t3684-e2e 14:37:07] evidence: /tmp/t3684-e2e-3531304-1791030576/T-3684-e2e-6-two-sessions.json
PASSED

================= 4 passed, 4 deselected in 467.04s (0:07:47) ==================
EXIT 0
