============================= test session starts ==============================
platform linux -- Python 3.12.3, pytest-9.0.2, pluggy-1.6.0 -- /usr/bin/python3
rootdir: /opt/999-Agentic-Engineering-Framework
plugins: anyio-4.11.0, asyncio-1.3.0, typeguard-4.5.2
asyncio: mode=Mode.STRICT, debug=False, asyncio_default_fixture_loop_scope=None, asyncio_default_test_loop_scope=function
collecting ... collected 8 items / 4 deselected / 4 selected

tests/integration/t3684_sidecar_watcher_e2e_test.py::test_1_idle_session_receives_within_60s [t3684-e2e 15:23:58] B: accepted folder trust
[t3684-e2e 15:24:04] B: tl-yovwvfe4 ready (its own Stop hook, session d635d11c-7521-4378-a730-dd6fa709963c)
[t3684-e2e 15:24:09] evidence: /opt/999-Agentic-Engineering-Framework/docs/reports/T-3684-e2e-1-idle.json
PASSED
tests/integration/t3684_sidecar_watcher_e2e_test.py::test_2_legacy_hub_topic_post_picked_up_within_60s [t3684-e2e 15:24:28] evidence: /opt/999-Agentic-Engineering-Framework/docs/reports/T-3684-e2e-2-legacy-topic.json
PASSED
tests/integration/t3684_sidecar_watcher_e2e_test.py::test_2b_legacy_consult_answered_with_in_reply_to_gives_sender_replied [t3684-e2e 15:25:03] evidence: /opt/999-Agentic-Engineering-Framework/docs/reports/T-3684-e2e-2b-replied.json
PASSED
tests/integration/t3684_sidecar_watcher_e2e_test.py::test_2c_prompt_hook_peek_path_receipts_at_the_sender [t3684-e2e 15:25:07] D: accepted folder trust
[t3684-e2e 15:25:13] D: tl-tjczyxij ready (its own Stop hook, session 66ea86ac-5f47-4011-9fa2-d68a305a96ca)
[t3684-e2e 15:25:18] evidence: /opt/999-Agentic-Engineering-Framework/docs/reports/T-3684-e2e-2c-peek-hook.json
PASSED

================== 4 passed, 4 deselected in 98.02s (0:01:38) ==================
EXIT 0
============================= test session starts ==============================
platform linux -- Python 3.12.3, pytest-9.0.2, pluggy-1.6.0 -- /usr/bin/python3
rootdir: /opt/999-Agentic-Engineering-Framework
plugins: anyio-4.11.0, asyncio-1.3.0, typeguard-4.5.2
asyncio: mode=Mode.STRICT, debug=False, asyncio_default_fixture_loop_scope=None, asyncio_default_test_loop_scope=function
collecting ... collected 8 items / 4 deselected / 4 selected

tests/integration/t3684_sidecar_watcher_e2e_test.py::test_3_busy_gets_non_urgent_only_after_turn_ends_urgent_while_busy [t3684-e2e 15:25:40] B: accepted folder trust
[t3684-e2e 15:25:46] B: tl-xy5af5ok ready (its own Stop hook, session 4116f3df-ab67-4585-a925-55763a726dbb)
[t3684-e2e 15:27:40] evidence: /opt/999-Agentic-Engineering-Framework/docs/reports/T-3684-e2e-3-busy-urgent.json
PASSED
tests/integration/t3684_sidecar_watcher_e2e_test.py::test_4_watcher_killed_reported_not_live_and_restarted [t3684-e2e 15:30:58] evidence: /opt/999-Agentic-Engineering-Framework/docs/reports/T-3684-e2e-4-kill.json
PASSED
tests/integration/t3684_sidecar_watcher_e2e_test.py::test_5_negative_control_watcher_disabled_no_pickup_sender_escalated [t3684-e2e 15:33:06] evidence: /opt/999-Agentic-Engineering-Framework/docs/reports/T-3684-e2e-5-negative-control.json
PASSED
tests/integration/t3684_sidecar_watcher_e2e_test.py::test_6_two_sessions_one_project_idle_gets_it_busy_pty_gets_nothing [t3684-e2e 15:33:11] C1: accepted folder trust
[t3684-e2e 15:33:17] C1: tl-zm47xtut ready (its own Stop hook, session f13aab28-4b3e-4256-a4f6-1072c205bd41)
[t3684-e2e 15:33:25] C2: tl-gfvn5jsm ready (its own Stop hook, session bf52bfe5-f95b-453e-af2a-076c2503bd21)
[t3684-e2e 15:33:36] evidence: /opt/999-Agentic-Engineering-Framework/docs/reports/T-3684-e2e-6-two-sessions.json
PASSED

================= 4 passed, 4 deselected in 500.10s (0:08:20) ==================
EXIT 0
