============================= test session starts ==============================
platform linux -- Python 3.12.3, pytest-9.0.2, pluggy-1.6.0 -- /usr/bin/python3
rootdir: /opt/999-Agentic-Engineering-Framework
plugins: anyio-4.11.0, asyncio-1.3.0, typeguard-4.5.2
asyncio: mode=Mode.STRICT, debug=False, asyncio_default_fixture_loop_scope=None, asyncio_default_test_loop_scope=function
collecting ... collected 7 items

tests/integration/t3684_sidecar_watcher_e2e_test.py::test_1_idle_session_receives_within_60s [t3684-e2e 02:24:26] B: accepted folder trust
[t3684-e2e 02:24:30] B: tl-zzwys5yw ready (its own Stop hook, session 0b609728-e42b-43a2-936d-2160d36f980a)
[t3684-e2e 02:24:36] evidence: /opt/999-Agentic-Engineering-Framework/docs/reports/T-3684-e2e-1-idle.json
PASSED
tests/integration/t3684_sidecar_watcher_e2e_test.py::test_2_legacy_hub_topic_post_picked_up_within_60s [t3684-e2e 02:24:56] evidence: /opt/999-Agentic-Engineering-Framework/docs/reports/T-3684-e2e-2-legacy-topic.json
PASSED
tests/integration/t3684_sidecar_watcher_e2e_test.py::test_2b_legacy_consult_answered_with_in_reply_to_gives_sender_replied [t3684-e2e 02:25:31] evidence: /opt/999-Agentic-Engineering-Framework/docs/reports/T-3684-e2e-2b-replied.json
PASSED
tests/integration/t3684_sidecar_watcher_e2e_test.py::test_3_busy_gets_non_urgent_only_after_turn_ends_urgent_while_busy [t3684-e2e 02:27:27] evidence: /opt/999-Agentic-Engineering-Framework/docs/reports/T-3684-e2e-3-busy-urgent.json
PASSED
tests/integration/t3684_sidecar_watcher_e2e_test.py::test_4_watcher_killed_reported_not_live_and_restarted [t3684-e2e 02:30:43] evidence: /opt/999-Agentic-Engineering-Framework/docs/reports/T-3684-e2e-4-kill.json
PASSED
tests/integration/t3684_sidecar_watcher_e2e_test.py::test_5_negative_control_watcher_disabled_no_pickup_sender_escalated [t3684-e2e 02:32:54] evidence: /opt/999-Agentic-Engineering-Framework/docs/reports/T-3684-e2e-5-negative-control.json
PASSED
tests/integration/t3684_sidecar_watcher_e2e_test.py::test_6_two_sessions_one_project_idle_gets_it_busy_pty_gets_nothing [t3684-e2e 02:32:59] C1: accepted folder trust
[t3684-e2e 02:33:05] C1: tl-vsta3ada ready (its own Stop hook, session a2ebbf70-312c-44d8-848b-2362d1df0f41)
[t3684-e2e 02:33:11] C2: tl-oiptjhje ready (its own Stop hook, session 2bb89747-e123-45de-9a8c-a0c57906d907)
[t3684-e2e 02:33:22] evidence: /opt/999-Agentic-Engineering-Framework/docs/reports/T-3684-e2e-6-two-sessions.json
PASSED

======================== 7 passed in 562.16s (0:09:22) =========================
EXIT 0
