=== procAsFit orchestration: 9 rounds ===
mandate: .context/working/procasfit9/mandate.md (4657 bytes, sha 0a790d8efe0e)
quota policy: wait_for_reset=1 max_waits_per_round=3

round 1: handback already present — skipping (resume)
round 2/9: dispatching (19444 bytes; feed=round1-handback.md; +predecessor-note)
round 2: exit=0 2528s handback=15352B -> OK
round 3/9: dispatching (22220 bytes; feed=round2-handback.md; +predecessor-note)
round 3: exit=0 3649s handback=38320B -> OK
round 4/9: dispatching (45286 bytes; feed=round3-handback.md; +predecessor-note)
round 4: exit=0 243s handback=12564B -> OK
round 5/9: dispatching (19530 bytes; feed=round4-handback.md; +predecessor-note)
round 5: exit=0 164s handback=9270B -> OK
round 6/9: dispatching (16073 bytes; feed=round5-handback.md; +predecessor-note)
round 6: exit=0 93s handback=5913B -> OK
round 7/9: dispatching (12716 bytes; feed=round6-handback.md; +predecessor-note)
round 7: exit=0 74s handback=5833B -> OK
round 8/9: dispatching (12636 bytes; feed=round7-handback.md; +predecessor-note)
round 8: exit=0 70s handback=6006B -> OK
round 9/9: dispatching (12809 bytes; feed=round8-handback.md; +predecessor-note)
round 9: exit=0 54s handback=5498B -> OK

=== RUN LOG ===
round	dispatched_at	exit	secs	prompt_bytes	handback_bytes	verdict
1	2026-09-28T22:47:48Z	0	3831	4872	12514	OK
2	2026-09-28T23:51:39Z	1	1571	17436	0	FAILED-NO-HANDBACK
3	2026-09-29T00:17:50Z	1	4	17642	0	FAILED-NO-HANDBACK
4	2026-09-29T00:17:54Z	1	5	17642	0	FAILED-NO-HANDBACK
5	2026-09-29T00:17:59Z	1	5	17642	0	FAILED-NO-HANDBACK
6	2026-09-29T00:18:04Z	1	4	17642	0	FAILED-NO-HANDBACK
7	2026-09-29T00:18:09Z	1	4	17642	0	FAILED-NO-HANDBACK
8	2026-09-29T00:18:13Z	1	5	17642	0	FAILED-NO-HANDBACK
9	2026-09-29T00:18:18Z	1	5	17642	0	FAILED-NO-HANDBACK
2	2026-09-29T07:39:31Z	0	2528	19444	15352	OK
3	2026-09-29T08:40:20Z	0	3649	22220	38320	OK
4	2026-09-29T08:44:23Z	0	243	45286	12564	OK
5	2026-09-29T08:47:07Z	0	164	19530	9270	OK
6	2026-09-29T08:48:40Z	0	93	16073	5913	OK
7	2026-09-29T08:49:54Z	0	74	12716	5833	OK
8	2026-09-29T08:51:04Z	0	70	12636	6006	OK
9	2026-09-29T08:51:59Z	0	54	12809	5498	OK

rounds with a real handback: 9
rounds that did not:         8
quota waits absorbed:        0 (not rounds — the same round retried)
NOTE: the failed rounds are listed above by verdict. They are not skipped rounds.
